11-13 00:13:44.861   911  1485 D PowerManagerService: updateWakeLockSummaryLocked: mWakefulness=Awake, mWakeLockSummary=0x1
11-13 00:13:44.861   911  1485 D PowerManagerService: updateUserActivitySummaryLocked: mWakefulness=Awake, mUserActivitySummary=0x9, nextTimeout=69234259 (in 1674618 ms)
11-13 00:13:44.862   911  1485 D DisplayPowerController: requestPowerState: policy=BRIGHT, useProximitySensor=false, screenBrightness=102, screenAutoBrightnessAdjustment=0.35253906, brightnessSetByUser=true, useAutoBrightness=true, blockScreenOn=false, lowPowerMode=false, boostScreenBrightness=false, dozeScreenBrightness=-1, dozeScreenState=UNKNOWN, waitForNegativeProximity=false
11-13 00:13:44.862   911  1485 I PowerManagerService: setBrightness mButtonLight, screenBrightness=102
11-13 00:13:44.862   911  1485 D PowerManagerService: updateDisplayPowerStateLocked: mDisplayReady=true, policy=3, mWakefulness=1, mWakeLockSummary=0x1, mUserActivitySummary=0x9, mBootCompleted=true, mScreenBrightnessBoostInProgress=false
11-13 00:13:44.862   911  1485 D PowerManagerNotifier: onWakeLockAcquired: flags=1, tag="BackgroundTaskService-LoginAccountsTask", packageName=com.google.android.apps.photos, ownerUid=10088, ownerPid=30135, workSource=null
11-13 00:13:44.863 30135 30135 D ActivityThread: BDC-RECEIVER handled : 0 / ReceiverData{intent=Intent { act=android.intent.action.PACKAGE_REPLACED dat=package:com.computedsynergy.iot.home.remote flg=0x4000010 cmp=com.google.android.apps.photos/.backgroundsignin.BackgroundSignInBroadcastReceiver (has extras) } packageName=com.google.android.apps.photos resultCode=0 resultData=null resultExtras=null}
11-13 00:13:44.864   911  1622 D PowerManagerService: releaseWakeLockInternal: lock=3319276 [BackgroundTaskService-LoginAccountsTask], flags=0x0, total_time=3ms
11-13 00:13:44.864   911  1622 D PowerManagerNotifier: onWakeLockReleased: flags=1, tag="BackgroundTaskService-LoginAccountsTask", packageName=com.google.android.apps.photos, ownerUid=10088, ownerPid=30135, workSource=null
11-13 00:13:44.864   911  1622 D PowerManagerService: updateWakeLockSummaryLocked: mWakefulness=Awake, mWakeLockSummary=0x1
11-13 00:13:44.864   911  1622 D PowerManagerService: updateUserActivitySummaryLocked: mWakefulness=Awake, mUserActivitySummary=0x9, nextTimeout=69234259 (in 1674615 ms)
11-13 00:13:44.864   911  1622 D DisplayPowerController: requestPowerState: policy=BRIGHT, useProximitySensor=false, screenBrightness=102, screenAutoBrightnessAdjustment=0.35253906, brightnessSetByUser=true, useAutoBrightness=true, blockScreenOn=false, lowPowerMode=false, boostScreenBrightness=false, dozeScreenBrightness=-1, dozeScreenState=UNKNOWN, waitForNegativeProximity=false
11-13 00:13:44.864   911  1622 I PowerManagerService: setBrightness mButtonLight, screenBrightness=102
11-13 00:13:44.864   911  1622 D PowerManagerService: updateDisplayPowerStateLocked: mDisplayReady=true, policy=3, mWakefulness=1, mWakeLockSummary=0x1, mUserActivitySummary=0x9, mBootCompleted=true, mScreenBrightnessBoostInProgress=false
11-13 00:13:44.865 30135 30135 D ActivityThread: SVC-Creating service: CreateServiceData{token=android.os.BinderProxy@18d5791 className=com.google.android.libraries.social.async.BackgroundTaskService packageName=com.google.android.apps.photos intent=null}
11-13 00:13:44.865   911  1622 D AlarmManager: manual remove option = PendingIntent{4a6bdb5: PendingIntentRecord{c23d8a1 com.google.android.gms broadcastIntent}}
11-13 00:13:44.865   911  1622 D AlarmManager: remove(operation) changed bounds; rebatching operation = PendingIntent{4a6bdb5: PendingIntentRecord{c23d8a1 com.google.android.gms broadcastIntent}}
11-13 00:13:44.865   911  1622 D AlarmManager: rebatchAllAlarmsLocked begin oldBatches count = 202
11-13 00:13:44.865   911  1622 D AlarmManager: rebatchAllAlarmsLocked  batch.size() = 1
11-13 00:13:44.865   911  1622 D AlarmManager:  whichBatch = -1
11-13 00:13:44.865 30135 30135 D ActivityThread: SVC-CREATE_SERVICE handled : 0 / CreateServiceData{token=android.os.BinderProxy@18d5791 className=com.google.android.libraries.social.async.BackgroundTaskService packageName=com.google.android.apps.photos intent=null}
11-13 00:13:44.865   911  1622 D AlarmManager: rebatchAllAlarmsLocked  batch.size() = 1
11-13 00:13:44.865   911  1622 D AlarmManager:  whichBatch = -1
11-13 00:13:44.865   911  1622 D AlarmManager: rebatchAllAlarmsLocked  batch.size() = 1
11-13 00:13:44.865 30135 30135 D ActivityThread: SVC-Calling onStartCommand: com.google.android.libraries.social.async.BackgroundTaskService@502a6f6, flags=0, startId=1
11-13 00:13:44.865   911  1622 D AlarmManager:  whichBatch = -1
11-13 00:13:44.865   911  1622 D AlarmManager: rebatchAllAlarmsLocked  batch.size() = 1
11-13 00:13:44.866   911  1622 D AlarmManager:  whichBatch = -1
11-13 00:13:44.866   911  1622 D AlarmManager: rebatchAllAlarmsLocked  batch.size() = 1
11-13 00:13:44.866   911  1622 D AlarmManager:  whichBatch = -1
11-13 00:13:44.866 30135 30135 D ActivityThread: SVC-SERVICE_ARGS handled : 0 / ServiceArgsData{token=android.os.BinderProxy@18d5791 startId=1 args=Intent { cmp=com.google.android.apps.photos/com.google.android.libraries.social.async.BackgroundTaskService }}
11-13 00:13:44.866   911  1622 D AlarmManager: rebatchAllAlarmsLocked  batch.size() = 1
11-13 00:13:44.866  2647  2647 D ActivityThread: SVC-Calling onStartCommand: com.google.android.gms.icing.proxy.UpdateIcingCorporaService@435aa68, flags=0, startId=2
11-13 00:13:44.866   911  1622 D AlarmManager:  whichBatch = -1
11-13 00:13:44.866   911  1622 D AlarmManager: rebatchAllAlarmsLocked  batch.size() = 1
11-13 00:13:44.866   911  1622 D AlarmManager:  whichBatch = -1
11-13 00:13:44.866  2647  2647 D ActivityThread: SVC-SERVICE_ARGS handled : 0 / ServiceArgsData{token=android.os.BinderProxy@6906705 startId=2 args=Intent { act=ACTION_UPDATE cmp=com.google.android.gms/.icing.proxy.UpdateIcingCorporaService (has extras) }}
11-13 00:13:44.866   911  1622 D AlarmManager: rebatchAllAlarmsLocked  batch.size() = 1
11-13 00:13:44.866 30135 30135 D ActivityThread: BDC-Calling onReceive: intent=Intent { act=android.intent.action.PACKAGE_REPLACED dat=package:com.computedsynergy.iot.home.remote flg=0x4000010 cmp=com.google.android.apps.photos/.experiments.phenotype.AppUpgradeBroadcastReceiver (has extras) }, receiver=com.google.android.apps.photos.experiments.phenotype.AppUpgradeBroadcastReceiver@9443af7
11-13 00:13:44.866   911  1622 D AlarmManager:  whichBatch = -1
11-13 00:13:44.866   911  1622 D AlarmManager: rebatchAllAlarmsLocked  batch.size() = 1
11-13 00:13:44.866   911  1622 D AlarmManager:  whichBatch = -1
11-13 00:13:44.866   911  1622 D AlarmManager: rebatchAllAlarmsLocked  batch.size() = 1
11-13 00:13:44.866  2647  2647 D ActivityThread: SVC-Calling onStartCommand: com.google.android.gms.chimera.GmsIntentOperationService@b12e454, flags=0, startId=13
11-13 00:13:44.866   911  1622 D AlarmManager:  whichBatch = -1
11-13 00:13:44.866   911  1622 D AlarmManager: rebatchAllAlarmsLocked  batch.size() = 1
11-13 00:13:44.866   911  1622 D AlarmManager:  whichBatch = -1
11-13 00:13:44.866   911  1622 D AlarmManager: rebatchAllAlarmsLocked  batch.size() = 1
11-13 00:13:44.866  2647  2647 D ActivityThread: SVC-SERVICE_ARGS handled : 0 / ServiceArgsData{token=android.os.BinderProxy@b38d7a7 startId=13 args=Intent { act=com.google.android.chimera.container.IntentOperationService.KEEPALIVE cmp=com.google.android.gms/.chimera.GmsIntentOperationService }}
11-13 00:13:44.866   911  1622 D AlarmManager:  whichBatch = -1
11-13 00:13:44.866   911  1622 D AlarmManager: rebatchAllAlarmsLocked  batch.size() = 1
11-13 00:13:44.866  2647  2647 D ActivityThread: SVC-Calling onStartCommand: com.google.android.gms.chimera.GmsIntentOperationService@b12e454, flags=0, startId=14
11-13 00:13:44.866   911  1622 D AlarmManager:  whichBatch = -1
11-13 00:13:44.866   911  1622 D AlarmManager: rebatchAllAlarmsLocked  batch.size() = 1
11-13 00:13:44.866   911  1622 D AlarmManager:  whichBatch = -1
11-13 00:13:44.866  2647  2647 D ActivityThread: SVC-SERVICE_ARGS handled : 0 / ServiceArgsData{token=android.os.BinderProxy@b38d7a7 startId=14 args=Intent { act=com.google.android.chimera.container.IntentOperationService.KEEPALIVE cmp=com.google.android.gms/.chimera.GmsIntentOperationService }}
11-13 00:13:44.866   911  1622 D AlarmManager: rebatchAllAlarmsLocked  batch.size() = 1
11-13 00:13:44.866   911  1622 D AlarmManager:  whichBatch = -1
11-13 00:13:44.866   911  1622 D AlarmManager: rebatchAllAlarmsLocked  batch.size() = 1
11-13 00:13:44.866   911  1622 D AlarmManager:  whichBatch = -1
11-13 00:13:44.866   911  1622 D AlarmManager: rebatchAllAlarmsLocked  batch.size() = 1
11-13 00:13:44.867   911  1622 D AlarmManager:  whichBatch = -1
11-13 00:13:44.867   911  1622 D AlarmManager: rebatchAllAlarmsLocked  batch.size() = 1
11-13 00:13:44.867   911  1622 D AlarmManager:  whichBatch = -1
11-13 00:13:44.867   911  1622 D AlarmManager: rebatchAllAlarmsLocked  batch.size() = 1
11-13 00:13:44.867   911  1622 D AlarmManager:  whichBatch = -1
11-13 00:13:44.867   911  1622 D AlarmManager: rebatchAllAlarmsLocked  batch.size() = 1
11-13 00:13:44.867   911  1622 D AlarmManager:  whichBatch = -1
11-13 00:13:44.867   911  1622 D AlarmManager: rebatchAllAlarmsLocked  batch.size() = 1
11-13 00:13:44.867   911  1622 D AlarmManager:  whichBatch = -1
11-13 00:13:44.867   911  1622 D AlarmManager: rebatchAllAlarmsLocked  batch.size() = 1
11-13 00:13:44.867   911  1622 D AlarmManager:  whichBatch = -1
11-13 00:13:44.867   911  1622 D AlarmManager: rebatchAllAlarmsLocked  batch.size() = 1
11-13 00:13:44.867   911  1622 D AlarmManager:  whichBatch = -1
11-13 00:13:44.867   911  1622 D AlarmManager: rebatchAllAlarmsLocked  batch.size() = 1
11-13 00:13:44.867   911  1622 D AlarmManager:  whichBatch = -1
11-13 00:13:44.867   911  1622 D AlarmManager: rebatchAllAlarmsLocked  batch.size() = 1
11-13 00:13:44.867   911  1622 D AlarmManager:  whichBatch = -1
11-13 00:13:44.867   911  1622 D AlarmManager: rebatchAllAlarmsLocked  batch.size() = 1
11-13 00:13:44.867   911  1622 D AlarmManager:  whichBatch = -1
11-13 00:13:44.867   911  1622 D AlarmManager: rebatchAllAlarmsLocked  batch.size() = 1
11-13 00:13:44.867   911  1622 D AlarmManager:  whichBatch = -1
11-13 00:13:44.867   911  1622 D AlarmManager: rebatchAllAlarmsLocked  batch.size() = 1
11-13 00:13:44.867   911  1622 D AlarmManager:  whichBatch = -1
11-13 00:13:44.867   911  1622 D AlarmManager: rebatchAllAlarmsLocked  batch.size() = 1
11-13 00:13:44.868   911  1622 D AlarmManager:  whichBatch = -1
11-13 00:13:44.868   911  1622 D AlarmManager: rebatchAllAlarmsLocked  batch.size() = 1
11-13 00:13:44.868   911  1622 D AlarmManager:  whichBatch = -1
11-13 00:13:44.868   911  1622 D AlarmManager: rebatchAllAlarmsLocked  batch.size() = 1
11-13 00:13:44.868   911  1622 D AlarmManager:  whichBatch = -1
11-13 00:13:44.868   911  1622 D AlarmManager: rebatchAllAlarmsLocked  batch.size() = 1
11-13 00:13:44.868   911  1622 D AlarmManager:  whichBatch = -1
11-13 00:13:44.868   911  1622 D AlarmManager: rebatchAllAlarmsLocked  batch.size() = 1
11-13 00:13:44.868   911  1622 D AlarmManager:  whichBatch = -1
11-13 00:13:44.868   911  1622 D AlarmManager: rebatchAllAlarmsLocked  batch.size() = 1
11-13 00:13:44.868   911  1622 D AlarmManager:  whichBatch = -1
11-13 00:13:44.868   911  1622 D AlarmManager: rebatchAllAlarmsLocked  batch.size() = 1
11-13 00:13:44.868   911  1622 D AlarmManager:  whichBatch = -1
11-13 00:13:44.868   911  1622 D AlarmManager: rebatchAllAlarmsLocked  batch.size() = 1
11-13 00:13:44.868   911  1622 D AlarmManager:  whichBatch = -1
11-13 00:13:44.868   911  1622 D AlarmManager: rebatchAllAlarmsLocked  batch.size() = 1
11-13 00:13:44.868   911  1622 D AlarmManager:  whichBatch = -1
11-13 00:13:44.868   911  1622 D AlarmManager: rebatchAllAlarmsLocked  batch.size() = 1
11-13 00:13:44.868   911  1622 D AlarmManager:  whichBatch = -1
11-13 00:13:44.868   911  1622 D AlarmManager: rebatchAllAlarmsLocked  batch.size() = 1
11-13 00:13:44.868   911  1622 D AlarmManager:  whichBatch = -1
11-13 00:13:44.868   911  1622 D AlarmManager: rebatchAllAlarmsLocked  batch.size() = 1
11-13 00:13:44.868   911  1622 D AlarmManager:  whichBatch = -1
11-13 00:13:44.868   911  1622 D AlarmManager: rebatchAllAlarmsLocked  batch.size() = 1
11-13 00:13:44.868   911  1622 D AlarmManager:  whichBatch = -1
11-13 00:13:44.869   911  1622 D AlarmManager: rebatchAllAlarmsLocked  batch.size() = 1
11-13 00:13:44.869   911  1622 D AlarmManager:  whichBatch = -1
11-13 00:13:44.869   911  1622 D AlarmManager: rebatchAllAlarmsLocked  batch.size() = 1
11-13 00:13:44.869   911  1622 D AlarmManager:  whichBatch = -1
11-13 00:13:44.869   911  1622 D AlarmManager: rebatchAllAlarmsLocked  batch.size() = 1
11-13 00:13:44.869   911  1622 D AlarmManager:  whichBatch = -1
11-13 00:13:44.869   911  1622 D AlarmManager: rebatchAllAlarmsLocked  batch.size() = 1
11-13 00:13:44.869   911  1622 D AlarmManager:  whichBatch = -1
11-13 00:13:44.869   911  1622 D AlarmManager: rebatchAllAlarmsLocked  batch.size() = 1
11-13 00:13:44.869   911  1622 D AlarmManager:  whichBatch = -1
11-13 00:13:44.869   911  1622 D AlarmManager: rebatchAllAlarmsLocked  batch.size() = 1
11-13 00:13:44.869   911  1622 D AlarmManager:  whichBatch = -1
11-13 00:13:44.869   911  1622 D AlarmManager: rebatchAllAlarmsLocked  batch.size() = 1
11-13 00:13:44.869   911  1622 D AlarmManager:  whichBatch = -1
11-13 00:13:44.869   911  1622 D AlarmManager: rebatchAllAlarmsLocked  batch.size() = 1
11-13 00:13:44.869   911  1622 D AlarmManager:  whichBatch = -1
11-13 00:13:44.869   911  1622 D AlarmManager: rebatchAllAlarmsLocked  batch.size() = 1
11-13 00:13:44.869   911  1622 D AlarmManager:  whichBatch = -1
11-13 00:13:44.869   911  1622 D AlarmManager: rebatchAllAlarmsLocked  batch.size() = 1
11-13 00:13:44.869   911  1622 D AlarmManager:  whichBatch = -1
11-13 00:13:44.869   911  1622 D AlarmManager: rebatchAllAlarmsLocked  batch.size() = 1
11-13 00:13:44.869   911  1622 D AlarmManager:  whichBatch = -1
11-13 00:13:44.869   911  1622 D AlarmManager: rebatchAllAlarmsLocked  batch.size() = 1
11-13 00:13:44.869   911  1622 D AlarmManager:  whichBatch = -1
11-13 00:13:44.869   911  1622 D AlarmManager: rebatchAllAlarmsLocked  batch.size() = 1
11-13 00:13:44.869   911  1622 D AlarmManager:  whichBatch = -1
11-13 00:13:44.869   911  1622 D AlarmManager: rebatchAllAlarmsLocked  batch.size() = 1
11-13 00:13:44.870   911  1622 D AlarmManager:  whichBatch = -1
11-13 00:13:44.870   911  1622 D AlarmManager: rebatchAllAlarmsLocked  batch.size() = 1
11-13 00:13:44.870   911  1622 D AlarmManager:  whichBatch = -1
11-13 00:13:44.870   911  1622 D AlarmManager: rebatchAllAlarmsLocked  batch.size() = 1
11-13 00:13:44.870   911  1622 D AlarmManager:  whichBatch = -1
11-13 00:13:44.871   911  1622 D AlarmManager: rebatchAllAlarmsLocked  batch.size() = 1
11-13 00:13:44.871   911  1622 D AlarmManager:  whichBatch = -1
11-13 00:13:44.871   911  1622 D AlarmManager: rebatchAllAlarmsLocked  batch.size() = 1
11-13 00:13:44.871   911  1622 D AlarmManager:  whichBatch = -1
11-13 00:13:44.871   911  1622 D AlarmManager: rebatchAllAlarmsLocked  batch.size() = 1
11-13 00:13:44.871   911  1622 D AlarmManager:  whichBatch = -1
11-13 00:13:44.871   911  1622 D AlarmManager: rebatchAllAlarmsLocked  batch.size() = 1
11-13 00:13:44.871   911  1622 D AlarmManager:  whichBatch = -1
11-13 00:13:44.871   911  1622 D AlarmManager: rebatchAllAlarmsLocked  batch.size() = 1
11-13 00:13:44.872   911  1622 D AlarmManager:  whichBatch = -1
11-13 00:13:44.872   911  1622 D AlarmManager: rebatchAllAlarmsLocked  batch.size() = 1
11-13 00:13:44.872   911  1622 D AlarmManager:  whichBatch = -1
11-13 00:13:44.872   911  1622 D AlarmManager: rebatchAllAlarmsLocked  batch.size() = 1
11-13 00:13:44.872   911  1622 D AlarmManager:  whichBatch = -1
11-13 00:13:44.872   911  1622 D AlarmManager: rebatchAllAlarmsLocked  batch.size() = 1
11-13 00:13:44.872   911  1622 D AlarmManager:  whichBatch = -1
11-13 00:13:44.872   911  1622 D AlarmManager: rebatchAllAlarmsLocked  batch.size() = 1
11-13 00:13:44.872   911  1622 D AlarmManager:  whichBatch = -1
11-13 00:13:44.872   911  1622 D AlarmManager: rebatchAllAlarmsLocked  batch.size() = 1
11-13 00:13:44.872   911  1622 D AlarmManager:  whichBatch = -1
11-13 00:13:44.872   911  1622 D AlarmManager: rebatchAllAlarmsLocked  batch.size() = 1
11-13 00:13:44.872   911  1622 D AlarmManager:  whichBatch = -1
11-13 00:13:44.872   911  1622 D AlarmManager: rebatchAllAlarmsLocked  batch.size() = 1
11-13 00:13:44.872   911  1622 D AlarmManager:  whichBatch = -1
11-13 00:13:44.872   911  1622 D AlarmManager: rebatchAllAlarmsLocked  batch.size() = 1
11-13 00:13:44.872   911  1622 D AlarmManager:  whichBatch = -1
11-13 00:13:44.872   911  1622 D AlarmManager: rebatchAllAlarmsLocked  batch.size() = 1
11-13 00:13:44.872   911  1622 D AlarmManager:  whichBatch = -1
11-13 00:13:44.872   911  1622 D AlarmManager: rebatchAllAlarmsLocked  batch.size() = 1
11-13 00:13:44.872   911  1622 D AlarmManager:  whichBatch = -1
11-13 00:13:44.872   911  1622 D AlarmManager: rebatchAllAlarmsLocked  batch.size() = 1
11-13 00:13:44.873   911  1622 D AlarmManager:  whichBatch = -1
11-13 00:13:44.873   911  1622 D AlarmManager: rebatchAllAlarmsLocked  batch.size() = 1
11-13 00:13:44.873   911  1622 D AlarmManager:  whichBatch = -1
11-13 00:13:44.873   911  1622 D AlarmManager: rebatchAllAlarmsLocked  batch.size() = 1
11-13 00:13:44.873   911  1622 D AlarmManager:  whichBatch = -1
11-13 00:13:44.873   911  1622 D AlarmManager: rebatchAllAlarmsLocked  batch.size() = 1
11-13 00:13:44.873   911  1622 D AlarmManager:  whichBatch = -1
11-13 00:13:44.873   911  1622 D AlarmManager: rebatchAllAlarmsLocked  batch.size() = 1
11-13 00:13:44.873   911  1622 D AlarmManager:  whichBatch = -1
11-13 00:13:44.873   911  1622 D AlarmManager: rebatchAllAlarmsLocked  batch.size() = 1
11-13 00:13:44.873   911  1622 D AlarmManager:  whichBatch = -1
11-13 00:13:44.873   911  1622 D AlarmManager: rebatchAllAlarmsLocked  batch.size() = 1
11-13 00:13:44.873   911  1622 D AlarmManager:  whichBatch = -1
11-13 00:13:44.873   911  1622 D AlarmManager: rebatchAllAlarmsLocked  batch.size() = 1
11-13 00:13:44.873   911  1622 D AlarmManager:  whichBatch = -1
11-13 00:13:44.873   911  1622 D AlarmManager: rebatchAllAlarmsLocked  batch.size() = 1
11-13 00:13:44.873   911  1622 D AlarmManager:  whichBatch = -1
11-13 00:13:44.873   911  1622 D AlarmManager: rebatchAllAlarmsLocked  batch.size() = 1
11-13 00:13:44.873   911  1622 D AlarmManager:  whichBatch = -1
11-13 00:13:44.873   911  1622 D AlarmManager: rebatchAllAlarmsLocked  batch.size() = 1
11-13 00:13:44.873   911  1622 D AlarmManager:  whichBatch = -1
11-13 00:13:44.873   911  1622 D AlarmManager: rebatchAllAlarmsLocked  batch.size() = 1
11-13 00:13:44.873   911  1622 D AlarmManager:  whichBatch = -1
11-13 00:13:44.874   911  1622 D AlarmManager: rebatchAllAlarmsLocked  batch.size() = 1
11-13 00:13:44.874   911  1622 D AlarmManager:  whichBatch = -1
11-13 00:13:44.874   911  1622 D AlarmManager: rebatchAllAlarmsLocked  batch.size() = 1
11-13 00:13:44.874   911  1622 D AlarmManager:  whichBatch = -1
11-13 00:13:44.874   911  1622 D AlarmManager: rebatchAllAlarmsLocked  batch.size() = 1
11-13 00:13:44.874   911  1622 D AlarmManager:  whichBatch = -1
11-13 00:13:44.874   911  1622 D AlarmManager: rebatchAllAlarmsLocked  batch.size() = 1
11-13 00:13:44.874   911  1622 D AlarmManager:  whichBatch = -1
11-13 00:13:44.874   911  1622 D AlarmManager: rebatchAllAlarmsLocked  batch.size() = 1
11-13 00:13:44.874   911  1622 D AlarmManager:  whichBatch = -1
11-13 00:13:44.874   911  1622 D AlarmManager: rebatchAllAlarmsLocked  batch.size() = 1
11-13 00:13:44.874   911  1622 D AlarmManager:  whichBatch = -1
11-13 00:13:44.874   911  1622 D AlarmManager: rebatchAllAlarmsLocked  batch.size() = 1
11-13 00:13:44.874   911  1622 D AlarmManager:  whichBatch = -1
11-13 00:13:44.874   911  1622 D AlarmManager: rebatchAllAlarmsLocked  batch.size() = 1
11-13 00:13:44.874   911  1622 D AlarmManager:  whichBatch = -1
11-13 00:13:44.874   911  1622 D AlarmManager: rebatchAllAlarmsLocked  batch.size() = 1
11-13 00:13:44.874   911  1622 D AlarmManager:  whichBatch = -1
11-13 00:13:44.874   911  1622 D AlarmManager: rebatchAllAlarmsLocked  batch.size() = 1
11-13 00:13:44.874   911  1622 D AlarmManager:  whichBatch = -1
11-13 00:13:44.874   911  1622 D AlarmManager: rebatchAllAlarmsLocked  batch.size() = 1
11-13 00:13:44.874   911  1622 D AlarmManager:  whichBatch = -1
11-13 00:13:44.874   911  1622 D AlarmManager: rebatchAllAlarmsLocked  batch.size() = 1
11-13 00:13:44.874   911  1622 D AlarmManager:  whichBatch = -1
11-13 00:13:44.874   911  1622 D AlarmManager: rebatchAllAlarmsLocked  batch.size() = 1
11-13 00:13:44.875   911  1622 D AlarmManager:  whichBatch = -1
11-13 00:13:44.875   911  1622 D AlarmManager: rebatchAllAlarmsLocked  batch.size() = 1
11-13 00:13:44.875   911  1622 D AlarmManager:  whichBatch = -1
11-13 00:13:44.875   911  1622 D AlarmManager: rebatchAllAlarmsLocked  batch.size() = 1
11-13 00:13:44.875   911  1622 D AlarmManager:  whichBatch = -1
11-13 00:13:44.875   911  1622 D AlarmManager: rebatchAllAlarmsLocked  batch.size() = 1
11-13 00:13:44.875   911  1622 D AlarmManager:  whichBatch = -1
11-13 00:13:44.875   911  1622 D AlarmManager: rebatchAllAlarmsLocked  batch.size() = 1
11-13 00:13:44.875   911  1622 D AlarmManager:  whichBatch = -1
11-13 00:13:44.875   911  1622 D AlarmManager: rebatchAllAlarmsLocked  batch.size() = 1
11-13 00:13:44.875   911  1622 D AlarmManager:  whichBatch = -1
11-13 00:13:44.875   911  1622 D AlarmManager: rebatchAllAlarmsLocked  batch.size() = 1
11-13 00:13:44.875   911  1622 D AlarmManager:  whichBatch = -1
11-13 00:13:44.875   911  1622 D AlarmManager: rebatchAllAlarmsLocked  batch.size() = 1
11-13 00:13:44.875   911  1622 D AlarmManager:  whichBatch = -1
11-13 00:13:44.875   911  1622 D AlarmManager: rebatchAllAlarmsLocked  batch.size() = 1
11-13 00:13:44.875   911  1622 D AlarmManager:  whichBatch = -1
11-13 00:13:44.875   911  1622 D AlarmManager: rebatchAllAlarmsLocked  batch.size() = 1
11-13 00:13:44.875   911  1622 D AlarmManager:  whichBatch = -1
11-13 00:13:44.875   911  1622 D AlarmManager: rebatchAllAlarmsLocked  batch.size() = 1
11-13 00:13:44.875   911  1622 D AlarmManager:  whichBatch = -1
11-13 00:13:44.875   911  1622 D AlarmManager: rebatchAllAlarmsLocked  batch.size() = 1
11-13 00:13:44.875   911  1622 D AlarmManager:  whichBatch = -1
11-13 00:13:44.875   911  1622 D AlarmManager: rebatchAllAlarmsLocked  batch.size() = 1
11-13 00:13:44.876   911  1622 D AlarmManager:  whichBatch = -1
11-13 00:13:44.876   911  1622 D AlarmManager: rebatchAllAlarmsLocked  batch.size() = 1
11-13 00:13:44.876   911  1622 D AlarmManager:  whichBatch = -1
11-13 00:13:44.876   911  1622 D AlarmManager: rebatchAllAlarmsLocked  batch.size() = 1
11-13 00:13:44.876   911  1622 D AlarmManager:  whichBatch = -1
11-13 00:13:44.876   911  1622 D AlarmManager: rebatchAllAlarmsLocked  batch.size() = 1
11-13 00:13:44.876   911  1622 D AlarmManager:  whichBatch = -1
11-13 00:13:44.876   911  1622 D AlarmManager: rebatchAllAlarmsLocked  batch.size() = 1
11-13 00:13:44.876   911  1622 D AlarmManager:  whichBatch = -1
11-13 00:13:44.876   911  1622 D AlarmManager: rebatchAllAlarmsLocked  batch.size() = 1
11-13 00:13:44.876   911  1622 D AlarmManager:  whichBatch = -1
11-13 00:13:44.876   911  1622 D AlarmManager: rebatchAllAlarmsLocked  batch.size() = 1
11-13 00:13:44.876   911  1622 D AlarmManager:  whichBatch = -1
11-13 00:13:44.876   911  1622 D AlarmManager: rebatchAllAlarmsLocked  batch.size() = 1
11-13 00:13:44.876   911  1622 D AlarmManager:  whichBatch = -1
11-13 00:13:44.876   911  1622 D AlarmManager: rebatchAllAlarmsLocked  batch.size() = 1
11-13 00:13:44.876   911  1622 D AlarmManager:  whichBatch = -1
11-13 00:13:44.877   911  1622 D AlarmManager: rebatchAllAlarmsLocked  batch.size() = 1
11-13 00:13:44.877   911  1622 D AlarmManager:  whichBatch = -1
11-13 00:13:44.877   911  1622 D AlarmManager: rebatchAllAlarmsLocked  batch.size() = 1
11-13 00:13:44.877   911  1622 D AlarmManager:  whichBatch = -1
11-13 00:13:44.877   911  1622 D AlarmManager: rebatchAllAlarmsLocked  batch.size() = 1
11-13 00:13:44.877   911  1622 D AlarmManager:  whichBatch = -1
11-13 00:13:44.877   911  1622 D AlarmManager: rebatchAllAlarmsLocked  batch.size() = 1
11-13 00:13:44.877   911  1622 D AlarmManager:  whichBatch = -1
11-13 00:13:44.877   911  1622 D AlarmManager: rebatchAllAlarmsLocked  batch.size() = 1
11-13 00:13:44.877   911  1622 D AlarmManager:  whichBatch = -1
11-13 00:13:44.877   911  1622 D AlarmManager: rebatchAllAlarmsLocked  batch.size() = 1
11-13 00:13:44.877   911  1622 D AlarmManager:  whichBatch = -1
11-13 00:13:44.877   911  1622 D AlarmManager: rebatchAllAlarmsLocked  batch.size() = 1
11-13 00:13:44.877   911  1622 D AlarmManager:  whichBatch = -1
11-13 00:13:44.877   911  1622 D AlarmManager: rebatchAllAlarmsLocked  batch.size() = 1
11-13 00:13:44.877   911  1622 D AlarmManager:  whichBatch = -1
11-13 00:13:44.877   911  1622 D AlarmManager: rebatchAllAlarmsLocked  batch.size() = 1
11-13 00:13:44.877   911  1622 D AlarmManager:  whichBatch = -1
11-13 00:13:44.877   911  1622 D AlarmManager: rebatchAllAlarmsLocked  batch.size() = 1
11-13 00:13:44.877   911  1622 D AlarmManager:  whichBatch = -1
11-13 00:13:44.877   911  1622 D AlarmManager: rebatchAllAlarmsLocked  batch.size() = 1
11-13 00:13:44.878   911  1622 D AlarmManager:  whichBatch = -1
11-13 00:13:44.878   911  1622 D AlarmManager: rebatchAllAlarmsLocked  batch.size() = 1
11-13 00:13:44.878   911  1622 D AlarmManager:  whichBatch = -1
11-13 00:13:44.878   911  1622 D AlarmManager: rebatchAllAlarmsLocked  batch.size() = 1
11-13 00:13:44.878   911  1622 D AlarmManager:  whichBatch = -1
11-13 00:13:44.878   911  1622 D AlarmManager: rebatchAllAlarmsLocked  batch.size() = 1
11-13 00:13:44.878   911  1622 D AlarmManager:  whichBatch = -1
11-13 00:13:44.878   911  1622 D AlarmManager: rebatchAllAlarmsLocked  batch.size() = 1
11-13 00:13:44.878   911  1622 D AlarmManager:  whichBatch = -1
11-13 00:13:44.878   911  1622 D AlarmManager: rebatchAllAlarmsLocked  batch.size() = 1
11-13 00:13:44.878   911  1622 D AlarmManager:  whichBatch = -1
11-13 00:13:44.878   911  1622 D AlarmManager: rebatchAllAlarmsLocked  batch.size() = 1
11-13 00:13:44.878   911  1622 D AlarmManager:  whichBatch = -1
11-13 00:13:44.878   911  1622 D AlarmManager: rebatchAllAlarmsLocked  batch.size() = 1
11-13 00:13:44.878   911  1622 D AlarmManager:  whichBatch = -1
11-13 00:13:44.878   911  1622 D AlarmManager: rebatchAllAlarmsLocked  batch.size() = 1
11-13 00:13:44.878   911  1622 D AlarmManager:  whichBatch = -1
11-13 00:13:44.878   911  1622 D AlarmManager: rebatchAllAlarmsLocked  batch.size() = 1
11-13 00:13:44.878   911  1622 D AlarmManager:  whichBatch = -1
11-13 00:13:44.878   911  1622 D AlarmManager: rebatchAllAlarmsLocked  batch.size() = 1
11-13 00:13:44.878   911  1622 D AlarmManager:  whichBatch = -1
11-13 00:13:44.878   911  1622 D AlarmManager: rebatchAllAlarmsLocked  batch.size() = 1
11-13 00:13:44.878   911  1622 D AlarmManager:  whichBatch = -1
11-13 00:13:44.879   911  1622 D AlarmManager: rebatchAllAlarmsLocked  batch.size() = 1
11-13 00:13:44.879   911  1622 D AlarmManager:  whichBatch = -1
11-13 00:13:44.879   911  1622 D AlarmManager: rebatchAllAlarmsLocked  batch.size() = 1
11-13 00:13:44.879   911  1622 D AlarmManager:  whichBatch = -1
11-13 00:13:44.879   911  1622 D AlarmManager: rebatchAllAlarmsLocked  batch.size() = 1
11-13 00:13:44.879   911  1622 D AlarmManager:  whichBatch = -1
11-13 00:13:44.879   911  1622 D AlarmManager: rebatchAllAlarmsLocked  batch.size() = 1
11-13 00:13:44.879   911  1622 D AlarmManager:  whichBatch = -1
11-13 00:13:44.879   911  1622 D AlarmManager: rebatchAllAlarmsLocked  batch.size() = 1
11-13 00:13:44.879   911  1622 D AlarmManager:  whichBatch = -1
11-13 00:13:44.879   911  1622 D AlarmManager: rebatchAllAlarmsLocked  batch.size() = 1
11-13 00:13:44.879   911  1622 D AlarmManager:  whichBatch = -1
11-13 00:13:44.879   911  1622 D AlarmManager: rebatchAllAlarmsLocked  batch.size() = 1
11-13 00:13:44.879   911  1622 D AlarmManager:  whichBatch = -1
11-13 00:13:44.879   911  1622 D AlarmManager: rebatchAllAlarmsLocked  batch.size() = 1
11-13 00:13:44.879   911  1622 D AlarmManager:  whichBatch = -1
11-13 00:13:44.879   911  1622 D AlarmManager: rebatchAllAlarmsLocked  batch.size() = 1
11-13 00:13:44.879   911  1622 D AlarmManager:  whichBatch = -1
11-13 00:13:44.879   911  1622 D AlarmManager: rebatchAllAlarmsLocked  batch.size() = 1
11-13 00:13:44.879   911  1622 D AlarmManager:  whichBatch = -1
11-13 00:13:44.879   911  1622 D AlarmManager: rebatchAllAlarmsLocked  batch.size() = 1
11-13 00:13:44.879   911  1622 D AlarmManager:  whichBatch = -1
11-13 00:13:44.879   911  1622 D AlarmManager: rebatchAllAlarmsLocked  batch.size() = 1
11-13 00:13:44.879   911  1622 D AlarmManager:  whichBatch = -1
11-13 00:13:44.880   911  1622 D AlarmManager: rebatchAllAlarmsLocked  batch.size() = 1
11-13 00:13:44.880   911  1622 D AlarmManager:  whichBatch = -1
11-13 00:13:44.880   911  1622 D AlarmManager: rebatchAllAlarmsLocked  batch.size() = 1
11-13 00:13:44.880   911  1622 D AlarmManager:  whichBatch = -1
11-13 00:13:44.880   911  1622 D AlarmManager: rebatchAllAlarmsLocked  batch.size() = 1
11-13 00:13:44.880   911  1622 D AlarmManager:  whichBatch = -1
11-13 00:13:44.880   911  1485 D PowerManagerService: acquireWakeLockInternal: lock=15255483, flags=0x1, tag="BackgroundTaskService-RegisterPhenotypeTask", ws=null, uid=10088, pid=30135
11-13 00:13:44.880   911  1485 D PowerManagerService: updateWakeLockSummaryLocked: mWakefulness=Awake, mWakeLockSummary=0x1
11-13 00:13:44.880   911  1485 D PowerManagerService: updateUserActivitySummaryLocked: mWakefulness=Awake, mUserActivitySummary=0x9, nextTimeout=69234259 (in 1674599 ms)
11-13 00:13:44.881   911  1485 D DisplayPowerController: requestPowerState: policy=BRIGHT, useProximitySensor=false, screenBrightness=102, screenAutoBrightnessAdjustment=0.35253906, brightnessSetByUser=true, useAutoBrightness=true, blockScreenOn=false, lowPowerMode=false, boostScreenBrightness=false, dozeScreenBrightness=-1, dozeScreenState=UNKNOWN, waitForNegativeProximity=false
11-13 00:13:44.881   911  1485 I PowerManagerService: setBrightness mButtonLight, screenBrightness=102
11-13 00:13:44.881   911  1485 D PowerManagerService: updateDisplayPowerStateLocked: mDisplayReady=true, policy=3, mWakefulness=1, mWakeLockSummary=0x1, mUserActivitySummary=0x9, mBootCompleted=true, mScreenBrightnessBoostInProgress=false
11-13 00:13:44.881   911  1485 D PowerManagerNotifier: onWakeLockAcquired: flags=1, tag="BackgroundTaskService-RegisterPhenotypeTask", packageName=com.google.android.apps.photos, ownerUid=10088, ownerPid=30135, workSource=null
11-13 00:13:44.881   911  1622 D AlarmManager: rebatchAllAlarmsLocked  batch.size() = 1
11-13 00:13:44.881   911  1622 D AlarmManager:  whichBatch = -1
11-13 00:13:44.881   911  1622 D AlarmManager: rebatchAllAlarmsLocked  batch.size() = 1
11-13 00:13:44.881   911  1622 D AlarmManager:  whichBatch = -1
11-13 00:13:44.881   911  1622 D AlarmManager: rebatchAllAlarmsLocked  batch.size() = 1
11-13 00:13:44.882   911  1622 D AlarmManager:  whichBatch = -1
11-13 00:13:44.882   911  1622 D AlarmManager: rebatchAllAlarmsLocked  batch.size() = 1
11-13 00:13:44.882   911  1622 D AlarmManager:  whichBatch = -1
11-13 00:13:44.882   911  1622 D AlarmManager: rebatchAllAlarmsLocked  batch.size() = 1
11-13 00:13:44.882   911  1622 D AlarmManager:  whichBatch = -1
11-13 00:13:44.882   911  1622 D AlarmManager: rebatchAllAlarmsLocked  batch.size() = 1
11-13 00:13:44.882   911  1622 D AlarmManager:  whichBatch = -1
11-13 00:13:44.882   911  1622 D AlarmManager: rebatchAllAlarmsLocked  batch.size() = 1
11-13 00:13:44.882   911  1622 D AlarmManager:  whichBatch = -1
11-13 00:13:44.882   911  1622 D AlarmManager: rebatchAllAlarmsLocked  batch.size() = 1
11-13 00:13:44.882   911  1622 D AlarmManager:  whichBatch = -1
11-13 00:13:44.882   911  1622 D AlarmManager: rebatchAllAlarmsLocked  batch.size() = 1
11-13 00:13:44.882   911  1622 D AlarmManager:  whichBatch = -1
11-13 00:13:44.882   911  1622 D AlarmManager: rebatchAllAlarmsLocked  batch.size() = 1
11-13 00:13:44.882   911  1622 D AlarmManager:  whichBatch = -1
11-13 00:13:44.882   911  1622 D AlarmManager: rebatchAllAlarmsLocked  batch.size() = 1
11-13 00:13:44.882   911  1622 D AlarmManager:  whichBatch = -1
11-13 00:13:44.882   911  1622 D AlarmManager: rebatchAllAlarmsLocked  batch.size() = 1
11-13 00:13:44.882   911  1622 D AlarmManager:  whichBatch = -1
11-13 00:13:44.882   911  1622 D AlarmManager: rebatchAllAlarmsLocked  batch.size() = 1
11-13 00:13:44.882   911  1622 D AlarmManager:  whichBatch = -1
11-13 00:13:44.882   911  1622 D AlarmManager: rebatchAllAlarmsLocked  batch.size() = 1
11-13 00:13:44.882   911  1622 D AlarmManager:  whichBatch = -1
11-13 00:13:44.883   911  1622 D AlarmManager: rebatchAllAlarmsLocked  batch.size() = 1
11-13 00:13:44.883   911  1622 D AlarmManager:  whichBatch = -1
11-13 00:13:44.883   911  1622 D AlarmManager: rebatchAllAlarmsLocked  batch.size() = 1
11-13 00:13:44.883   911  1622 D AlarmManager:  whichBatch = -1
11-13 00:13:44.883   911  1622 D AlarmManager: rebatchAllAlarmsLocked  batch.size() = 1
11-13 00:13:44.883   911  1622 D AlarmManager:  whichBatch = -1
11-13 00:13:44.883   911  1622 D AlarmManager: rebatchAllAlarmsLocked  batch.size() = 1
11-13 00:13:44.883   911  1622 D AlarmManager:  whichBatch = -1
11-13 00:13:44.883   911  1622 D AlarmManager: rebatchAllAlarmsLocked  batch.size() = 1
11-13 00:13:44.883   911  1622 D AlarmManager:  whichBatch = -1
11-13 00:13:44.883   911  1622 D AlarmManager: rebatchAllAlarmsLocked  batch.size() = 1
11-13 00:13:44.883   911  1622 D AlarmManager:  whichBatch = -1
11-13 00:13:44.883   911  1622 D AlarmManager: rebatchAllAlarmsLocked  batch.size() = 1
11-13 00:13:44.883   911  1622 D AlarmManager:  whichBatch = -1
11-13 00:13:44.883   911  1622 D AlarmManager: rebatchAllAlarmsLocked  batch.size() = 1
11-13 00:13:44.883   911  1622 D AlarmManager:  whichBatch = -1
11-13 00:13:44.883   911  1622 D AlarmManager: rebatchAllAlarmsLocked  batch.size() = 1
11-13 00:13:44.883   911  1622 D AlarmManager:  whichBatch = -1
11-13 00:13:44.883   911  1622 D AlarmManager: rebatchAllAlarmsLocked  batch.size() = 1
11-13 00:13:44.883   911  1622 D AlarmManager:  whichBatch = -1
11-13 00:13:44.883   911  1622 D AlarmManager: rebatchAllAlarmsLocked  batch.size() = 1
11-13 00:13:44.883   911  1622 D AlarmManager:  whichBatch = -1
11-13 00:13:44.883   911  1622 D AlarmManager: rebatchAllAlarmsLocked  batch.size() = 1
11-13 00:13:44.884   911  1622 D AlarmManager:  whichBatch = -1
11-13 00:13:44.884   911  1622 D AlarmManager: rebatchAllAlarmsLocked  batch.size() = 1
11-13 00:13:44.884   911  1622 D AlarmManager:  whichBatch = -1
11-13 00:13:44.884   911  1622 D AlarmManager: rebatchAllAlarmsLocked  batch.size() = 1
11-13 00:13:44.884   911  1622 D AlarmManager:  whichBatch = -1
11-13 00:13:44.884   911  1622 D AlarmManager: rebatchAllAlarmsLocked  batch.size() = 1
11-13 00:13:44.884   911  1622 D AlarmManager:  whichBatch = -1
11-13 00:13:44.884   911  1622 D AlarmManager: rebatchAllAlarmsLocked  batch.size() = 1
11-13 00:13:44.884   911  1622 D AlarmManager:  whichBatch = -1
11-13 00:13:44.884   911  1622 D AlarmManager: rebatchAllAlarmsLocked  batch.size() = 1
11-13 00:13:44.884   911  1622 D AlarmManager:  whichBatch = -1
11-13 00:13:44.884   911  1622 D AlarmManager: rebatchAllAlarmsLocked  batch.size() = 1
11-13 00:13:44.884   911  1622 D AlarmManager:  whichBatch = -1
11-13 00:13:44.884   911  1622 D AlarmManager: rebatchAllAlarmsLocked  batch.size() = 1
11-13 00:13:44.884   911  1622 D AlarmManager:  whichBatch = -1
11-13 00:13:44.884   911  1622 D AlarmManager: rebatchAllAlarmsLocked  batch.size() = 1
11-13 00:13:44.884   911  1622 D AlarmManager:  whichBatch = -1
11-13 00:13:44.884   911  1622 D AlarmManager: rebatchAllAlarmsLocked  batch.size() = 1
11-13 00:13:44.884   911  1622 D AlarmManager:  whichBatch = -1
11-13 00:13:44.884   911  1622 D AlarmManager: rebatchAllAlarmsLocked  batch.size() = 1
11-13 00:13:44.884   911  1622 D AlarmManager:  whichBatch = -1
11-13 00:13:44.884   911  1622 D AlarmManager: rebatchAllAlarmsLocked  batch.size() = 1
11-13 00:13:44.885   911  1622 D AlarmManager:  whichBatch = -1
11-13 00:13:44.885   911  1622 D AlarmManager: rebatchAllAlarmsLocked  batch.size() = 1
11-13 00:13:44.885   911  1622 D AlarmManager:  whichBatch = -1
11-13 00:13:44.885   911  1622 D AlarmManager: rebatchAllAlarmsLocked  batch.size() = 1
11-13 00:13:44.885   911  1622 D AlarmManager:  whichBatch = -1
11-13 00:13:44.885   911  1622 D AlarmManager: rebatchAllAlarmsLocked  batch.size() = 1
11-13 00:13:44.885   911  1622 D AlarmManager:  whichBatch = -1
11-13 00:13:44.885   911  1622 D AlarmManager: rebatchAllAlarmsLocked  batch.size() = 1
11-13 00:13:44.885   911  1622 D AlarmManager:  whichBatch = -1
11-13 00:13:44.885   911  1622 D AlarmManager: rebatchAllAlarmsLocked  batch.size() = 1
11-13 00:13:44.885   911  1622 D AlarmManager:  whichBatch = -1
11-13 00:13:44.885   911  1622 D AlarmManager: rebatchAllAlarmsLocked  batch.size() = 1
11-13 00:13:44.885   911  1622 D AlarmManager:  whichBatch = -1
11-13 00:13:44.885   911  1622 D AlarmManager: rebatchAllAlarmsLocked  batch.size() = 1
11-13 00:13:44.885   911  1622 D AlarmManager:  whichBatch = -1
11-13 00:13:44.885   911  1622 D AlarmManager: rebatchAllAlarmsLocked  batch.size() = 1
11-13 00:13:44.885   911  1622 D AlarmManager:  whichBatch = -1
11-13 00:13:44.885   911  1622 D AlarmManager: rebatchAllAlarmsLocked  batch.size() = 1
11-13 00:13:44.885   911  1622 D AlarmManager:  whichBatch = -1
11-13 00:13:44.885   911  1622 D AlarmManager: rebatchAllAlarmsLocked  batch.size() = 1
11-13 00:13:44.885   911  1622 D AlarmManager:  whichBatch = -1
11-13 00:13:44.885   911  1622 D AlarmManager: rebatchAllAlarmsLocked  batch.size() = 1
11-13 00:13:44.885   911  1622 D AlarmManager:  whichBatch = -1
11-13 00:13:44.887   911  1462 D PowerManagerService: releaseWakeLockInternal: lock=21142078 [BackgroundTaskService-BackgroundSignInTask], flags=0x0, total_time=28ms
11-13 00:13:44.887   911  1462 D PowerManagerNotifier: onWakeLockReleased: flags=1, tag="BackgroundTaskService-BackgroundSignInTask", packageName=com.google.android.apps.photos, ownerUid=10088, ownerPid=30135, workSource=null
11-13 00:13:44.887   911  1462 D PowerManagerService: updateWakeLockSummaryLocked: mWakefulness=Awake, mWakeLockSummary=0x1
11-13 00:13:44.887   911  1462 D PowerManagerService: updateUserActivitySummaryLocked: mWakefulness=Awake, mUserActivitySummary=0x9, nextTimeout=69234259 (in 1674592 ms)
11-13 00:13:44.888   911  1462 D DisplayPowerController: requestPowerState: policy=BRIGHT, useProximitySensor=false, screenBrightness=102, screenAutoBrightnessAdjustment=0.35253906, brightnessSetByUser=true, useAutoBrightness=true, blockScreenOn=false, lowPowerMode=false, boostScreenBrightness=false, dozeScreenBrightness=-1, dozeScreenState=UNKNOWN, waitForNegativeProximity=false
11-13 00:13:44.888   911  1462 I PowerManagerService: setBrightness mButtonLight, screenBrightness=102
11-13 00:13:44.888   911  1462 D PowerManagerService: updateDisplayPowerStateLocked: mDisplayReady=true, policy=3, mWakefulness=1, mWakeLockSummary=0x1, mUserActivitySummary=0x9, mBootCompleted=true, mScreenBrightnessBoostInProgress=false
11-13 00:13:44.889 30135 30135 D ActivityThread: BDC-RECEIVER handled : 0 / ReceiverData{intent=Intent { act=android.intent.action.PACKAGE_REPLACED dat=package:com.computedsynergy.iot.home.remote flg=0x4000010 cmp=com.google.android.apps.photos/.experiments.phenotype.AppUpgradeBroadcastReceiver (has extras) } packageName=com.google.android.apps.photos resultCode=0 resultData=null resultExtras=null}
11-13 00:13:44.890 30135 30135 D ActivityThread: SVC-Calling onStartCommand: com.google.android.libraries.social.async.BackgroundTaskService@502a6f6, flags=0, startId=2
11-13 00:13:44.890 30135 30135 D ActivityThread: SVC-SERVICE_ARGS handled : 0 / ServiceArgsData{token=android.os.BinderProxy@18d5791 startId=2 args=Intent { cmp=com.google.android.apps.photos/com.google.android.libraries.social.async.BackgroundTaskService }}
11-13 00:13:44.893   911  1622 V ActivityManager: Broadcast: Intent { act=com.google.android.gms.icing.action.CONTACT_CHANGED flg=0x10 pkg=com.google.android.gms (has extras) } ordered=false userid=0 callerApp=ProcessRecord{3cbb219 2647:com.google.android.gms/u0a10}
11-13 00:13:44.894 15460 15460 D ActivityThread: BDC-Calling onReceive: intent=Intent { act=android.intent.action.PACKAGE_REPLACED dat=package:com.computedsynergy.iot.home.remote flg=0x4000010 cmp=com.google.android.googlequicksearchbox/com.google.android.apps.gsa.googlequicksearchbox.GelStubAppWatcher (has extras) }, receiver=com.google.android.apps.gsa.googlequicksearchbox.GelStubAppWatcher@b55db55
11-13 00:13:44.894 15460 15460 D ActivityThread: BDC-RECEIVER handled : 0 / ReceiverData{intent=Intent { act=android.intent.action.PACKAGE_REPLACED dat=package:com.computedsynergy.iot.home.remote flg=0x4000010 cmp=com.google.android.googlequicksearchbox/com.google.android.apps.gsa.googlequicksearchbox.GelStubAppWatcher (has extras) } packageName=com.google.android.googlequicksearchbox resultCode=0 resultData=null resultExtras=null}
11-13 00:13:44.899   911  1631 D PowerManagerService: updateWakeLockWorkSourceInternal: lock=88705094 [Icing], ws=WorkSource{10010 com.google.android.gms, 10025 com.google.android.googlequicksearchbox}
11-13 00:13:44.899   911  1631 D PowerManagerNotifier: onWakeLockChanging: flags=1, tag="Icing", packageName=com.google.android.gms, ownerUid=10010, ownerPid=2647, workSource=WorkSource{10010 com.google.android.gms, 10025 com.google.android.googlequicksearchbox}
11-13 00:13:44.904  2647  2647 D ActivityThread: SVC-Destroying service: com.google.android.gms.icing.proxy.UpdateIcingCorporaService@435aa68
11-13 00:13:44.906  2647  2647 D ActivityThread: SVC-STOP_SERVICE handled : 0 / android.os.BinderProxy@6906705
11-13 00:13:44.913   911   921 D PowerManagerService: updateWakeLockWorkSourceInternal: lock=88705094 [Icing], ws=WorkSource{10010 com.google.android.gms}
11-13 00:13:44.913   911   921 D PowerManagerNotifier: onWakeLockChanging: flags=1, tag="Icing", packageName=com.google.android.gms, ownerUid=10010, ownerPid=2647, workSource=WorkSource{10010 com.google.android.gms}
11-13 00:13:44.922   911   926 V ActivityManager: Broadcast: Intent { act=android.search.action.SEARCHABLES_CHANGED flg=0x24000010 } ordered=false userid=0 callerApp=ProcessRecord{a1ba9eb 911:system/1000}
11-13 00:13:44.926   911  1486 D PowerManagerService: updateWakeLockWorkSourceInternal: lock=88705094 [Icing], ws=WorkSource{10010 com.google.android.gms, 10025 com.google.android.googlequicksearchbox}
11-13 00:13:44.927   911  1486 D PowerManagerNotifier: onWakeLockChanging: flags=1, tag="Icing", packageName=com.google.android.gms, ownerUid=10010, ownerPid=2647, workSource=WorkSource{10010 com.google.android.gms, 10025 com.google.android.googlequicksearchbox}
11-13 00:13:44.943   911   926 V ActivityManager: Broadcast: Intent { act=android.search.action.SEARCHABLES_CHANGED flg=0x24000010 } ordered=false userid=0 callerApp=ProcessRecord{a1ba9eb 911:system/1000}
11-13 00:13:44.967   911  1456 V AlarmManager: APP set(PendingIntent{94a2bfa: PendingIntentRecord{c23d8a1 com.google.android.gms broadcastIntent}}) : type=2 triggerAtTime=202165018 win=-1 tElapsed=202165018 maxElapsed=202280000 interval=0 flags=0x0
11-13 00:13:44.967   911   960 D PowerGuruService: NEW_ALARM
11-13 00:13:44.967   911   960 D PowerGuruService: receive input alarm:
11-13 00:13:44.967   911  1456 D AlarmManager:  whichBatch = -1
11-13 00:13:44.968   911   960 D PowerGuruService: alarm info: packageName = com.google.android.gms, Action = com.google.android.gms.gcm.ACTION_CHECK_QUEUE, Component = null, type = 2, when = 202165018 (2016-11-13 00:16:18), interval = 0, setCount = 1, userSetCount = 0, firstSetTime = 1478978024967 (2016-11-13 00:13:44), isRepeat = false, isFromGMS = false, isAvailable = true, lastSetTime = 2016-11-13 00:13:44, setMinsAlignCount = 0
11-13 00:13:44.968   911   960 D PowerGuruService: Alarm from GMS app
11-13 00:13:44.968   911  1485 D PowerManagerService: releaseWakeLockInternal: lock=170093305 [*net_scheduler*], flags=0x0, total_time=112ms
11-13 00:13:44.968   911  1485 D PowerManagerNotifier: onWakeLockReleased: flags=1, tag="*net_scheduler*", packageName=com.google.android.gms, ownerUid=10010, ownerPid=1897, workSource=WorkSource{10010 com.google.android.gms}
11-13 00:13:44.968   911  1485 D PowerManagerService: updateWakeLockSummaryLocked: mWakefulness=Awake, mWakeLockSummary=0x1
11-13 00:13:44.968   911  1485 D PowerManagerService: updateUserActivitySummaryLocked: mWakefulness=Awake, mUserActivitySummary=0x9, nextTimeout=69234259 (in 1674511 ms)
11-13 00:13:44.968   911  1485 D DisplayPowerController: requestPowerState: policy=BRIGHT, useProximitySensor=false, screenBrightness=102, screenAutoBrightnessAdjustment=0.35253906, brightnessSetByUser=true, useAutoBrightness=true, blockScreenOn=false, lowPowerMode=false, boostScreenBrightness=false, dozeScreenBrightness=-1, dozeScreenState=UNKNOWN, waitForNegativeProximity=false
11-13 00:13:44.968   911  1485 I PowerManagerService: setBrightness mButtonLight, screenBrightness=102
11-13 00:13:44.968   911  1485 D PowerManagerService: updateDisplayPowerStateLocked: mDisplayReady=true, policy=3, mWakefulness=1, mWakeLockSummary=0x1, mUserActivitySummary=0x9, mBootCompleted=true, mScreenBrightnessBoostInProgress=false
11-13 00:13:44.969  1897  1897 D ActivityThread: SVC-Creating service: CreateServiceData{token=android.os.BinderProxy@efc3559 className=com.google.android.gms.icing.service.LightweightIndexService$LightweightWorkerService packageName=com.google.android.gms intent=null}
11-13 00:13:44.969   911   960 D PowerGuruService: curOper =41006
11-13 00:13:44.969   911   960 D PowerGuruService: This alarm is a non-repeat alarm, save it to history alarm list
11-13 00:13:44.969   911   960 D PowerGuruService: History Alarm size:28
11-13 00:13:44.969   911   960 D PowerGuruService: Already saved history alarm:
11-13 00:13:44.970   911   960 D PowerGuruService: alarm info: packageName = com.google.android.gms, Action = com.google.android.gms.gcm.ACTION_CHECK_QUEUE, Component = null, type = 2, when = 202165018 (2016-11-13 00:16:18), interval = 0, setCount = 4, userSetCount = 0, firstSetTime = 1478977643392 (2016-11-13 00:07:23), isRepeat = false, isFromGMS = true, isAvailable = true, lastSetTime = 2016-11-13 00:07:23, setMinsAlignCount = 0
11-13 00:13:44.970   911   960 D PowerGuruService: add this non-repeat alarm to heartbeat list! before the statistics duration is end
11-13 00:13:44.970   911   960 D PowerGuruService: Heartbeat Alarm size:9
11-13 00:13:44.970   911   960 D PowerGuruService: Already added to Heartbeat Alarm List
11-13 00:13:44.970   911   960 D PowerGuruService: current Hearbeat Alarms:
11-13 00:13:44.970   911   960 D PowerGuruService: alarm info: packageName = com.google.android.gms, Action = com.google.android.gms.gcm.ACTION_CHECK_QUEUE, Component = null, type = 2, when = 88578 (2016-11-10 16:08:21), interval = 68, setCount = 5, userSetCount = 0, firstSetTime = 1478776070591 (2016-11-10 16:07:50), isRepeat = false, isFromGMS = true, isAvailable = true, lastSetTime = 2016-11-10 16:07:50, setMinsAlignCount = 0
11-13 00:13:44.971  1897  1897 D ActivityThread: SVC-CREATE_SERVICE handled : 0 / CreateServiceData{token=android.os.BinderProxy@efc3559 className=com.google.android.gms.icing.service.LightweightIndexService$LightweightWorkerService packageName=com.google.android.gms intent=null}
11-13 00:13:44.971  1897  1897 D ActivityThread: SVC-Calling onStartCommand: com.google.android.gms.icing.service.LightweightIndexService$LightweightWorkerService@57a051e, flags=0, startId=1
11-13 00:13:44.971   911   960 D PowerGuruService: alarm info: packageName = android, Action = android.content.syncmanager.SYNC_ALARM, Component = null, type = 2, when = 93949 (2016-11-10 16:08:27), interval = 0, setCount = 1, userSetCount = 0, firstSetTime = 1478776076203 (2016-11-10 16:07:56), isRepeat = false, isFromGMS = false, isAvailable = true, lastSetTime = 2016-11-10 16:07:56, setMinsAlignCount = 0
11-13 00:13:44.971  1897  1897 D ActivityThread: SVC-SERVICE_ARGS handled : 0 / ServiceArgsData{token=android.os.BinderProxy@efc3559 startId=1 args=Intent { cmp=com.google.android.gms/.icing.service.LightweightIndexService$LightweightWorkerService }}
11-13 00:13:44.971  1897  1897 D ActivityThread: BDC-Calling onReceive: intent=Intent { act=com.google.android.gms.actions.HANDLE_PACKAGE_INSTALLED dat=package:com.computedsynergy.iot.home.remote flg=0x10 pkg=com.google.android.gms cmp=com.google.android.gms/.backup.RestoreCompleteReceiver (has extras) }, receiver=com.google.android.gms.backup.RestoreCompleteReceiver@5b781ff
