--------- beginning of system
11-13 00:13:44.536   911   922 D PowerManagerService: updateDisplayPowerStateLocked: mDisplayReady=true, policy=3, mWakefulness=1, mWakeLockSummary=0x1, mUserActivitySummary=0x9, mBootCompleted=true, mScreenBrightnessBoostInProgress=false
11-13 00:13:44.536   911   922 D PowerManagerNotifier: onWakeLockAcquired: flags=1, tag="Icing", packageName=com.google.android.gms, ownerUid=10010, ownerPid=2647, workSource=WorkSource{10010 com.google.android.gms}
11-13 00:13:44.536 15460 15460 D ActivityThread: BDC-Calling onReceive: intent=Intent { act=android.intent.action.PACKAGE_REMOVED dat=package:com.computedsynergy.iot.home.remote flg=0x4000010 cmp=com.google.android.googlequicksearchbox/com.google.android.apps.gsa.googlequicksearchbox.GelStubAppWatcher (has extras) }, receiver=com.google.android.apps.gsa.googlequicksearchbox.GelStubAppWatcher@f48959d
11-13 00:13:44.536  2647  2647 D ActivityThread: SVC-CREATE_SERVICE handled : 0 / CreateServiceData{token=android.os.BinderProxy@b931b5 className=com.google.android.gms.icing.service.IndexWorkerService packageName=com.google.android.gms intent=null}
11-13 00:13:44.537 15460 15460 D ActivityThread: BDC-RECEIVER handled : 0 / ReceiverData{intent=Intent { act=android.intent.action.PACKAGE_REMOVED dat=package:com.computedsynergy.iot.home.remote flg=0x4000010 cmp=com.google.android.googlequicksearchbox/com.google.android.apps.gsa.googlequicksearchbox.GelStubAppWatcher (has extras) } packageName=com.google.android.googlequicksearchbox resultCode=0 resultData=null resultExtras=null}
11-13 00:13:44.537  2647  2647 D ActivityThread: SVC-Calling onStartCommand: com.google.android.gms.icing.service.IndexWorkerService@6425bbb, flags=0, startId=1
11-13 00:13:44.538  2647  2647 D ActivityThread: SVC-SERVICE_ARGS handled : 0 / ServiceArgsData{token=android.os.BinderProxy@b931b5 startId=1 args=Intent { act=android.intent.action.PACKAGE_REMOVED dat=package:com.computedsynergy.iot.home.remote flg=0x4000010 cmp=com.google.android.gms/.icing.service.IndexWorkerService (has extras) }}
11-13 00:13:44.538  2647  2647 D ActivityThread: SVC-Calling onStartCommand: com.google.android.gms.chimera.GmsIntentOperationService@b12e454, flags=0, startId=2
11-13 00:13:44.538  2647  2647 D ActivityThread: SVC-SERVICE_ARGS handled : 0 / ServiceArgsData{token=android.os.BinderProxy@b38d7a7 startId=2 args=Intent { act=com.google.android.chimera.container.IntentOperationService.MODULE_SPECIFIC pkg=com.google.android.gms (has extras) }}
11-13 00:13:44.538  2647  2647 D ActivityThread: SVC-Calling onStartCommand: com.google.android.gms.chimera.GmsIntentOperationService@b12e454, flags=0, startId=3
11-13 00:13:44.538  2647  2647 D ActivityThread: SVC-SERVICE_ARGS handled : 0 / ServiceArgsData{token=android.os.BinderProxy@b38d7a7 startId=3 args=Intent { act=com.google.android.gms.icing.action.APPS_CHANGED cat=[targeted_intent_op_prefix:.icing.proxy.AppsMonitorIntentOperation] cmp=com.google.android.gms/.chimera.GmsIntentOperationService (has extras) }}
11-13 00:13:44.539  2647  2647 D ActivityThread: SVC-Creating service: CreateServiceData{token=android.os.BinderProxy@2983431 className=com.google.android.gms.icing.proxy.UpdateIcingCorporaService packageName=com.google.android.gms intent=null}
11-13 00:13:44.541 30363 30363 D ActivityThread: BDC-Calling onReceive: intent=Intent { act=android.intent.action.PACKAGE_ADDED dat=package:com.computedsynergy.iot.home.remote flg=0x4000010 cmp=com.android.providers.contacts/.PackageIntentReceiver (has extras) }, receiver=com.android.providers.contacts.PackageIntentReceiver@111e07b
11-13 00:13:44.541 30363 30363 D ActivityThread: BDC-RECEIVER handled : 0 / ReceiverData{intent=Intent { act=android.intent.action.PACKAGE_ADDED dat=package:com.computedsynergy.iot.home.remote flg=0x4000010 cmp=com.android.providers.contacts/.PackageIntentReceiver (has extras) } packageName=com.android.providers.contacts resultCode=0 resultData=null resultExtras=null}
11-13 00:13:44.545 30559 30559 D ActivityThread: BDC-Calling onReceive: intent=Intent { act=android.intent.action.PACKAGE_ADDED dat=package:com.computedsynergy.iot.home.remote flg=0x4000010 cmp=com.google.android.partnersetup/.RlzPingBroadcastReceiver (has extras) }, receiver=com.google.android.partnersetup.RlzPingBroadcastReceiver@7d7168d
11-13 00:13:44.546   911  1478 D PowerManagerService: updateWakeLockWorkSourceInternal: lock=88705094 [Icing], ws=null
11-13 00:13:44.546   911  1478 D PowerManagerNotifier: onWakeLockReleased: flags=1, tag="Icing", packageName=com.google.android.gms, ownerUid=10010, ownerPid=2647, workSource=WorkSource{10010 com.google.android.gms}
11-13 00:13:44.546   911  1478 D PowerManagerNotifier: onWakeLockAcquired: flags=1, tag="Icing", packageName=com.google.android.gms, ownerUid=10010, ownerPid=2647, workSource=null
11-13 00:13:44.550 30559 30559 D ActivityThread: BDC-RECEIVER handled : 0 / ReceiverData{intent=Intent { act=android.intent.action.PACKAGE_ADDED dat=package:com.computedsynergy.iot.home.remote flg=0x4000010 cmp=com.google.android.partnersetup/.RlzPingBroadcastReceiver (has extras) } packageName=com.google.android.partnersetup resultCode=0 resultData=null resultExtras=null}
11-13 00:13:44.550 30559 30559 D ActivityThread: SVC-Creating service: CreateServiceData{token=android.os.BinderProxy@d81c042 className=com.google.android.partnersetup.RlzPingIntentService packageName=com.google.android.partnersetup intent=null}
11-13 00:13:44.555 30559 30559 D ActivityThread: SVC-CREATE_SERVICE handled : 0 / CreateServiceData{token=android.os.BinderProxy@d81c042 className=com.google.android.partnersetup.RlzPingIntentService packageName=com.google.android.partnersetup intent=null}
11-13 00:13:44.555  2647  2647 D ActivityThread: SVC-CREATE_SERVICE handled : 0 / CreateServiceData{token=android.os.BinderProxy@2983431 className=com.google.android.gms.icing.proxy.UpdateIcingCorporaService packageName=com.google.android.gms intent=null}
11-13 00:13:44.555  2647  2647 D ActivityThread: SVC-Calling onStartCommand: com.google.android.gms.icing.proxy.UpdateIcingCorporaService@cb0f897, flags=0, startId=1
11-13 00:13:44.555 30559 30559 D ActivityThread: SVC-Calling onStartCommand: com.google.android.partnersetup.RlzPingIntentService@ddf2853, flags=0, startId=1
11-13 00:13:44.556  2647  2647 D ActivityThread: SVC-SERVICE_ARGS handled : 0 / ServiceArgsData{token=android.os.BinderProxy@2983431 startId=1 args=Intent { act=ACTION_UPDATE cmp=com.google.android.gms/.icing.proxy.UpdateIcingCorporaService (has extras) }}
11-13 00:13:44.556  2647  2647 D ActivityThread: SVC-Calling onStartCommand: com.google.android.gms.chimera.GmsIntentOperationService@b12e454, flags=0, startId=4
11-13 00:13:44.556  2647  2647 D ActivityThread: SVC-SERVICE_ARGS handled : 0 / ServiceArgsData{token=android.os.BinderProxy@b38d7a7 startId=4 args=Intent { act=com.google.android.chimera.container.IntentOperationService.KEEPALIVE cmp=com.google.android.gms/.chimera.GmsIntentOperationService }}
11-13 00:13:44.556  2647  2647 D ActivityThread: SVC-Calling onStartCommand: com.google.android.gms.icing.service.IndexWorkerService@6425bbb, flags=0, startId=2
11-13 00:13:44.556 30559 30559 D ActivityThread: SVC-SERVICE_ARGS handled : 0 / ServiceArgsData{token=android.os.BinderProxy@d81c042 startId=1 args=Intent { act=android.intent.action.PACKAGE_ADDED dat=package:com.computedsynergy.iot.home.remote flg=0x4000010 cmp=com.google.android.partnersetup/.RlzPingIntentService (has extras) }}
11-13 00:13:44.556  2647  2647 D ActivityThread: SVC-SERVICE_ARGS handled : 0 / ServiceArgsData{token=android.os.BinderProxy@b931b5 startId=2 args=Intent { act=com.google.android.gms.icing.START_STICKY cmp=com.google.android.gms/.icing.service.IndexWorkerService }}
11-13 00:13:44.556  2647  2647 D ActivityThread: SVC-Calling onStartCommand: com.google.android.gms.chimera.GmsIntentOperationService@b12e454, flags=0, startId=5
11-13 00:13:44.556 30559 30559 D ActivityThread: BDC-Calling onReceive: intent=Intent { act=android.intent.action.PACKAGE_ADDED dat=package:com.computedsynergy.iot.home.remote flg=0x4000010 cmp=com.google.android.partnersetup/.AppInstalledReceiver (has extras) }, receiver=com.google.android.partnersetup.AppInstalledReceiver@97fa590
11-13 00:13:44.556  2647  2647 D ActivityThread: SVC-SERVICE_ARGS handled : 0 / ServiceArgsData{token=android.os.BinderProxy@b38d7a7 startId=5 args=Intent { act=com.google.android.chimera.container.IntentOperationService.NEW_START_INTENT cmp=com.google.android.gms/.chimera.GmsIntentOperationService (has extras) }}
11-13 00:13:44.558 30559 30559 D ActivityThread: BDC-RECEIVER handled : 0 / ReceiverData{intent=Intent { act=android.intent.action.PACKAGE_ADDED dat=package:com.computedsynergy.iot.home.remote flg=0x4000010 cmp=com.google.android.partnersetup/.AppInstalledReceiver (has extras) } packageName=com.google.android.partnersetup resultCode=0 resultData=null resultExtras=null}
11-13 00:13:44.558 30559 30559 D ActivityThread: SVC-Creating service: CreateServiceData{token=android.os.BinderProxy@d2b8e89 className=com.google.android.partnersetup.AppInstalledService packageName=com.google.android.partnersetup intent=null}
11-13 00:13:44.559 30559 30559 D ActivityThread: SVC-CREATE_SERVICE handled : 0 / CreateServiceData{token=android.os.BinderProxy@d2b8e89 className=com.google.android.partnersetup.AppInstalledService packageName=com.google.android.partnersetup intent=null}
11-13 00:13:44.560 30559 30559 D ActivityThread: SVC-Calling onStartCommand: com.google.android.partnersetup.AppInstalledService@7ef9e8e, flags=0, startId=1
11-13 00:13:44.560 30559 30559 D ActivityThread: SVC-SERVICE_ARGS handled : 0 / ServiceArgsData{token=android.os.BinderProxy@d2b8e89 startId=1 args=Intent { dat=package:com.computedsynergy.iot.home.remote cmp=com.google.android.partnersetup/.AppInstalledService }}
11-13 00:13:44.560  1017  1017 D ActivityThread: BDC-Calling onReceive: intent=Intent { act=android.intent.action.PACKAGE_ADDED dat=package:com.computedsynergy.iot.home.remote flg=0x4000010 cmp=com.android.systemui/com.mediatek.systemui.floatpanel.FloatModel (has extras) }, receiver=com.mediatek.systemui.floatpanel.FloatModel@3eae59c
11-13 00:13:44.561  1017  1017 D ActivityThread: BDC-RECEIVER handled : 0 / ReceiverData{intent=Intent { act=android.intent.action.PACKAGE_ADDED dat=package:com.computedsynergy.iot.home.remote flg=0x4000010 cmp=com.android.systemui/com.mediatek.systemui.floatpanel.FloatModel (has extras) } packageName=com.android.systemui resultCode=0 resultData=null resultExtras=null}
11-13 00:13:44.562  1392  1392 D ActivityThread: BDC-Calling onReceive: intent=Intent { act=android.intent.action.PACKAGE_ADDED dat=package:com.computedsynergy.iot.home.remote flg=0x4000010 cmp=com.android.phone/.vvm.omtp.VvmPackageInstallReceiver (has extras) }, receiver=com.android.phone.vvm.omtp.VvmPackageInstallReceiver@6847ac1
11-13 00:13:44.563  1392  1392 D ActivityThread: BDC-RECEIVER handled : 0 / ReceiverData{intent=Intent { act=android.intent.action.PACKAGE_ADDED dat=package:com.computedsynergy.iot.home.remote flg=0x4000010 cmp=com.android.phone/.vvm.omtp.VvmPackageInstallReceiver (has extras) } packageName=com.android.phone resultCode=0 resultData=null resultExtras=null}
11-13 00:13:44.564 24930 24930 D ActivityThread: BDC-Calling onReceive: intent=Intent { act=android.intent.action.PACKAGE_ADDED dat=package:com.computedsynergy.iot.home.remote flg=0x4000010 cmp=com.adups.fota/com.adups.port.receiver.AppInstallReceiver (has extras) }, receiver=com.adups.port.receiver.AppInstallReceiver@58a23e2
11-13 00:13:44.565 24930 24930 D ActivityThread: BDC-RECEIVER handled : 0 / ReceiverData{intent=Intent { act=android.intent.action.PACKAGE_ADDED dat=package:com.computedsynergy.iot.home.remote flg=0x4000010 cmp=com.adups.fota/com.adups.port.receiver.AppInstallReceiver (has extras) } packageName=com.adups.fota resultCode=0 resultData=null resultExtras=null}
11-13 00:13:44.565 30559 30559 D ActivityThread: SVC-Destroying service: com.google.android.partnersetup.AppInstalledService@7ef9e8e
11-13 00:13:44.565 30559 30559 D ActivityThread: SVC-STOP_SERVICE handled : 0 / android.os.BinderProxy@d2b8e89
11-13 00:13:44.566 24930 24930 D ActivityThread: BDC-Calling onReceive: intent=Intent { act=android.intent.action.PACKAGE_ADDED dat=package:com.computedsynergy.iot.home.remote flg=0x4000010 cmp=com.adups.fota/com.msg.provider.StatisticsReceiver (has extras) }, receiver=com.msg.provider.StatisticsReceiver@58c5373
11-13 00:13:44.567  2647  2647 D ActivityThread: SVC-Destroying service: com.google.android.gms.icing.proxy.UpdateIcingCorporaService@cb0f897
11-13 00:13:44.568  2647  2647 D ActivityThread: SVC-STOP_SERVICE handled : 0 / android.os.BinderProxy@2983431
11-13 00:13:44.568 30559 30559 D ActivityThread: SVC-Destroying service: com.google.android.partnersetup.RlzPingIntentService@ddf2853
11-13 00:13:44.569 30559 30559 D ActivityThread: SVC-STOP_SERVICE handled : 0 / android.os.BinderProxy@d81c042
11-13 00:13:44.569 24930 24930 D ActivityThread: BDC-RECEIVER handled : 0 / ReceiverData{intent=Intent { act=android.intent.action.PACKAGE_ADDED dat=package:com.computedsynergy.iot.home.remote flg=0x4000010 cmp=com.adups.fota/com.msg.provider.StatisticsReceiver (has extras) } packageName=com.adups.fota resultCode=0 resultData=null resultExtras=null}
11-13 00:13:44.572 27664 27664 D ActivityThread: BDC-Calling onReceive: intent=Intent { act=android.intent.action.PACKAGE_ADDED dat=package:com.computedsynergy.iot.home.remote flg=0x4000010 cmp=com.adups.fota.sysoper/.TaskReceiver (has extras) }, receiver=com.adups.fota.sysoper.TaskReceiver@d9d6250
11-13 00:13:44.572 27664 27664 D ActivityThread: BDC-RECEIVER handled : 0 / ReceiverData{intent=Intent { act=android.intent.action.PACKAGE_ADDED dat=package:com.computedsynergy.iot.home.remote flg=0x4000010 cmp=com.adups.fota.sysoper/.TaskReceiver (has extras) } packageName=com.adups.fota.sysoper resultCode=0 resultData=null resultExtras=null}
11-13 00:13:44.574 30465 30465 D ActivityThread: BDC-Calling onReceive: intent=Intent { act=android.intent.action.PACKAGE_ADDED dat=package:com.computedsynergy.iot.home.remote flg=0x4000010 cmp=com.android.vending/com.google.android.finsky.receivers.PackageMonitorReceiver$RegisteredReceiver (has extras) }, receiver=com.google.android.finsky.receivers.PackageMonitorReceiver$RegisteredReceiver@7b4340e
11-13 00:13:44.577   911  1456 V AlarmManager: APP set(PendingIntent{d2241da: PendingIntentRecord{99c8835 com.android.vending startService}}) : type=0 triggerAtTime=1478978039576 win=-1 tElapsed=202026317 maxElapsed=202037566 interval=0 flags=0x0
11-13 00:13:44.577   911   960 D PowerGuruService: NEW_ALARM
11-13 00:13:44.577   911   960 D PowerGuruService: receive input alarm:
11-13 00:13:44.578   911  1456 D AlarmManager: remove(operation) changed bounds; rebatching operation = PendingIntent{d2241da: PendingIntentRecord{99c8835 com.android.vending startService}}
11-13 00:13:44.578   911  1456 D AlarmManager: rebatchAllAlarmsLocked begin oldBatches count = 202
11-13 00:13:44.578   911  1456 D AlarmManager: rebatchAllAlarmsLocked  batch.size() = 1
11-13 00:13:44.578   911  1456 D AlarmManager:  whichBatch = -1
11-13 00:13:44.578   911  1456 D AlarmManager: rebatchAllAlarmsLocked  batch.size() = 1
11-13 00:13:44.578   911  1456 D AlarmManager:  whichBatch = -1
11-13 00:13:44.578   911   960 D PowerGuruService: alarm info: packageName = com.android.vending, Action = null, Component = com.google.android.finsky.services.ContentSyncService, type = 0, when = 1478978039576 (2016-11-13 00:13:59), interval = 0, setCount = 1, userSetCount = 0, firstSetTime = 1478978024577 (2016-11-13 00:13:44), isRepeat = false, isFromGMS = false, isAvailable = true, lastSetTime = 2016-11-13 00:13:44, setMinsAlignCount = 0
11-13 00:13:44.578   911  1456 D AlarmManager: rebatchAllAlarmsLocked  batch.size() = 1
11-13 00:13:44.578   911   960 D PowerGuruService: Alarm from GMS app
11-13 00:13:44.578   911  1456 D AlarmManager:  whichBatch = -1
11-13 00:13:44.578   911  1456 D AlarmManager: rebatchAllAlarmsLocked  batch.size() = 1
11-13 00:13:44.578   911  1456 D AlarmManager:  whichBatch = -1
11-13 00:13:44.578   911  1456 D AlarmManager: rebatchAllAlarmsLocked  batch.size() = 1
11-13 00:13:44.578   911  1456 D AlarmManager:  whichBatch = -1
11-13 00:13:44.578   911  1456 D AlarmManager: rebatchAllAlarmsLocked  batch.size() = 1
11-13 00:13:44.578   911  1456 D AlarmManager:  whichBatch = -1
11-13 00:13:44.578   911  1456 D AlarmManager: rebatchAllAlarmsLocked  batch.size() = 1
11-13 00:13:44.578   911  1456 D AlarmManager:  whichBatch = -1
11-13 00:13:44.578   911  1456 D AlarmManager: rebatchAllAlarmsLocked  batch.size() = 1
11-13 00:13:44.578   911  1456 D AlarmManager:  whichBatch = -1
11-13 00:13:44.578   911  1456 D AlarmManager: rebatchAllAlarmsLocked  batch.size() = 1
11-13 00:13:44.578   911  1456 D AlarmManager:  whichBatch = -1
11-13 00:13:44.578   911  1456 D AlarmManager: rebatchAllAlarmsLocked  batch.size() = 1
11-13 00:13:44.578   911  1456 D AlarmManager:  whichBatch = -1
11-13 00:13:44.578   911  1456 D AlarmManager: rebatchAllAlarmsLocked  batch.size() = 1
11-13 00:13:44.578   911  1456 D AlarmManager:  whichBatch = -1
11-13 00:13:44.579   911  1456 D AlarmManager: rebatchAllAlarmsLocked  batch.size() = 1
11-13 00:13:44.579   911  1456 D AlarmManager:  whichBatch = -1
11-13 00:13:44.579   911  1456 D AlarmManager: rebatchAllAlarmsLocked  batch.size() = 1
11-13 00:13:44.579   911  1456 D AlarmManager:  whichBatch = -1
11-13 00:13:44.579   911  1456 D AlarmManager: rebatchAllAlarmsLocked  batch.size() = 1
11-13 00:13:44.579   911  1456 D AlarmManager:  whichBatch = -1
11-13 00:13:44.579   911  1456 D AlarmManager: rebatchAllAlarmsLocked  batch.size() = 1
11-13 00:13:44.579   911  1456 D AlarmManager:  whichBatch = -1
11-13 00:13:44.579   911  1456 D AlarmManager: rebatchAllAlarmsLocked  batch.size() = 1
11-13 00:13:44.579   911  1456 D AlarmManager:  whichBatch = -1
11-13 00:13:44.579   911  1456 D AlarmManager: rebatchAllAlarmsLocked  batch.size() = 1
11-13 00:13:44.579   911  1456 D AlarmManager:  whichBatch = -1
11-13 00:13:44.579   911  1456 D AlarmManager: rebatchAllAlarmsLocked  batch.size() = 1
11-13 00:13:44.579   911  1456 D AlarmManager:  whichBatch = -1
11-13 00:13:44.579   911  1456 D AlarmManager: rebatchAllAlarmsLocked  batch.size() = 1
11-13 00:13:44.579   911  1456 D AlarmManager:  whichBatch = -1
11-13 00:13:44.579   911  1456 D AlarmManager: rebatchAllAlarmsLocked  batch.size() = 1
11-13 00:13:44.579   911  1456 D AlarmManager:  whichBatch = -1
11-13 00:13:44.579   911  1456 D AlarmManager: rebatchAllAlarmsLocked  batch.size() = 1
11-13 00:13:44.579   911  1456 D AlarmManager:  whichBatch = -1
11-13 00:13:44.579   911  1456 D AlarmManager: rebatchAllAlarmsLocked  batch.size() = 1
11-13 00:13:44.579   911  1456 D AlarmManager:  whichBatch = -1
11-13 00:13:44.579   911  1456 D AlarmManager: rebatchAllAlarmsLocked  batch.size() = 1
11-13 00:13:44.579   911  1456 D AlarmManager:  whichBatch = -1
11-13 00:13:44.579   911  1456 D AlarmManager: rebatchAllAlarmsLocked  batch.size() = 1
11-13 00:13:44.579   911  1456 D AlarmManager:  whichBatch = -1
11-13 00:13:44.580   911  1456 D AlarmManager: rebatchAllAlarmsLocked  batch.size() = 1
11-13 00:13:44.580   911  1456 D AlarmManager:  whichBatch = -1
11-13 00:13:44.580   911  1456 D AlarmManager: rebatchAllAlarmsLocked  batch.size() = 1
11-13 00:13:44.580   911  1456 D AlarmManager:  whichBatch = -1
11-13 00:13:44.580   911  1456 D AlarmManager: rebatchAllAlarmsLocked  batch.size() = 1
11-13 00:13:44.580   911   960 D PowerGuruService: curOper =41006
11-13 00:13:44.580   911   960 D PowerGuruService: This alarm is a non-repeat alarm, save it to history alarm list
11-13 00:13:44.580   911   960 D PowerGuruService: History Alarm size:28
11-13 00:13:44.580   911   960 D PowerGuruService: Already saved history alarm:
11-13 00:13:44.581   911   960 D PowerGuruService: alarm info: packageName = com.android.vending, Action = null, Component = com.google.android.finsky.services.ContentSyncService, type = 0, when = 1478978039461 (2016-11-13 00:13:59), interval = 900000, setCount = 3, userSetCount = 0, firstSetTime = 1478977502169 (2016-11-13 00:05:02), isRepeat = false, isFromGMS = true, isAvailable = true, lastSetTime = 2016-11-13 00:13:44, setMinsAlignCount = 0
11-13 00:13:44.582   911  1456 D AlarmManager:  whichBatch = -1
11-13 00:13:44.582   911  1456 D AlarmManager: rebatchAllAlarmsLocked  batch.size() = 1
11-13 00:13:44.582   911  1456 D AlarmManager:  whichBatch = -1
11-13 00:13:44.582   911  1456 D AlarmManager: rebatchAllAlarmsLocked  batch.size() = 1
11-13 00:13:44.582   911  1456 D AlarmManager:  whichBatch = -1
11-13 00:13:44.582   911  1456 D AlarmManager: rebatchAllAlarmsLocked  batch.size() = 1
11-13 00:13:44.583   911  1456 D AlarmManager:  whichBatch = -1
11-13 00:13:44.583   911  1456 D AlarmManager: rebatchAllAlarmsLocked  batch.size() = 1
11-13 00:13:44.583   911  1456 D AlarmManager:  whichBatch = -1
11-13 00:13:44.583   911  1456 D AlarmManager: rebatchAllAlarmsLocked  batch.size() = 1
11-13 00:13:44.583   911  1456 D AlarmManager:  whichBatch = -1
11-13 00:13:44.583   911  1456 D AlarmManager: rebatchAllAlarmsLocked  batch.size() = 1
11-13 00:13:44.583   911  1456 D AlarmManager:  whichBatch = -1
11-13 00:13:44.583   911  1456 D AlarmManager: rebatchAllAlarmsLocked  batch.size() = 1
11-13 00:13:44.583   911  1456 D AlarmManager:  whichBatch = -1
11-13 00:13:44.583   911  1456 D AlarmManager: rebatchAllAlarmsLocked  batch.size() = 1
11-13 00:13:44.583   911  1456 D AlarmManager:  whichBatch = -1
11-13 00:13:44.583   911  1456 D AlarmManager: rebatchAllAlarmsLocked  batch.size() = 1
11-13 00:13:44.583   911  1456 D AlarmManager:  whichBatch = -1
11-13 00:13:44.583   911  1456 D AlarmManager: rebatchAllAlarmsLocked  batch.size() = 1
11-13 00:13:44.583   911  1456 D AlarmManager:  whichBatch = -1
11-13 00:13:44.583   911  1456 D AlarmManager: rebatchAllAlarmsLocked  batch.size() = 1
11-13 00:13:44.583   911  1456 D AlarmManager:  whichBatch = -1
11-13 00:13:44.583   911  1456 D AlarmManager: rebatchAllAlarmsLocked  batch.size() = 1
11-13 00:13:44.583   911  1456 D AlarmManager:  whichBatch = -1
11-13 00:13:44.583   911  1456 D AlarmManager: rebatchAllAlarmsLocked  batch.size() = 1
11-13 00:13:44.583   911  1456 D AlarmManager:  whichBatch = -1
11-13 00:13:44.583   911  1456 D AlarmManager: rebatchAllAlarmsLocked  batch.size() = 1
11-13 00:13:44.583   911  1456 D AlarmManager:  whichBatch = -1
11-13 00:13:44.583   911  1456 D AlarmManager: rebatchAllAlarmsLocked  batch.size() = 1
11-13 00:13:44.584   911  1456 D AlarmManager:  whichBatch = -1
11-13 00:13:44.584   911  1456 D AlarmManager: rebatchAllAlarmsLocked  batch.size() = 1
11-13 00:13:44.584   911  1456 D AlarmManager:  whichBatch = -1
11-13 00:13:44.584   911  1456 D AlarmManager: rebatchAllAlarmsLocked  batch.size() = 1
11-13 00:13:44.584   911  1456 D AlarmManager:  whichBatch = -1
11-13 00:13:44.584   911  1456 D AlarmManager: rebatchAllAlarmsLocked  batch.size() = 1
11-13 00:13:44.584   911  1456 D AlarmManager:  whichBatch = -1
11-13 00:13:44.584   911  1456 D AlarmManager: rebatchAllAlarmsLocked  batch.size() = 1
11-13 00:13:44.584   911  1456 D AlarmManager:  whichBatch = -1
11-13 00:13:44.584   911  1456 D AlarmManager: rebatchAllAlarmsLocked  batch.size() = 1
11-13 00:13:44.584   911  1456 D AlarmManager:  whichBatch = -1
11-13 00:13:44.584   911  1456 D AlarmManager: rebatchAllAlarmsLocked  batch.size() = 1
11-13 00:13:44.584   911  1456 D AlarmManager:  whichBatch = -1
11-13 00:13:44.584   911  1456 D AlarmManager: rebatchAllAlarmsLocked  batch.size() = 1
11-13 00:13:44.584   911  1456 D AlarmManager:  whichBatch = -1
11-13 00:13:44.584   911  1456 D AlarmManager: rebatchAllAlarmsLocked  batch.size() = 1
11-13 00:13:44.584   911  1456 D AlarmManager:  whichBatch = -1
11-13 00:13:44.584   911  1456 D AlarmManager: rebatchAllAlarmsLocked  batch.size() = 1
11-13 00:13:44.584   911  1456 D AlarmManager:  whichBatch = -1
11-13 00:13:44.584   911  1456 D AlarmManager: rebatchAllAlarmsLocked  batch.size() = 1
11-13 00:13:44.584   911  1456 D AlarmManager:  whichBatch = -1
11-13 00:13:44.584   911  1456 D AlarmManager: rebatchAllAlarmsLocked  batch.size() = 1
11-13 00:13:44.584   911  1456 D AlarmManager:  whichBatch = -1
11-13 00:13:44.584   911  1456 D AlarmManager: rebatchAllAlarmsLocked  batch.size() = 1
11-13 00:13:44.584   911  1456 D AlarmManager:  whichBatch = -1
11-13 00:13:44.585   911  1456 D AlarmManager: rebatchAllAlarmsLocked  batch.size() = 1
11-13 00:13:44.585   911  1456 D AlarmManager:  whichBatch = -1
11-13 00:13:44.585   911  1456 D AlarmManager: rebatchAllAlarmsLocked  batch.size() = 1
11-13 00:13:44.585   911  1456 D AlarmManager:  whichBatch = -1
11-13 00:13:44.585   911  1456 D AlarmManager: rebatchAllAlarmsLocked  batch.size() = 1
11-13 00:13:44.585   911  1456 D AlarmManager:  whichBatch = -1
11-13 00:13:44.585   911  1456 D AlarmManager: rebatchAllAlarmsLocked  batch.size() = 1
11-13 00:13:44.585   911  1456 D AlarmManager:  whichBatch = -1
11-13 00:13:44.585   911  1456 D AlarmManager: rebatchAllAlarmsLocked  batch.size() = 1
11-13 00:13:44.585   911  1456 D AlarmManager:  whichBatch = -1
11-13 00:13:44.585   911  1456 D AlarmManager: rebatchAllAlarmsLocked  batch.size() = 1
11-13 00:13:44.585   911  1456 D AlarmManager:  whichBatch = -1
11-13 00:13:44.585   911  1456 D AlarmManager: rebatchAllAlarmsLocked  batch.size() = 1
11-13 00:13:44.585   911  1456 D AlarmManager:  whichBatch = -1
11-13 00:13:44.585   911  1456 D AlarmManager: rebatchAllAlarmsLocked  batch.size() = 1
11-13 00:13:44.585   911  1456 D AlarmManager:  whichBatch = -1
11-13 00:13:44.585   911  1456 D AlarmManager: rebatchAllAlarmsLocked  batch.size() = 1
11-13 00:13:44.585   911  1456 D AlarmManager:  whichBatch = -1
11-13 00:13:44.585   911  1456 D AlarmManager: rebatchAllAlarmsLocked  batch.size() = 1
11-13 00:13:44.585   911  1456 D AlarmManager:  whichBatch = -1
11-13 00:13:44.585   911  1456 D AlarmManager: rebatchAllAlarmsLocked  batch.size() = 1
11-13 00:13:44.585   911  1456 D AlarmManager:  whichBatch = -1
11-13 00:13:44.585   911  1456 D AlarmManager: rebatchAllAlarmsLocked  batch.size() = 1
11-13 00:13:44.585   911  1456 D AlarmManager:  whichBatch = -1
11-13 00:13:44.585   911  1456 D AlarmManager: rebatchAllAlarmsLocked  batch.size() = 1
11-13 00:13:44.586   911  1456 D AlarmManager:  whichBatch = -1
11-13 00:13:44.586   911  1456 D AlarmManager: rebatchAllAlarmsLocked  batch.size() = 1
11-13 00:13:44.586   911  1456 D AlarmManager:  whichBatch = -1
11-13 00:13:44.586   911  1456 D AlarmManager: rebatchAllAlarmsLocked  batch.size() = 1
11-13 00:13:44.586   911  1456 D AlarmManager:  whichBatch = -1
11-13 00:13:44.586   911  1456 D AlarmManager: rebatchAllAlarmsLocked  batch.size() = 1
11-13 00:13:44.586   911  1456 D AlarmManager:  whichBatch = -1
11-13 00:13:44.586   911  1456 D AlarmManager: rebatchAllAlarmsLocked  batch.size() = 1
11-13 00:13:44.586   911  1456 D AlarmManager:  whichBatch = -1
11-13 00:13:44.586   911  1456 D AlarmManager: rebatchAllAlarmsLocked  batch.size() = 1
11-13 00:13:44.586   911  1456 D AlarmManager:  whichBatch = -1
11-13 00:13:44.586   911  1456 D AlarmManager: rebatchAllAlarmsLocked  batch.size() = 1
11-13 00:13:44.586   911  1456 D AlarmManager:  whichBatch = -1
11-13 00:13:44.586   911  1456 D AlarmManager: rebatchAllAlarmsLocked  batch.size() = 1
11-13 00:13:44.586   911  1456 D AlarmManager:  whichBatch = -1
11-13 00:13:44.586   911  1456 D AlarmManager: rebatchAllAlarmsLocked  batch.size() = 1
11-13 00:13:44.586   911  1456 D AlarmManager:  whichBatch = -1
11-13 00:13:44.586   911  1456 D AlarmManager: rebatchAllAlarmsLocked  batch.size() = 1
11-13 00:13:44.586   911  1456 D AlarmManager:  whichBatch = -1
11-13 00:13:44.586   911  1456 D AlarmManager: rebatchAllAlarmsLocked  batch.size() = 1
11-13 00:13:44.586   911  1456 D AlarmManager:  whichBatch = -1
11-13 00:13:44.586   911  1456 D AlarmManager: rebatchAllAlarmsLocked  batch.size() = 1
11-13 00:13:44.586   911  1456 D AlarmManager:  whichBatch = -1
11-13 00:13:44.587   911  1456 D AlarmManager: rebatchAllAlarmsLocked  batch.size() = 1
11-13 00:13:44.587   911  1456 D AlarmManager:  whichBatch = -1
11-13 00:13:44.587   911  1456 D AlarmManager: rebatchAllAlarmsLocked  batch.size() = 1
11-13 00:13:44.587   911  1456 D AlarmManager:  whichBatch = -1
11-13 00:13:44.587   911  1456 D AlarmManager: rebatchAllAlarmsLocked  batch.size() = 1
11-13 00:13:44.587   911  1456 D AlarmManager:  whichBatch = -1
11-13 00:13:44.587   911  1456 D AlarmManager: rebatchAllAlarmsLocked  batch.size() = 1
11-13 00:13:44.587   911  1456 D AlarmManager:  whichBatch = -1
11-13 00:13:44.587   911  1456 D AlarmManager: rebatchAllAlarmsLocked  batch.size() = 1
11-13 00:13:44.587   911  1456 D AlarmManager:  whichBatch = -1
11-13 00:13:44.587   911  1456 D AlarmManager: rebatchAllAlarmsLocked  batch.size() = 1
11-13 00:13:44.587   911  1456 D AlarmManager:  whichBatch = -1
11-13 00:13:44.587   911  1456 D AlarmManager: rebatchAllAlarmsLocked  batch.size() = 1
11-13 00:13:44.587   911  1456 D AlarmManager:  whichBatch = -1
11-13 00:13:44.587   911  1456 D AlarmManager: rebatchAllAlarmsLocked  batch.size() = 1
11-13 00:13:44.587   911  1456 D AlarmManager:  whichBatch = -1
11-13 00:13:44.587   911  1456 D AlarmManager: rebatchAllAlarmsLocked  batch.size() = 1
11-13 00:13:44.587   911  1456 D AlarmManager:  whichBatch = -1
11-13 00:13:44.587   911  1456 D AlarmManager: rebatchAllAlarmsLocked  batch.size() = 1
11-13 00:13:44.587   911  1456 D AlarmManager:  whichBatch = -1
11-13 00:13:44.587   911  1456 D AlarmManager: rebatchAllAlarmsLocked  batch.size() = 1
11-13 00:13:44.587   911  1456 D AlarmManager:  whichBatch = -1
11-13 00:13:44.587   911  1456 D AlarmManager: rebatchAllAlarmsLocked  batch.size() = 1
11-13 00:13:44.587   911  1456 D AlarmManager:  whichBatch = -1
11-13 00:13:44.588   911  1456 D AlarmManager: rebatchAllAlarmsLocked  batch.size() = 1
11-13 00:13:44.588   911  1456 D AlarmManager:  whichBatch = -1
11-13 00:13:44.588   911  1456 D AlarmManager: rebatchAllAlarmsLocked  batch.size() = 1
11-13 00:13:44.588   911  1456 D AlarmManager:  whichBatch = -1
11-13 00:13:44.588   911  1456 D AlarmManager: rebatchAllAlarmsLocked  batch.size() = 1
11-13 00:13:44.588   911  1456 D AlarmManager:  whichBatch = -1
11-13 00:13:44.588   911  1456 D AlarmManager: rebatchAllAlarmsLocked  batch.size() = 1
11-13 00:13:44.588   911  1456 D AlarmManager:  whichBatch = -1
11-13 00:13:44.588   911  1456 D AlarmManager: rebatchAllAlarmsLocked  batch.size() = 1
11-13 00:13:44.588   911  1456 D AlarmManager:  whichBatch = -1
11-13 00:13:44.588   911  1456 D AlarmManager: rebatchAllAlarmsLocked  batch.size() = 1
11-13 00:13:44.588   911  1456 D AlarmManager:  whichBatch = -1
11-13 00:13:44.588   911  1456 D AlarmManager: rebatchAllAlarmsLocked  batch.size() = 1
11-13 00:13:44.588   911  1456 D AlarmManager:  whichBatch = -1
11-13 00:13:44.588   911  1456 D AlarmManager: rebatchAllAlarmsLocked  batch.size() = 1
11-13 00:13:44.588   911  1456 D AlarmManager:  whichBatch = -1
11-13 00:13:44.588   911  1456 D AlarmManager: rebatchAllAlarmsLocked  batch.size() = 1
11-13 00:13:44.588   911  1456 D AlarmManager:  whichBatch = -1
11-13 00:13:44.588   911  1456 D AlarmManager: rebatchAllAlarmsLocked  batch.size() = 1
11-13 00:13:44.588   911  1456 D AlarmManager:  whichBatch = -1
11-13 00:13:44.588   911  1456 D AlarmManager: rebatchAllAlarmsLocked  batch.size() = 1
11-13 00:13:44.588   911  1456 D AlarmManager:  whichBatch = -1
11-13 00:13:44.588   911  1456 D AlarmManager: rebatchAllAlarmsLocked  batch.size() = 1
11-13 00:13:44.589   911  1456 D AlarmManager:  whichBatch = -1
11-13 00:13:44.589   911  1456 D AlarmManager: rebatchAllAlarmsLocked  batch.size() = 1
11-13 00:13:44.589   911  1456 D AlarmManager:  whichBatch = -1
11-13 00:13:44.589   911  1456 D AlarmManager: rebatchAllAlarmsLocked  batch.size() = 1
11-13 00:13:44.589   911  1456 D AlarmManager:  whichBatch = -1
11-13 00:13:44.589   911  1456 D AlarmManager: rebatchAllAlarmsLocked  batch.size() = 1
11-13 00:13:44.589   911  1456 D AlarmManager:  whichBatch = -1
11-13 00:13:44.589   911  1456 D AlarmManager: rebatchAllAlarmsLocked  batch.size() = 1
11-13 00:13:44.589   911  1456 D AlarmManager:  whichBatch = -1
11-13 00:13:44.589   911  1456 D AlarmManager: rebatchAllAlarmsLocked  batch.size() = 1
11-13 00:13:44.589   911  1456 D AlarmManager:  whichBatch = -1
11-13 00:13:44.589   911  1456 D AlarmManager: rebatchAllAlarmsLocked  batch.size() = 1
11-13 00:13:44.589   911  1456 D AlarmManager:  whichBatch = -1
11-13 00:13:44.589   911  1456 D AlarmManager: rebatchAllAlarmsLocked  batch.size() = 1
11-13 00:13:44.589   911  1456 D AlarmManager:  whichBatch = -1
11-13 00:13:44.589   911  1456 D AlarmManager: rebatchAllAlarmsLocked  batch.size() = 1
11-13 00:13:44.589   911  1456 D AlarmManager:  whichBatch = -1
11-13 00:13:44.589   911  1456 D AlarmManager: rebatchAllAlarmsLocked  batch.size() = 1
11-13 00:13:44.589   911  1456 D AlarmManager:  whichBatch = -1
11-13 00:13:44.589   911  1456 D AlarmManager: rebatchAllAlarmsLocked  batch.size() = 1
11-13 00:13:44.589   911  1456 D AlarmManager:  whichBatch = -1
11-13 00:13:44.589   911  1456 D AlarmManager: rebatchAllAlarmsLocked  batch.size() = 1
11-13 00:13:44.589   911  1456 D AlarmManager:  whichBatch = -1
11-13 00:13:44.589   911  1456 D AlarmManager: rebatchAllAlarmsLocked  batch.size() = 1
11-13 00:13:44.590   911  1456 D AlarmManager:  whichBatch = -1
11-13 00:13:44.590   911  1456 D AlarmManager: rebatchAllAlarmsLocked  batch.size() = 1
11-13 00:13:44.590   911  1456 D AlarmManager:  whichBatch = -1
11-13 00:13:44.590   911  1456 D AlarmManager: rebatchAllAlarmsLocked  batch.size() = 1
11-13 00:13:44.590   911  1456 D AlarmManager:  whichBatch = -1
11-13 00:13:44.590   911  1456 D AlarmManager: rebatchAllAlarmsLocked  batch.size() = 1
11-13 00:13:44.590   911  1456 D AlarmManager:  whichBatch = -1
11-13 00:13:44.590   911  1456 D AlarmManager: rebatchAllAlarmsLocked  batch.size() = 1
11-13 00:13:44.590   911  1456 D AlarmManager:  whichBatch = -1
11-13 00:13:44.591   911  1456 D AlarmManager: rebatchAllAlarmsLocked  batch.size() = 1
11-13 00:13:44.591   911  1456 D AlarmManager:  whichBatch = -1
11-13 00:13:44.591   911  1456 D AlarmManager: rebatchAllAlarmsLocked  batch.size() = 1
11-13 00:13:44.591   911  1456 D AlarmManager:  whichBatch = -1
11-13 00:13:44.591   911  1456 D AlarmManager: rebatchAllAlarmsLocked  batch.size() = 1
11-13 00:13:44.591   911  1456 D AlarmManager:  whichBatch = -1
11-13 00:13:44.591   911  1456 D AlarmManager: rebatchAllAlarmsLocked  batch.size() = 1
11-13 00:13:44.591   911  1456 D AlarmManager:  whichBatch = -1
11-13 00:13:44.591   911  1456 D AlarmManager: rebatchAllAlarmsLocked  batch.size() = 1
11-13 00:13:44.591   911  1456 D AlarmManager:  whichBatch = -1
11-13 00:13:44.591   911  1456 D AlarmManager: rebatchAllAlarmsLocked  batch.size() = 1
11-13 00:13:44.591   911  1456 D AlarmManager:  whichBatch = -1
11-13 00:13:44.591   911  1456 D AlarmManager: rebatchAllAlarmsLocked  batch.size() = 1
11-13 00:13:44.591   911  1456 D AlarmManager:  whichBatch = -1
11-13 00:13:44.591   911  1456 D AlarmManager: rebatchAllAlarmsLocked  batch.size() = 1
11-13 00:13:44.591   911  1456 D AlarmManager:  whichBatch = -1
11-13 00:13:44.591   911  1456 D AlarmManager: rebatchAllAlarmsLocked  batch.size() = 1
11-13 00:13:44.591   911  1456 D AlarmManager:  whichBatch = -1
11-13 00:13:44.591   911  1456 D AlarmManager: rebatchAllAlarmsLocked  batch.size() = 1
11-13 00:13:44.591   911  1456 D AlarmManager:  whichBatch = -1
11-13 00:13:44.591   911  1456 D AlarmManager: rebatchAllAlarmsLocked  batch.size() = 1
11-13 00:13:44.591   911  1456 D AlarmManager:  whichBatch = -1
11-13 00:13:44.591   911  1456 D AlarmManager: rebatchAllAlarmsLocked  batch.size() = 1
11-13 00:13:44.592   911  1456 D AlarmManager:  whichBatch = -1
11-13 00:13:44.592   911  1456 D AlarmManager: rebatchAllAlarmsLocked  batch.size() = 1
11-13 00:13:44.592   911  1456 D AlarmManager:  whichBatch = -1
11-13 00:13:44.592   911  1456 D AlarmManager: rebatchAllAlarmsLocked  batch.size() = 1
11-13 00:13:44.592   911  1456 D AlarmManager:  whichBatch = -1
11-13 00:13:44.592   911  1456 D AlarmManager: rebatchAllAlarmsLocked  batch.size() = 1
11-13 00:13:44.592   911  1456 D AlarmManager:  whichBatch = -1
11-13 00:13:44.592   911  1456 D AlarmManager: rebatchAllAlarmsLocked  batch.size() = 1
11-13 00:13:44.592   911  1456 D AlarmManager:  whichBatch = -1
11-13 00:13:44.592   911  1456 D AlarmManager: rebatchAllAlarmsLocked  batch.size() = 1
11-13 00:13:44.592   911  1456 D AlarmManager:  whichBatch = -1
11-13 00:13:44.592   911  1456 D AlarmManager: rebatchAllAlarmsLocked  batch.size() = 1
11-13 00:13:44.592   911  1456 D AlarmManager:  whichBatch = -1
11-13 00:13:44.592   911  1456 D AlarmManager: rebatchAllAlarmsLocked  batch.size() = 1
11-13 00:13:44.592   911  1456 D AlarmManager:  whichBatch = -1
11-13 00:13:44.592   911  1456 D AlarmManager: rebatchAllAlarmsLocked  batch.size() = 1
11-13 00:13:44.592   911  1456 D AlarmManager:  whichBatch = -1
11-13 00:13:44.592   911  1456 D AlarmManager: rebatchAllAlarmsLocked  batch.size() = 1
11-13 00:13:44.592   911  1456 D AlarmManager:  whichBatch = -1
11-13 00:13:44.592   911  1456 D AlarmManager: rebatchAllAlarmsLocked  batch.size() = 1
11-13 00:13:44.592   911  1456 D AlarmManager:  whichBatch = -1
11-13 00:13:44.592   911  1456 D AlarmManager: rebatchAllAlarmsLocked  batch.size() = 1
11-13 00:13:44.593   911  1456 D AlarmManager:  whichBatch = -1
11-13 00:13:44.593   911  1456 D AlarmManager: rebatchAllAlarmsLocked  batch.size() = 1
11-13 00:13:44.593   911  1456 D AlarmManager:  whichBatch = -1
11-13 00:13:44.593   911  1456 D AlarmManager: rebatchAllAlarmsLocked  batch.size() = 1
11-13 00:13:44.593   911  1456 D AlarmManager:  whichBatch = -1
11-13 00:13:44.593   911  1456 D AlarmManager: rebatchAllAlarmsLocked  batch.size() = 1
11-13 00:13:44.593   911  1456 D AlarmManager:  whichBatch = -1
11-13 00:13:44.593   911  1456 D AlarmManager: rebatchAllAlarmsLocked  batch.size() = 1
11-13 00:13:44.593   911  1456 D AlarmManager:  whichBatch = -1
11-13 00:13:44.593   911  1456 D AlarmManager: rebatchAllAlarmsLocked  batch.size() = 1
11-13 00:13:44.593   911  1456 D AlarmManager:  whichBatch = -1
11-13 00:13:44.593   911  1456 D AlarmManager: rebatchAllAlarmsLocked  batch.size() = 1
11-13 00:13:44.593   911  1456 D AlarmManager:  whichBatch = -1
11-13 00:13:44.593   911  1456 D AlarmManager: rebatchAllAlarmsLocked  batch.size() = 1
11-13 00:13:44.594   911  1456 D AlarmManager:  whichBatch = -1
11-13 00:13:44.594   911  1456 D AlarmManager: rebatchAllAlarmsLocked  batch.size() = 1
11-13 00:13:44.595   911  1456 D AlarmManager:  whichBatch = -1
11-13 00:13:44.595   911  1456 D AlarmManager: rebatchAllAlarmsLocked  batch.size() = 1
11-13 00:13:44.595   911  1456 D AlarmManager:  whichBatch = -1
11-13 00:13:44.595   911  1456 D AlarmManager: rebatchAllAlarmsLocked  batch.size() = 1
11-13 00:13:44.595   911  1456 D AlarmManager:  whichBatch = -1
11-13 00:13:44.595   911  1456 D AlarmManager: rebatchAllAlarmsLocked  batch.size() = 1
11-13 00:13:44.595   911  1456 D AlarmManager:  whichBatch = -1
11-13 00:13:44.595   911  1456 D AlarmManager: rebatchAllAlarmsLocked  batch.size() = 1
11-13 00:13:44.595   911  1456 D AlarmManager:  whichBatch = -1
11-13 00:13:44.595   911  1456 D AlarmManager: rebatchAllAlarmsLocked  batch.size() = 1
11-13 00:13:44.595   911  1456 D AlarmManager:  whichBatch = -1
11-13 00:13:44.595   911  1456 D AlarmManager: rebatchAllAlarmsLocked  batch.size() = 1
11-13 00:13:44.595   911  1456 D AlarmManager:  whichBatch = -1
11-13 00:13:44.595   911  1456 D AlarmManager: rebatchAllAlarmsLocked  batch.size() = 1
11-13 00:13:44.595   911  1456 D AlarmManager:  whichBatch = -1
11-13 00:13:44.595   911  1456 D AlarmManager: rebatchAllAlarmsLocked  batch.size() = 1
11-13 00:13:44.595   911  1456 D AlarmManager:  whichBatch = -1
11-13 00:13:44.595   911  1456 D AlarmManager: rebatchAllAlarmsLocked  batch.size() = 1
11-13 00:13:44.595   911  1456 D AlarmManager:  whichBatch = -1
11-13 00:13:44.595   911  1456 D AlarmManager: rebatchAllAlarmsLocked  batch.size() = 1
11-13 00:13:44.596   911  1456 D AlarmManager:  whichBatch = -1
11-13 00:13:44.596   911  1456 D AlarmManager: rebatchAllAlarmsLocked  batch.size() = 1
11-13 00:13:44.596   911  1456 D AlarmManager:  whichBatch = -1
11-13 00:13:44.596   911  1456 D AlarmManager: rebatchAllAlarmsLocked  batch.size() = 1
11-13 00:13:44.596   911  1456 D AlarmManager:  whichBatch = -1
11-13 00:13:44.596   911  1456 D AlarmManager: rebatchAllAlarmsLocked  batch.size() = 1
11-13 00:13:44.596   911  1456 D AlarmManager:  whichBatch = -1
11-13 00:13:44.596   911  1456 D AlarmManager: rebatchAllAlarmsLocked  batch.size() = 1
11-13 00:13:44.596   911  1456 D AlarmManager:  whichBatch = -1
11-13 00:13:44.596   911  1456 D AlarmManager: rebatchAllAlarmsLocked  batch.size() = 1
11-13 00:13:44.596   911  1456 D AlarmManager:  whichBatch = -1
11-13 00:13:44.596   911  1456 D AlarmManager: rebatchAllAlarmsLocked  batch.size() = 1
11-13 00:13:44.596   911  1456 D AlarmManager:  whichBatch = -1
11-13 00:13:44.596   911  1456 D AlarmManager: rebatchAllAlarmsLocked  batch.size() = 1
11-13 00:13:44.596   911  1456 D AlarmManager:  whichBatch = -1
11-13 00:13:44.596   911  1456 D AlarmManager: rebatchAllAlarmsLocked  batch.size() = 1
11-13 00:13:44.596   911  1456 D AlarmManager:  whichBatch = -1
11-13 00:13:44.596   911  1456 D AlarmManager: rebatchAllAlarmsLocked  batch.size() = 1
11-13 00:13:44.596   911  1456 D AlarmManager:  whichBatch = -1
11-13 00:13:44.596   911  1456 D AlarmManager: rebatchAllAlarmsLocked  batch.size() = 1
11-13 00:13:44.596   911  1456 D AlarmManager:  whichBatch = -1
11-13 00:13:44.596   911  1456 D AlarmManager: rebatchAllAlarmsLocked  batch.size() = 1
11-13 00:13:44.596   911  1456 D AlarmManager:  whichBatch = -1
11-13 00:13:44.597   911  1456 D AlarmManager: rebatchAllAlarmsLocked  batch.size() = 1
11-13 00:13:44.597   911  1456 D AlarmManager:  whichBatch = -1
11-13 00:13:44.597   911  1456 D AlarmManager: rebatchAllAlarmsLocked  batch.size() = 1
11-13 00:13:44.597   911  1456 D AlarmManager:  whichBatch = -1
11-13 00:13:44.597   911  1456 D AlarmManager: rebatchAllAlarmsLocked  batch.size() = 1
11-13 00:13:44.597   911  1456 D AlarmManager:  whichBatch = -1
11-13 00:13:44.597   911  1456 D AlarmManager: rebatchAllAlarmsLocked  batch.size() = 1
11-13 00:13:44.597   911  1456 D AlarmManager:  whichBatch = -1
11-13 00:13:44.597   911  1456 D AlarmManager: rebatchAllAlarmsLocked  batch.size() = 1
11-13 00:13:44.597   911  1456 D AlarmManager:  whichBatch = -1
11-13 00:13:44.597   911  1456 D AlarmManager: rebatchAllAlarmsLocked  batch.size() = 1
11-13 00:13:44.597   911  1456 D AlarmManager:  whichBatch = -1
11-13 00:13:44.597   911  1456 D AlarmManager: rebatchAllAlarmsLocked  batch.size() = 1
11-13 00:13:44.597   911  1456 D AlarmManager:  whichBatch = -1
11-13 00:13:44.597   911  1456 D AlarmManager: rebatchAllAlarmsLocked  batch.size() = 1
11-13 00:13:44.597   911  1456 D AlarmManager:  whichBatch = -1
11-13 00:13:44.597   911  1456 D AlarmManager: rebatchAllAlarmsLocked  batch.size() = 1
11-13 00:13:44.597   911  1456 D AlarmManager:  whichBatch = -1
11-13 00:13:44.597   911  1456 D AlarmManager: rebatchAllAlarmsLocked  batch.size() = 1
11-13 00:13:44.597   911  1456 D AlarmManager:  whichBatch = -1
11-13 00:13:44.597   911  1456 D AlarmManager: rebatchAllAlarmsLocked  batch.size() = 1
11-13 00:13:44.597   911  1456 D AlarmManager:  whichBatch = -1
11-13 00:13:44.597   911  1456 D AlarmManager: rebatchAllAlarmsLocked  batch.size() = 1
11-13 00:13:44.598   911  1456 D AlarmManager:  whichBatch = -1
11-13 00:13:44.598   911  1456 D AlarmManager: rebatchAllAlarmsLocked  batch.size() = 1
11-13 00:13:44.598   911  1456 D AlarmManager:  whichBatch = -1
11-13 00:13:44.598   911  1456 D AlarmManager: rebatchAllAlarmsLocked  batch.size() = 1
11-13 00:13:44.598   911  1456 D AlarmManager:  whichBatch = -1
11-13 00:13:44.598   911  1456 D AlarmManager: rebatchAllAlarmsLocked  batch.size() = 1
11-13 00:13:44.598   911  1456 D AlarmManager:  whichBatch = -1
11-13 00:13:44.598   911  1456 D AlarmManager: rebatchAllAlarmsLocked  batch.size() = 1
11-13 00:13:44.598   911  1456 D AlarmManager:  whichBatch = -1
11-13 00:13:44.598   911  1456 D AlarmManager: rebatchAllAlarmsLocked  batch.size() = 1
11-13 00:13:44.598   911  1456 D AlarmManager:  whichBatch = -1
11-13 00:13:44.598   911  1456 D AlarmManager: rebatchAllAlarmsLocked  batch.size() = 1
11-13 00:13:44.598   911  1456 D AlarmManager:  whichBatch = -1
11-13 00:13:44.598   911  1456 D AlarmManager: rebatchAllAlarmsLocked  batch.size() = 1
11-13 00:13:44.598   911  1456 D AlarmManager:  whichBatch = -1
11-13 00:13:44.598   911  1456 D AlarmManager: rebatchAllAlarmsLocked  batch.size() = 1
11-13 00:13:44.598   911  1456 D AlarmManager:  whichBatch = -1
11-13 00:13:44.598   911  1456 D AlarmManager: rebatchAllAlarmsLocked  batch.size() = 1
11-13 00:13:44.598   911  1456 D AlarmManager:  whichBatch = -1
11-13 00:13:44.598   911  1456 D AlarmManager: rebatchAllAlarmsLocked  batch.size() = 1
11-13 00:13:44.598   911  1456 D AlarmManager:  whichBatch = -1
11-13 00:13:44.598   911  1456 D AlarmManager: rebatchAllAlarmsLocked  batch.size() = 1
11-13 00:13:44.598   911  1456 D AlarmManager:  whichBatch = -1
11-13 00:13:44.599   911  1456 D AlarmManager: rebatchAllAlarmsLocked  batch.size() = 1
11-13 00:13:44.599   911  1456 D AlarmManager:  whichBatch = -1
11-13 00:13:44.599   911  1456 D AlarmManager: rebatchAllAlarmsLocked  batch.size() = 1
11-13 00:13:44.599   911  1456 D AlarmManager:  whichBatch = -1
11-13 00:13:44.599   911  1456 D AlarmManager: rebatchAllAlarmsLocked  batch.size() = 1
11-13 00:13:44.599   911  1456 D AlarmManager:  whichBatch = -1
11-13 00:13:44.599   911  1456 D AlarmManager: rebatchAllAlarmsLocked  batch.size() = 1
11-13 00:13:44.599   911  1456 D AlarmManager:  whichBatch = -1
11-13 00:13:44.599   911  1456 D AlarmManager: rebatchAllAlarmsLocked  batch.size() = 1
11-13 00:13:44.599   911  1456 D AlarmManager:  whichBatch = -1
11-13 00:13:44.599   911  1456 D AlarmManager: rebatchAllAlarmsLocked  batch.size() = 1
11-13 00:13:44.599   911  1456 D AlarmManager:  whichBatch = -1
11-13 00:13:44.599   911  1456 D AlarmManager: rebatchAllAlarmsLocked  batch.size() = 1
11-13 00:13:44.599   911  1456 D AlarmManager:  whichBatch = -1
11-13 00:13:44.599   911  1456 D AlarmManager: rebatchAllAlarmsLocked  batch.size() = 1
11-13 00:13:44.599   911  1456 D AlarmManager:  whichBatch = -1
11-13 00:13:44.599   911  1456 D AlarmManager: rebatchAllAlarmsLocked  batch.size() = 1
11-13 00:13:44.599   911  1456 D AlarmManager:  whichBatch = -1
11-13 00:13:44.599   911  1456 D AlarmManager: set alarm to RTC 202098389
11-13 00:13:44.600   911  1456 D AlarmManager:  whichBatch = -1
11-13 00:13:44.600   911  1456 D AlarmManager: set alarm to RTC 202026317
11-13 00:13:44.610  1897  1897 D ActivityThread: BDC-Calling onReceive: intent=Intent { act=android.intent.action.PACKAGE_ADDED dat=package:com.computedsynergy.iot.home.remote flg=0x4000010 cmp=com.google.android.gms/.chimera.GmsIntentOperationService$PersistentTrustedReceiver (has extras) }, receiver=com.google.android.gms.chimera.GmsIntentOperationService$PersistentTrustedReceiver@36582c3
11-13 00:13:44.611 30465 30465 D ActivityThread: BDC-RECEIVER handled : 0 / ReceiverData{intent=Intent { act=android.intent.action.PACKAGE_ADDED dat=package:com.computedsynergy.iot.home.remote flg=0x4000010 cmp=com.android.vending/com.google.android.finsky.receivers.PackageMonitorReceiver$RegisteredReceiver (has extras) } packageName=com.android.vending resultCode=0 resultData=null resultExtras=null}
11-13 00:13:44.611 30465 30465 D ActivityThread: SVC-Creating service: CreateServiceData{token=android.os.BinderProxy@6a9e2f className=com.google.android.finsky.wear.WearSupportService packageName=com.android.vending intent=null}
11-13 00:13:44.611 30465 30465 D ActivityThread: SVC-CREATE_SERVICE handled : 0 / CreateServiceData{token=android.os.BinderProxy@6a9e2f className=com.google.android.finsky.wear.WearSupportService packageName=com.android.vending intent=null}
11-13 00:13:44.613  2647  2647 D ActivityThread: SVC-Calling onStartCommand: com.google.android.gms.chimera.GmsIntentOperationService@b12e454, flags=0, startId=6
11-13 00:13:44.613 30465 30465 D ActivityThread: SVC-Calling onStartCommand: com.google.android.finsky.wear.WearSupportService@f1dc3c, flags=0, startId=1
11-13 00:13:44.616  1897  1897 D ActivityThread: BDC-RECEIVER handled : 0 / ReceiverData{intent=Intent { act=android.intent.action.PACKAGE_ADDED dat=package:com.computedsynergy.iot.home.remote flg=0x4000010 cmp=com.google.android.gms/.chimera.GmsIntentOperationService$PersistentTrustedReceiver (has extras) } packageName=com.google.android.gms resultCode=0 resultData=null resultExtras=null}
11-13 00:13:44.616  1897  1897 D ActivityThread: SVC-Calling onStartCommand: com.google.android.gms.chimera.PersistentIntentOperationService@d2f69e6, flags=0, startId=5
