11-13 00:13:46.759 31121 31121 I cr_BrowserStartup: Initializing chromium process, singleProcess=true
11-13 00:13:46.764  1373  1373 D SettingsInterface:  from settings cache , name = fancy_ime_animations , value = null
11-13 00:13:46.783   235  2512 I BufferQueueProducer: [com.android.systemui.ImageWallpaper](this:0x7f7e121400,id:2092,api:1,p:1017,c:235) new GraphicBuffer needed
11-13 00:13:46.785   235  2512 I [MALI][Gralloc]: [+]hnd(0x7f843deae0), client(27), share_fd(47), hnd->flags:4
11-13 00:13:46.785   235  2512 D GraphicBuffer: alloc, handle(0x7f843deae0) (w:1280 h:1440 s:1280 f:0x2 u:0x000b00) err(0)
11-13 00:13:46.786  1017  1017 I [MALI][Gralloc]: [+]r_hnd(0x7f9033c220), client(46), share_fd(92)
11-13 00:13:46.786  1017  1017 D GraphicBuffer: register, handle(0x7f9033c220) (w:1280 h:1440 s:1280 f:0x2 u:0x000b00)
11-13 00:13:46.788   235   985 I BufferQueueProducer: [com.android.systemui.ImageWallpaper](this:0x7f7e121400,id:2092,api:1,p:1017,c:235) queueBuffer: fps=0.00 dur=534638.05 max=534638.05 min=534638.05
11-13 00:13:46.789  1017  1017 D Surface : Surface::disconnect(this=0x7faae64400,api=1)
11-13 00:13:46.789   235   437 I BufferQueueProducer: [com.android.systemui.ImageWallpaper](this:0x7f7e121400,id:2092,api:1,p:-1,c:235) disconnect(P): api 1
11-13 00:13:46.789   235   437 I BufferQueueConsumer: [com.android.systemui.ImageWallpaper](this:0x7f7e121400,id:2092,api:1,p:-1,c:235) getReleasedBuffers: returning mask 0xffffffffffffffff
11-13 00:13:46.795  1017  1017 D GraphicBuffer: unregister, handle(0x7f9033c220) (w:1280 h:1440 s:1280 f:0x2 u:0x000b00)
11-13 00:13:46.796  1017  1017 I [MALI][Gralloc]: [-]r_hnd(0x7f9033c220), client(46), share_fd(92)
11-13 00:13:46.796  1017  1017 D Surface : Surface::disconnect(this=0x7faae64400,api=1)
11-13 00:13:46.796   235   434 I BufferQueueProducer: [com.android.systemui.ImageWallpaper](this:0x7f7e121400,id:2092,api:1,p:-1,c:235) disconnect(P): api 1
11-13 00:13:46.798  1017  4233 D UserInfoController: rawAvatar = null
11-13 00:13:46.798  1017  1017 D SettingsInterface:  from settings cache , name = time_12_24 , value = null
11-13 00:13:46.798  1017  4233 D UserInfoController: Use the default profile icon
11-13 00:13:46.799   911  1622 D ActivityManager: getContentProviderImpl: from caller=android.app.ApplicationThreadProxy@ab87d50 (pid=1017, userId=0) to get content provider com.android.contacts cpr=ContentProviderRecord{ce6f8be u0 com.android.providers.contacts/.ContactsProvider2}
11-13 00:13:46.799   911  1622 D ActivityManager: getContentProviderImpl: updateLruProcessLocked cpr.proc=ProcessRecord{ecdaa0b 30363:android.process.acore/u0a2}
11-13 00:13:46.801   911  1486 V ActivityManager: Broadcast: Intent { act=com.dewav.timewidget.update flg=0x10 } ordered=false userid=-2 callerApp=ProcessRecord{49623fa 1017:com.android.systemui/u0a23}
11-13 00:13:46.802  1017  4233 D ActivityThread: holder:android.app.IActivityManager$ContentProviderHolder@e8bbbff, holder.provider:android.content.ContentProviderProxy@b00edcc
11-13 00:13:46.803   911   925 D AppOps  : noteOperation: allowing code 4 uid 10002 package com.android.providers.contacts
11-13 00:13:46.803   911   925 D AppOps  : noteOperation: allowing code 4 uid 10023 package com.android.systemui
11-13 00:13:46.804  1017  1017 D SettingsInterface:  from settings cache , name = time_12_24 , value = null
11-13 00:13:46.804   911   921 D AppOps  : noteOperation: allowing code 4 uid 10002 package com.android.providers.contacts
11-13 00:13:46.804   911   921 D AppOps  : noteOperation: allowing code 4 uid 10023 package com.android.systemui
11-13 00:13:46.804 12983 12983 E WeatherForecastProvider: WeatherForecastProvider
11-13 00:13:46.804  1017  1017 D SettingsInterface:  from settings cache , name = time_12_24 , value = null
11-13 00:13:46.804 12983 12983 D ActivityThread: BDC-Calling onReceive: intent=Intent { act=com.dewav.timewidget.update flg=0x10 cmp=com.dewav.weatherforecast/.activity.widget.WeatherForecastProvider }, receiver=com.dewav.weatherforecast.activity.widget.WeatherForecastProvider@977ed75
11-13 00:13:46.804 12983 12983 I WeatherForecastProvider: onReceive: <action>com.dewav.timewidget.update
11-13 00:13:46.804 12983 12983 V SettingsInterface: invalidate [system]: current 589 != cached 587
11-13 00:13:46.805 30363 30994 V ContactsProvider: query: uri=content://com.android.contacts/profile  projection=[_id, display_name]  selection=[null]  args=null  order=[null] CPID=1017 User=0
11-13 00:13:46.805 30363 30994 D ContactsProvider: [queryLocal]match: 19000
11-13 00:13:46.805 30363 30994 D SQLiteQueryBuilder: Performing query: SELECT _id, display_name FROM view_contacts
11-13 00:13:46.805  1017  1017 D SettingsInterface:  from settings cache , name = time_12_24 , value = null
11-13 00:13:46.806  1017  1017 D SettingsInterface:  from settings cache , name = time_12_24 , value = null
11-13 00:13:46.808  1017  1017 D SettingsInterface:  from settings cache , name = time_12_24 , value = null
11-13 00:13:46.808 12983 12983 E WeatherForecastProvider: cityname =Islamabad 
11-13 00:13:46.809  1017  1017 D SettingsInterface:  from settings cache , name = time_12_24 , value = null
11-13 00:13:46.810  1017  1017 D SettingsInterface:  from settings cache , name = time_12_24 , value = null
11-13 00:13:46.811  1017  1017 D vol.VolumeDialog: updateWindowWidth dm.w=1280
11-13 00:13:46.812  1017  1017 D SignalClusterView: vpn: GONE
11-13 00:13:46.812  1017  1017 D SignalClusterView: ethernet: GONE
11-13 00:13:46.812  1017  1017 D SignalClusterView: wifi: VISIBLE sig=2130837928
11-13 00:13:46.812  1017  1017 D SignalClusterView: mobile: VISIBLE sig=2130837899 typ=0
11-13 00:13:46.813  1017  1017 D SignalClusterView: vpn: GONE
11-13 00:13:46.813  1017  1017 D SignalClusterView: ethernet: GONE
11-13 00:13:46.813  1017  1017 D SignalClusterView: wifi: VISIBLE sig=2130837928
11-13 00:13:46.813  1017  1017 D SignalClusterView: mobile: VISIBLE sig=2130837899 typ=0
11-13 00:13:46.814  1457  1457 D AppWidgetHost: updateAppWidgetView HANDLE_UPDATE 
11-13 00:13:46.814  1457  1457 D AppWidgetHost: updateAppWidgetView appWidgetId 5 com.android.launcher3.LauncherAppWidgetHost@c56895b
11-13 00:13:46.815 12983 12983 D ActivityThread: BDC-RECEIVER handled : 0 / ReceiverData{intent=Intent { act=com.dewav.timewidget.update flg=0x10 cmp=com.dewav.weatherforecast/.activity.widget.WeatherForecastProvider } packageName=com.dewav.weatherforecast resultCode=-1 resultData=null resultExtras=null}
11-13 00:13:46.817  1017  1017 D SignalClusterView: vpn: GONE
11-13 00:13:46.817  1017  1017 D SignalClusterView: ethernet: GONE
11-13 00:13:46.818  1017  1017 D SignalClusterView: wifi: VISIBLE sig=2130837928
11-13 00:13:46.818  1017  1017 D SignalClusterView: mobile: VISIBLE sig=2130837899 typ=0
11-13 00:13:46.818  1017  1017 D SignalClusterView: vpn: GONE
11-13 00:13:46.818  1017  1017 D SignalClusterView: ethernet: GONE
11-13 00:13:46.818  1017  1017 D SignalClusterView: wifi: VISIBLE sig=2130837928
11-13 00:13:46.818  1017  1017 D SignalClusterView: mobile: VISIBLE sig=2130837899 typ=0
11-13 00:13:46.819  1017  1017 D SignalClusterView: vpn: GONE
11-13 00:13:46.819  1017  1017 D SignalClusterView: ethernet: GONE
11-13 00:13:46.819  1017  1017 D SignalClusterView: wifi: VISIBLE sig=2130837928
11-13 00:13:46.819  1017  1017 D SignalClusterView: mobile: VISIBLE sig=2130837899 typ=0
11-13 00:13:46.819  1017  1017 D SignalClusterView: vpn: GONE
11-13 00:13:46.819  1017  1017 D SignalClusterView: ethernet: GONE
11-13 00:13:46.819  1017  1017 D SignalClusterView: wifi: VISIBLE sig=2130837928
11-13 00:13:46.820  1017  1017 D SignalClusterView: mobile: VISIBLE sig=2130837899 typ=0
11-13 00:13:46.821  1017  1017 D SignalClusterView: vpn: GONE
11-13 00:13:46.821  1017  1017 D SignalClusterView: ethernet: GONE
11-13 00:13:46.821  1017  1017 D SignalClusterView: wifi: VISIBLE sig=2130837928
11-13 00:13:46.822  1017  1017 D SignalClusterView: mobile: VISIBLE sig=2130837899 typ=0
11-13 00:13:46.822  1017  1017 D SignalClusterView: vpn: GONE
11-13 00:13:46.822  1017  1017 D SignalClusterView: ethernet: GONE
11-13 00:13:46.822  1017  1017 D SignalClusterView: wifi: VISIBLE sig=2130837928
11-13 00:13:46.822  1017  1017 D SignalClusterView: mobile: VISIBLE sig=2130837899 typ=0
11-13 00:13:46.823  1017  1017 D SignalClusterView: vpn: GONE
11-13 00:13:46.823  1017  1017 D SignalClusterView: ethernet: GONE
11-13 00:13:46.823  1017  1017 D SignalClusterView: wifi: VISIBLE sig=2130837928
11-13 00:13:46.823  1017  1017 D SignalClusterView: mobile: VISIBLE sig=2130837899 typ=0
11-13 00:13:46.823  1017  1017 D SignalClusterView: vpn: GONE
11-13 00:13:46.824  1017  1017 D SignalClusterView: ethernet: GONE
11-13 00:13:46.824  1017  1017 D SignalClusterView: wifi: VISIBLE sig=2130837928
11-13 00:13:46.824  1017  1017 D SignalClusterView: mobile: VISIBLE sig=2130837899 typ=0
11-13 00:13:46.824 30363 30994 V SQLiteCursor: Cursor open object=176177453
11-13 00:13:46.824 30363 30994 V SQLiteCursor: java.lang.Throwable: stacktrace
11-13 00:13:46.824 30363 30994 V SQLiteCursor: 	at android.database.sqlite.SQLiteCursor.<init>(SQLiteCursor.java:117)
11-13 00:13:46.824 30363 30994 V SQLiteCursor: 	at android.database.sqlite.SQLiteDirectCursorDriver.query(SQLiteDirectCursorDriver.java:50)
11-13 00:13:46.824 30363 30994 V SQLiteCursor: 	at android.database.sqlite.SQLiteDatabase.rawQueryWithFactory(SQLiteDatabase.java:1346)
11-13 00:13:46.824 30363 30994 V SQLiteCursor: 	at android.database.sqlite.SQLiteQueryBuilder.query(SQLiteQueryBuilder.java:400)
11-13 00:13:46.824 30363 30994 V SQLiteCursor: 	at com.android.providers.contacts.ContactsProvider2.doQuery(ContactsProvider2.java:7212)
11-13 00:13:46.824 30363 30994 V SQLiteCursor: 	at com.android.providers.contacts.ContactsProvider2.queryLocal(ContactsProvider2.java:7149)
11-13 00:13:46.824 30363 30994 V SQLiteCursor: 	at com.android.providers.contacts.ProfileProvider.query(ProfileProvider.java:74)
11-13 00:13:46.824 30363 30994 V SQLiteCursor: 	at com.android.providers.contacts.ContactsProvider2.query(ContactsProvider2.java:5528)
11-13 00:13:46.824 30363 30994 V SQLiteCursor: 	at android.content.ContentProvider$Transport.query(ContentProvider.java:249)
11-13 00:13:46.824 30363 30994 V SQLiteCursor: 	at android.content.ContentProviderNative.onTransact(ContentProviderNative.java:112)
11-13 00:13:46.824 30363 30994 V SQLiteCursor: 	at android.os.Binder.execTransact(Binder.java:458)
11-13 00:13:46.825 30363 30994 I CursorWindowStats: Created a new Cursor. # Open Cursors=1 (# cursors opened by pid 1017=1)
11-13 00:13:46.825 30363 30994 V SQLiteStatements: /data/user/0/com.android.providers.contacts/databases/profile.db: "SELECT _id, display_name FROM view_contacts"
11-13 00:13:46.825 30363 30994 V SQLiteTime: /data/user/0/com.android.providers.contacts/databases/profile.db: "SELECT _id, display_name FROM view_contacts" took 0.000 ms
11-13 00:13:46.825 30363 30994 D SQLiteCursor: received count(*) from native_fill_window: 1
11-13 00:13:46.825 30363 30994 D ContactsProvider: [query]c.count(): 1
11-13 00:13:46.827  1017  4233 V ProviderLeakDetecter: Cursor Open:157439786 Total Opened Cursor Count:1.
11-13 00:13:46.827  1017  1686 D Surface : Surface::disconnect(this=0x7faae5f000,api=1)
11-13 00:13:46.827   235   434 I BufferQueueProducer: [StatusBar](this:0x7f80b0a800,id:6,api:1,p:-1,c:235) disconnect(P): api 1
11-13 00:13:46.828 30363 30374 V SQLiteCursor: Cursor close object=176177453
11-13 00:13:46.828   235   434 I BufferQueueConsumer: [StatusBar](this:0x7f80b0a800,id:6,api:1,p:-1,c:235) getReleasedBuffers: returning mask 0xffffffffffffffff
11-13 00:13:46.828   235   434 D GraphicBuffer: free, handle(0x7f83eca4a0) (w:720 h:48 s:720 f:0x1 u:0x000b00)
11-13 00:13:46.828   235   434 I [MALI][Gralloc]: [-]hnd(0x7f83eca4a0), client(27), share_fd(28)
11-13 00:13:46.829  1017  4233 V ProviderLeakDetecter: Cursor Close:157439786 Total Opened Cursor Count:0.
11-13 00:13:46.829  1017  1686 D GraphicBuffer: unregister, handle(0x7f8ff7d1c0) (w:720 h:48 s:720 f:0x1 u:0x000b00)
11-13 00:13:46.829  1017  1686 I [MALI][Gralloc]: [-]r_hnd(0x7f8ff7d1c0), client(46), share_fd(68)
11-13 00:13:46.829  1017  1686 D GraphicBuffer: unregister, handle(0x7f8ff7eb60) (w:720 h:48 s:720 f:0x1 u:0x000b00)
11-13 00:13:46.830  1017  1686 I [MALI][Gralloc]: [-]r_hnd(0x7f8ff7eb60), client(46), share_fd(76)
11-13 00:13:46.830  1017  1686 D Surface : Surface::disconnect(this=0x7faae5f000,api=1)
11-13 00:13:46.830   235  2512 I BufferQueueProducer: [StatusBar](this:0x7f80b0a800,id:6,api:1,p:-1,c:235) disconnect(P): api 1
11-13 00:13:46.830  1017  1686 D Surface : Surface::connect(this=0x7faae5f000,api=1)
11-13 00:13:46.830   235  7404 I BufferQueueProducer: [StatusBar](this:0x7f80b0a800,id:6,api:1,p:1017,c:235) connect(P): api=1 producer=(1017:com.android.systemui) producerControlledByApp=true
11-13 00:13:46.831  1017  1686 W libEGL  : [ANDROID_RECORDABLE] format: 1
11-13 00:13:46.831  1017  1686 D mali_winsys: new_window_surface returns 0x3000
11-13 00:13:46.840   235  7404 I BufferQueueProducer: [StatusBar](this:0x7f80b0a800,id:6,api:1,p:1017,c:235) new GraphicBuffer needed
11-13 00:13:46.840   235  7404 I [MALI][Gralloc]: [+]hnd(0x7f83ec90a0), client(27), share_fd(28), hnd->flags:4
11-13 00:13:46.840   235  7404 D GraphicBuffer: alloc, handle(0x7f83ec90a0) (w:48 h:1280 s:48 f:0x1 u:0x000b00) err(0)
11-13 00:13:46.841  1017  1686 I [MALI][Gralloc]: [+]r_hnd(0x7f8ff7d1c0), client(46), share_fd(68)
11-13 00:13:46.841  1017  1686 D GraphicBuffer: register, handle(0x7f8ff7d1c0) (w:48 h:1280 s:48 f:0x1 u:0x000b00)
11-13 00:13:46.844  1017  1017 D StatusBarHeaderView: updateVisibilities: false, true, false, false
11-13 00:13:46.848  1017  1017 D KeyguardStatusBarView: onUserInfoChanged and set new profile icon
11-13 00:13:46.856   911   932 I WindowManager: Screen frozen for +196ms due to Window{d4591c8 u0 StatusBar}
11-13 00:13:46.856   911   932 V WindowManager: Dismiss!
11-13 00:13:46.856   911   986 I libPerfService: 2: set: 4
11-13 00:13:46.856   911   986 I libPerfService: 2: set freq: 1300000
11-13 00:13:46.856   911   986 I libPerfService: 2: set vcore level: 0
11-13 00:13:46.858   235  2512 I BufferQueueProducer: [StatusBar](this:0x7f80b0a800,id:6,api:1,p:1017,c:235) new GraphicBuffer needed
11-13 00:13:46.859   235  2512 I [MALI][Gralloc]: [+]hnd(0x7f843dea40), client(27), share_fd(66), hnd->flags:4
11-13 00:13:46.859   235  2512 D GraphicBuffer: alloc, handle(0x7f843dea40) (w:48 h:1280 s:48 f:0x1 u:0x000b00) err(0)
11-13 00:13:46.859   235   235 I BufferQueue: [unnamed-235-2244](this:0x7f7e122800,id:2244,api:0,p:-1,c:-1) BufferQueue core=(235:/system/bin/surfaceflinger)
11-13 00:13:46.859   235   235 D BufferQueueDump: [unnamed-235-2244] this:0x7f843e9400, value:0x7fd182747c, iLen:6
11-13 00:13:46.860   239   523 E MAL-Daemon:  (     simmngr_cache_reply,  297) [SIM_MNGR]  297 EN_SIM:Non cache data request()!!
11-13 00:13:46.860   235   235 I BufferQueueConsumer: [unnamed-235-2244](this:0x7f7e122800,id:2244,api:0,p:-1,c:235) connect(C): consumer=(235:/system/bin/surfaceflinger) controlledByApp=false
11-13 00:13:46.860   235   235 D BufferQueueDump: [unnamed-235-2244] this:0x7f843e9400, value:0x7fd182749c, iLen:6
11-13 00:13:46.860   239   523 I MAL-Daemon:  (        simmngr_task_hdl, 1412) [SIM_MNGR] 1412 EN_SIM:atcmd = (AT+CMEE=1)
11-13 00:13:46.860   235   235 I BufferQueueConsumer: [unnamed-235-2244](this:0x7f7e122800,id:2244,api:0,p:-1,c:235) setConsumerName: unnamed-235-2244
11-13 00:13:46.860   239   523 W MAL-Daemon:  (    mdfx_task_send_event,  636) mdfx_task_send_event(): [ACT] should NOT enter this leagcy API!!
11-13 00:13:46.860   235   235 D BufferQueueDump: [BlackSurface] this:0x7f843e9400, value:0x7fd182750c, iLen:6
11-13 00:13:46.860   235   235 I BufferQueueConsumer: [BlackSurface](this:0x7f7e122800,id:2244,api:0,p:-1,c:235) setConsumerName: BlackSurface
11-13 00:13:46.860   239   498 D MAL-Daemon:  (         mdmngr_task_hdl,   36) mdmngr_task_hdl(), receive event = 101 (vendor/mediatek/proprietary/frameworks/opt/mal/entity/mdmngr/mdmngr.c:36)
11-13 00:13:46.860   239   498 D MAL-Daemon:  (         mdmngr_task_hdl,   67) EVENT_MDMNGR_ATCMD_REQ@MDMNGR, priv_data = f726ee00, channel = 3, cmd = (AT+CMEE=1) (vendor/mediatek/proprietary/frameworks/opt/mal/entity/mdmngr/mdmngr.c:67)
11-13 00:13:46.860   239   498 W MAL-Daemon:  (    mdfx_task_send_event,  636) mdfx_task_send_event(): [ACT] should NOT enter this leagcy API!!
11-13 00:13:46.860   239   522 E MAL-Daemon:  (void* rilproxy_task_hdl(,  439) rilproxy_task_hdl(), receive event = 401
11-13 00:13:46.860   239   522 E MAL-Daemon:  (void* rilproxy_task_hdl(,  505) RILD is disconnected
11-13 00:13:46.861  1017  1686 I [MALI][Gralloc]: [+]r_hnd(0x7f8ff7ea20), client(46), share_fd(76)
11-13 00:13:46.861   239   498 D MAL-Daemon:  (         mdmngr_task_hdl,   36) mdmngr_task_hdl(), receive event = 102 (vendor/mediatek/proprietary/frameworks/opt/mal/entity/mdmngr/mdmngr.c:36)
11-13 00:13:46.861  1017  1686 D GraphicBuffer: register, handle(0x7f8ff7ea20) (w:48 h:1280 s:48 f:0x1 u:0x000b00)
11-13 00:13:46.861   239   498 D MAL-Daemon:  (         mdmngr_task_hdl,  115) EVENT_MDMNGR_ATCMD_RESP@MDMNGR (vendor/mediatek/proprietary/frameworks/opt/mal/entity/mdmngr/mdmngr.c:115)
11-13 00:13:46.861   239   498 D MAL-Daemon:  (         mdmngr_task_hdl,  122) event_req = f726ee00, ID = 101 (vendor/mediatek/proprietary/frameworks/opt/mal/entity/mdmngr/mdmngr.c:122)
11-13 00:13:46.861   239   498 D MAL-Daemon:  (         mdmngr_task_hdl,  125) atcmd_resp->priv_data = f726ee80 (vendor/mediatek/proprietary/frameworks/opt/mal/entity/mdmngr/mdmngr.c:125)
11-13 00:13:46.861   239   523 E MAL-Daemon:  (     simmngr_cache_reply,  297) [SIM_MNGR]  297 EN_SIM:Non cache data request()!!
11-13 00:13:46.861   239   523 I MAL-Daemon:  (        simmngr_task_hdl, 1434) [SIM_MNGR] 1434 EN_SIM:EVENT_MDMNGR_ATCMD_RESP,event_id = 222, event_req = 0xf726ee80, result = 5, str = ()
11-13 00:13:46.861 31121 31130 I System  : FinalizerDaemon: finalize objects = 1
11-13 00:13:46.861   235   235 I BufferQueue: [unnamed-235-2245](this:0x7f7e11b000,id:2245,api:0,p:-1,c:-1) BufferQueue core=(235:/system/bin/surfaceflinger)
11-13 00:13:46.861   235   235 D BufferQueueDump: [unnamed-235-2245] this:0x7f843e92c0, value:0x7fd182747c, iLen:6
11-13 00:13:46.862   235   235 I BufferQueueConsumer: [unnamed-235-2245](this:0x7f7e11b000,id:2245,api:0,p:-1,c:235) connect(C): consumer=(235:/system/bin/surfaceflinger) controlledByApp=false
11-13 00:13:46.862   235   235 D BufferQueueDump: [unnamed-235-2245] this:0x7f843e92c0, value:0x7fd182749c, iLen:6
11-13 00:13:46.862   235   235 I BufferQueueConsumer: [unnamed-235-2245](this:0x7f7e11b000,id:2245,api:0,p:-1,c:235) setConsumerName: unnamed-235-2245
11-13 00:13:46.862   235   235 D BufferQueueDump: [BlackSurface] this:0x7f843e92c0, value:0x7fd182750c, iLen:6
11-13 00:13:46.862   235   235 I BufferQueueConsumer: [BlackSurface](this:0x7f7e11b000,id:2245,api:0,p:-1,c:235) setConsumerName: BlackSurface
11-13 00:13:46.864   239   527 W MAL-Daemon:  (             simmngr_srv, 3503) [SIM_MNGR] 3503 EN_SIM:simmngr_srv() SIM SET CMEE FAIL,result=3,error code=100,continue to retry!!
11-13 00:13:46.864   235   235 I BufferQueue: [unnamed-235-2246](this:0x7f7e128c00,id:2246,api:0,p:-1,c:-1) BufferQueue core=(235:/system/bin/surfaceflinger)
11-13 00:13:46.864   235   235 D BufferQueueDump: [unnamed-235-2246] this:0x7f843e9900, value:0x7fd182747c, iLen:6
11-13 00:13:46.864   235   235 I BufferQueueConsumer: [unnamed-235-2246](this:0x7f7e128c00,id:2246,api:0,p:-1,c:235) connect(C): consumer=(235:/system/bin/surfaceflinger) controlledByApp=false
11-13 00:13:46.864   235   235 D BufferQueueDump: [unnamed-235-2246] this:0x7f843e9900, value:0x7fd182749c, iLen:6
11-13 00:13:46.864   235   235 I BufferQueueConsumer: [unnamed-235-2246](this:0x7f7e128c00,id:2246,api:0,p:-1,c:235) setConsumerName: unnamed-235-2246
11-13 00:13:46.864   235   235 D BufferQueueDump: [BlackSurface] this:0x7f843e9900, value:0x7fd182750c, iLen:6
11-13 00:13:46.864   235   235 I BufferQueueConsumer: [BlackSurface](this:0x7f7e128c00,id:2246,api:0,p:-1,c:235) setConsumerName: BlackSurface
11-13 00:13:46.865   235   235 I BufferQueue: [unnamed-235-2247](this:0x7f7e136800,id:2247,api:0,p:-1,c:-1) BufferQueue core=(235:/system/bin/surfaceflinger)
11-13 00:13:46.865   235   235 D BufferQueueDump: [unnamed-235-2247] this:0x7f843e9a40, value:0x7fd182747c, iLen:6
11-13 00:13:46.865   235   235 I BufferQueueConsumer: [unnamed-235-2247](this:0x7f7e136800,id:2247,api:0,p:-1,c:235) connect(C): consumer=(235:/system/bin/surfaceflinger) controlledByApp=false
11-13 00:13:46.865   235   235 D BufferQueueDump: [unnamed-235-2247] this:0x7f843e9a40, value:0x7fd182749c, iLen:6
11-13 00:13:46.865   235   235 I BufferQueueConsumer: [unnamed-235-2247](this:0x7f7e136800,id:2247,api:0,p:-1,c:235) setConsumerName: unnamed-235-2247
11-13 00:13:46.865   235   235 D BufferQueueDump: [BlackSurface] this:0x7f843e9a40, value:0x7fd182750c, iLen:6
11-13 00:13:46.865   235   235 I BufferQueueConsumer: [BlackSurface](this:0x7f7e136800,id:2247,api:0,p:-1,c:235) setConsumerName: BlackSurface
11-13 00:13:46.867   911   932 D PowerManagerService: releaseWakeLockInternal: lock=129489447 [SCREEN_FROZEN], flags=0x0, total_time=207ms
11-13 00:13:46.867   911   932 D PowerManagerNotifier: onWakeLockReleased: flags=1, tag="SCREEN_FROZEN", packageName=android, ownerUid=1000, ownerPid=911, workSource=null
11-13 00:13:46.867   911   932 D PowerManagerService: updateWakeLockSummaryLocked: mWakefulness=Awake, mWakeLockSummary=0x1
11-13 00:13:46.867   911   932 D PowerManagerService: updateUserActivitySummaryLocked: mWakefulness=Awake, mUserActivitySummary=0x9, nextTimeout=67568129 (in 6482 ms)
11-13 00:13:46.867   911   932 D DisplayPowerController: requestPowerState: policy=BRIGHT, useProximitySensor=false, screenBrightness=102, screenAutoBrightnessAdjustment=0.35253906, brightnessSetByUser=true, useAutoBrightness=true, blockScreenOn=false, lowPowerMode=false, boostScreenBrightness=false, dozeScreenBrightness=-1, dozeScreenState=UNKNOWN, waitForNegativeProximity=false
11-13 00:13:46.867   911   932 I PowerManagerService: setBrightness mButtonLight, screenBrightness=102
11-13 00:13:46.867   911   932 D PowerManagerService: updateDisplayPowerStateLocked: mDisplayReady=true, policy=3, mWakefulness=1, mWakeLockSummary=0x1, mUserActivitySummary=0x9, mBootCompleted=true, mScreenBrightnessBoostInProgress=false
11-13 00:13:46.874 31121 31121 V SettingsInterface: invalidate [system]: current 589 != cached 0
11-13 00:13:46.885   235   235 D GraphicBuffer: free, handle(0x7f83eca0e0) (w:720 h:48 s:720 f:0x1 u:0x000b00)
11-13 00:13:46.885   235   235 I [MALI][Gralloc]: [-]hnd(0x7f83eca0e0), client(27), share_fd(34)
11-13 00:13:46.887 31121 31121 D MPlugin : createInstance(): Begin = 67561667
11-13 00:13:46.887 31121 31121 D MPlugin : create Instance (two parameters) with : com.mediatek.common.telephony.IOnlyOwnerSimSupport
11-13 00:13:46.887 31121 31121 D MPlugin : Clazz exists on mapping table : false
11-13 00:13:46.887 31121 31121 E MPlugin : Unsupported class: com.mediatek.common.telephony.IOnlyOwnerSimSupport
11-13 00:13:46.887 31121 31121 D MPlugin : createInstance(): End = 67561667
11-13 00:13:46.888  1392  2150 D SettingsInterface:  from settings cache , name = multi_sim_voice_call , value = null
11-13 00:13:46.893   235  2512 I SurfaceFlinger: EventThread Client Pid (31121) created
11-13 00:13:46.912 31121 31121 E MultiWindowProxy: getServiceInstance failed!
11-13 00:13:46.920 31121 31121 D WebView : setInitialScale=0
11-13 00:13:46.923 31121 31121 D SystemWebViewEngine: CordovaWebView is running on device made by: Dewav
11-13 00:13:46.929 31121 31121 D WebView : addJavascriptInterface=_cordovaNative
11-13 00:13:46.964   239   523 E MAL-Daemon:  (     simmngr_cache_reply,  297) [SIM_MNGR]  297 EN_SIM:Non cache data request()!!
11-13 00:13:46.964   239   523 I MAL-Daemon:  (        simmngr_task_hdl, 1412) [SIM_MNGR] 1412 EN_SIM:atcmd = (AT+CMEE=1)
11-13 00:13:46.964   239   523 W MAL-Daemon:  (    mdfx_task_send_event,  636) mdfx_task_send_event(): [ACT] should NOT enter this leagcy API!!
11-13 00:13:46.964   239   498 D MAL-Daemon:  (         mdmngr_task_hdl,   36) mdmngr_task_hdl(), receive event = 101 (vendor/mediatek/proprietary/frameworks/opt/mal/entity/mdmngr/mdmngr.c:36)
11-13 00:13:46.965   239   498 D MAL-Daemon:  (         mdmngr_task_hdl,   67) EVENT_MDMNGR_ATCMD_REQ@MDMNGR, priv_data = f726ea00, channel = 3, cmd = (AT+CMEE=1) (vendor/mediatek/proprietary/frameworks/opt/mal/entity/mdmngr/mdmngr.c:67)
11-13 00:13:46.965   239   498 W MAL-Daemon:  (    mdfx_task_send_event,  636) mdfx_task_send_event(): [ACT] should NOT enter this leagcy API!!
11-13 00:13:46.965   239   522 E MAL-Daemon:  (void* rilproxy_task_hdl(,  439) rilproxy_task_hdl(), receive event = 401
11-13 00:13:46.965   239   522 E MAL-Daemon:  (void* rilproxy_task_hdl(,  505) RILD is disconnected
11-13 00:13:46.965   239   498 D MAL-Daemon:  (         mdmngr_task_hdl,   36) mdmngr_task_hdl(), receive event = 102 (vendor/mediatek/proprietary/frameworks/opt/mal/entity/mdmngr/mdmngr.c:36)
11-13 00:13:46.965   239   498 D MAL-Daemon:  (         mdmngr_task_hdl,  115) EVENT_MDMNGR_ATCMD_RESP@MDMNGR (vendor/mediatek/proprietary/frameworks/opt/mal/entity/mdmngr/mdmngr.c:115)
11-13 00:13:46.965   239   498 D MAL-Daemon:  (         mdmngr_task_hdl,  122) event_req = f726ea00, ID = 101 (vendor/mediatek/proprietary/frameworks/opt/mal/entity/mdmngr/mdmngr.c:122)
11-13 00:13:46.965   239   498 D MAL-Daemon:  (         mdmngr_task_hdl,  125) atcmd_resp->priv_data = f726ef00 (vendor/mediatek/proprietary/frameworks/opt/mal/entity/mdmngr/mdmngr.c:125)
11-13 00:13:46.965   239   523 E MAL-Daemon:  (     simmngr_cache_reply,  297) [SIM_MNGR]  297 EN_SIM:Non cache data request()!!
11-13 00:13:46.965   239   523 I MAL-Daemon:  (        simmngr_task_hdl, 1434) [SIM_MNGR] 1434 EN_SIM:EVENT_MDMNGR_ATCMD_RESP,event_id = 222, event_req = 0xf726ef00, result = 5, str = ()
11-13 00:13:46.965   239   527 W MAL-Daemon:  (             simmngr_srv, 3503) [SIM_MNGR] 3503 EN_SIM:simmngr_srv() SIM SET CMEE FAIL,result=3,error code=100,continue to retry!!
11-13 00:13:46.992 31121 31121 D WindowClient: Add to mViews: com.android.internal.policy.PhoneWindow$DecorView{74c984d V.E...... R.....I. 0,0-0,0}, this = android.view.WindowManagerGlobal@f7e537c
11-13 00:13:46.993 31121 31121 D OpenGLRenderer: Dumper init 2 threads <0x7f96853940>
11-13 00:13:46.993 31121 31121 D OpenGLRenderer: <com.computedsynergy.iot.home.remote> is running.
11-13 00:13:46.995   235  7404 I SurfaceFlinger: EventThread Client Pid (31121) created
11-13 00:13:46.995 31121 31163 D OpenGLRenderer: Use EGL_SWAP_BEHAVIOR_PRESERVED: false
11-13 00:13:46.995 31121 31163 D OpenGLRenderer: CanvasContext() 0x7f94678000
11-13 00:13:47.010 31121 31121 I [MALI][Gralloc]: [+]r_hnd(0x7f942bb080), client(59), share_fd(58)
11-13 00:13:47.010 31121 31121 D GraphicBuffer: register, handle(0x7f942bb080) (w:1216 h:2048 s:1216 f:0x1 u:0x000100)
11-13 00:13:47.012 31121 31121 D ViewRootImpl: hardware acceleration is enabled, this = ViewRoot{4218405 com.computedsynergy.iot.home.remote/com.computedsynergy.iot.home.remote.MainActivity,ident = 0}
11-13 00:13:47.014   235   437 I SurfaceFlinger: [SF client] NEW(0x7f807ef3c0) for (911:system_server)
11-13 00:13:47.015   911  1656 D WindowManager: addWindowToListInOrderLocked: win=Window{5cdda80 u0 com.computedsynergy.iot.home.remote/com.computedsynergy.iot.home.remote.MainActivity} Callers=com.android.server.wm.WindowManagerService.addWindow:2772 com.android.server.wm.Session.addToDisplay:171 android.view.IWindowSession$Stub.onTransact:124 com.android.server.wm.Session.onTransact:133 
11-13 00:13:47.015   911  1656 V WindowManager: Looking for focus: 12 = Window{d4591c8 u0 StatusBar}, flags=-2122055608, canReceive=false
11-13 00:13:47.015   911  1656 V WindowManager: findFocusedWindow: Found new focus @ 8 = Window{5cdda80 u0 com.computedsynergy.iot.home.remote/com.computedsynergy.iot.home.remote.MainActivity}
11-13 00:13:47.015   911  1656 V WindowManager: Changing focus from null to Window{5cdda80 u0 com.computedsynergy.iot.home.remote/com.computedsynergy.iot.home.remote.MainActivity} Callers=com.android.server.wm.WindowManagerService.addWindow:2812 com.android.server.wm.Session.addToDisplay:171 android.view.IWindowSession$Stub.onTransact:124 com.android.server.wm.Session.onTransact:133 
11-13 00:13:47.015   911  1656 D WindowManager: Input focus has changed to Window{5cdda80 u0 com.computedsynergy.iot.home.remote/com.computedsynergy.iot.home.remote.MainActivity}
11-13 00:13:47.016   911   932 I WindowManager: Focus moving from null to Window{5cdda80 u0 com.computedsynergy.iot.home.remote/com.computedsynergy.iot.home.remote.MainActivity}
11-13 00:13:47.016  1017  1017 D PhoneStatusBar: setSystemUiVisibility vis=8000 mask=ffffffff oldVal=8600 newVal=8000 diff=600
11-13 00:13:47.016   911   932 I WindowManager: Gaining focus: Window{5cdda80 u0 com.computedsynergy.iot.home.remote/com.computedsynergy.iot.home.remote.MainActivity}
11-13 00:13:47.016  1017  1017 D PhoneStatusBar: hiding the MENU button
11-13 00:13:47.027   911   972 D WifiStateMachine:  ConnectedState (when=-3ms what=131155 arg1=172!CMD_RSSI_POLL  rt=67561806/202013767 172 0 "cs24" a0:f3:c1:b7:cc:99 rssi=-52 f=2437 sc=60 link=135 tx=199.5, 0.0, 0.0  rx=95.1 bcn=0 [on:0 tx:0 rx:0 period:2909] from screen [on:0 period:1509277203] gl hn rssi=-47 ag=0 hr ticks 0,0,0 ls-=0 [56,56,60,60,65] brc=0 lrc=0 offload-stopped
11-13 00:13:47.028   911   972 D WifiStateMachine:  L2ConnectedState (when=-4ms what=131155 arg1=172!CMD_RSSI_POLL  rt=67561807/202013768 172 0 "cs24" a0:f3:c1:b7:cc:99 rssi=-52 f=2437 sc=60 link=135 tx=199.5, 0.0, 0.0  rx=95.1 bcn=0 [on:0 tx:0 rx:0 period:1] from screen [on:0 period:1509277204] gl hn rssi=-47 ag=0 hr ticks 0,0,0 ls-=0 [56,56,60,60,65] brc=0 lrc=0 offload-stopped
11-13 00:13:47.028   911   972 D WifiStateMachine:  get link layer stats 0
11-13 00:13:47.029   911   972 D WifiHW  : enter -->wifi_send_command cmd=IFNAME=wlan0 SIGNAL_POLL
11-13 00:13:47.029 30009 30009 D wpa_supplicant: wlan0: Control interface command 'SIGNAL_POLL'
11-13 00:13:47.032   911   972 D WifiHW  : leave --> reply=RSSI=-54
11-13 00:13:47.032   911   972 D WifiHW  : LINKSPEED=135
11-13 00:13:47.032   911   972 D WifiHW  : NOISE=9999
11-13 00:13:47.032   911   972 D WifiHW  : FREQUENCY=2437
11-13 00:13:47.032   911   972 D WifiHW  : 
11-13 00:13:47.032   911   972 I WifiStateMachine: fetchRssiLinkSpeedAndFrequencyNative, newRssi:-54, newLinkSpeed:135, SSID:"cs24"
11-13 00:13:47.032   911   972 D WifiStateMachine: mLastSignalLevel:4, newSignalLevel:4
11-13 00:13:47.032   911   972 E WifiConfigStore: updateConfiguration freq=2437 BSSID=a0:f3:c1:b7:cc:99 RSSI=-52 "cs24"WPA_PSK
11-13 00:13:47.033   911   972 V ActivityManager: Broadcast sticky: Intent { act=android.net.wifi.RSSI_CHANGED flg=0x4000010 (has extras) } ordered=false userid=-1 callerApp=ProcessRecord{a1ba9eb 911:system/1000}
11-13 00:13:47.033   911   999 D WifiWatchdogStateMachine: RSSI current: 4 new: -54, 4
11-13 00:13:47.034  1017  1505 D NetworkController: onReceive: intent=Intent { act=android.net.wifi.RSSI_CHANGED flg=0x4000010 (has extras) }
11-13 00:13:47.034   911  1653 D ConnectivityService: getActiveNetworkInfo networkInfo = [type: WIFI[], state: CONNECTED/CONNECTED, reason: (unspecified), extra: "cs24", roaming: false, failover: false, isAvailable: true]
11-13 00:13:47.035  1017  1505 D NetworkController.WifiSignalController: Change in state from: connected=true,enabled=true,level=4,inetCondition=1,iconGroup=IconGroup(Wi-Fi Icons),activityIn=true,activityOut=true,rssi=-52,showDataActivityIcon=false,lastModified=11-13 12:13:41,ssid="cs24"
11-13 00:13:47.035  1017  1505 D NetworkController.WifiSignalController: 	to: connected=true,enabled=true,level=4,inetCondition=1,iconGroup=IconGroup(Wi-Fi Icons),activityIn=true,activityOut=true,rssi=-54,showDataActivityIcon=false,lastModified=11-13 12:13:41,ssid="cs24"
11-13 00:13:47.035  1017  1017 D SignalClusterView: vpn: GONE
11-13 00:13:47.035  1017  1017 D SignalClusterView: ethernet: GONE
11-13 00:13:47.035  1017  1017 D SignalClusterView: wifi: VISIBLE sig=2130837928
11-13 00:13:47.036  1017  1017 D SignalClusterView: mobile: VISIBLE sig=2130837899 typ=0
11-13 00:13:47.036  1017  1017 D SignalClusterView: vpn: GONE
11-13 00:13:47.036  1017  1017 D SignalClusterView: ethernet: GONE
11-13 00:13:47.036  1017  1017 D SignalClusterView: wifi: VISIBLE sig=2130837928
11-13 00:13:47.037  1017  1017 D SignalClusterView: mobile: VISIBLE sig=2130837899 typ=0
11-13 00:13:47.037  1017  1017 D SignalClusterView: vpn: GONE
11-13 00:13:47.037  1017  1017 D SignalClusterView: ethernet: GONE
11-13 00:13:47.037  1017  1017 D SignalClusterView: wifi: VISIBLE sig=2130837928
11-13 00:13:47.037  1017  1017 D SignalClusterView: mobile: VISIBLE sig=2130837899 typ=0
11-13 00:13:47.038   911  1456 D ConnectivityService: getActiveNetworkInfo networkInfo = [type: WIFI[], state: CONNECTED/CONNECTED, reason: (unspecified), extra: "cs24", roaming: false, failover: false, isAvailable: true]
11-13 00:13:47.043 31121 31121 D WindowClient: Add to mViews: com.android.internal.policy.PhoneWindow$DecorView{db9fd86 V.E...... R.....I. 0,0-0,0}, this = android.view.WindowManagerGlobal@f7e537c
11-13 00:13:47.043 31121 31163 D OpenGLRenderer: CanvasContext() 0x7f9467b800
11-13 00:13:47.045 31121 31121 D ViewRootImpl: hardware acceleration is enabled, this = ViewRoot{41e8028 com.computedsynergy.iot.home.remote/com.computedsynergy.iot.home.remote.MainActivity,ident = 1}
11-13 00:13:47.047   911   922 D WindowManager: addWindowToListInOrderLocked: win=Window{fbbb4fe u0 com.computedsynergy.iot.home.remote/com.computedsynergy.iot.home.remote.MainActivity} Callers=com.android.server.wm.WindowManagerService.addWindow:2772 com.android.server.wm.Session.addToDisplay:171 android.view.IWindowSession$Stub.onTransact:124 com.android.server.wm.Session.onTransact:133 
11-13 00:13:47.047   911   922 V WindowManager: Looking for focus: 13 = Window{d4591c8 u0 StatusBar}, flags=-2122055608, canReceive=false
11-13 00:13:47.047   911   922 V WindowManager: findFocusedWindow: Found new focus @ 9 = Window{fbbb4fe u0 com.computedsynergy.iot.home.remote/com.computedsynergy.iot.home.remote.MainActivity}
11-13 00:13:47.047   911   922 V WindowManager: Changing focus from Window{5cdda80 u0 com.computedsynergy.iot.home.remote/com.computedsynergy.iot.home.remote.MainActivity} to Window{fbbb4fe u0 com.computedsynergy.iot.home.remote/com.computedsynergy.iot.home.remote.MainActivity} Callers=com.android.server.wm.WindowManagerService.addWindow:2812 com.android.server.wm.Session.addToDisplay:171 android.view.IWindowSession$Stub.onTransact:124 com.android.server.wm.Session.onTransact:133 
11-13 00:13:47.047   911   922 D WindowManager: Input focus has changed to Window{fbbb4fe u0 com.computedsynergy.iot.home.remote/com.computedsynergy.iot.home.remote.MainActivity}
11-13 00:13:47.048   911   932 I WindowManager: Focus moving from Window{5cdda80 u0 com.computedsynergy.iot.home.remote/com.computedsynergy.iot.home.remote.MainActivity} to Window{fbbb4fe u0 com.computedsynergy.iot.home.remote/com.computedsynergy.iot.home.remote.MainActivity}
11-13 00:13:47.048   911   932 I WindowManager: Gaining focus: Window{fbbb4fe u0 com.computedsynergy.iot.home.remote/com.computedsynergy.iot.home.remote.MainActivity}
11-13 00:13:47.049 31121 31121 D WebView : loadUrl=file:///android_asset/www/index.html
11-13 00:13:47.054   234   234 E SELinux : avc:  denied  { find } for service=batteryproperties scontext=u:r:untrusted_app:s0:c512,c768 tcontext=u:object_r:healthd_service:s0 tclass=service_manager
11-13 00:13:47.055   251  7476 V AudioPolicyService: registerClient() client 0xec33de00, uid 10143
11-13 00:13:47.056 31121 31155 W cr_media: Requires BLUETOOTH permission
11-13 00:13:47.059 31121 31121 I cr_Ime  : ImeThread is enabled.
11-13 00:13:47.061 31121 31121 V SettingsInterface: invalidate [secure]: current 5 != cached 0
11-13 00:13:47.066   239   523 E MAL-Daemon:  (     simmngr_cache_reply,  297) [SIM_MNGR]  297 EN_SIM:Non cache data request()!!
11-13 00:13:47.066   239   523 I MAL-Daemon:  (        simmngr_task_hdl, 1412) [SIM_MNGR] 1412 EN_SIM:atcmd = (AT+CMEE=1)
11-13 00:13:47.066   239   523 W MAL-Daemon:  (    mdfx_task_send_event,  636) mdfx_task_send_event(): [ACT] should NOT enter this leagcy API!!
11-13 00:13:47.066   239   498 D MAL-Daemon:  (         mdmngr_task_hdl,   36) mdmngr_task_hdl(), receive event = 101 (vendor/mediatek/proprietary/frameworks/opt/mal/entity/mdmngr/mdmngr.c:36)
11-13 00:13:47.066   239   498 D MAL-Daemon:  (         mdmngr_task_hdl,   67) EVENT_MDMNGR_ATCMD_REQ@MDMNGR, priv_data = f726ee80, channel = 3, cmd = (AT+CMEE=1) (vendor/mediatek/proprietary/frameworks/opt/mal/entity/mdmngr/mdmngr.c:67)
11-13 00:13:47.066   239   498 W MAL-Daemon:  (    mdfx_task_send_event,  636) mdfx_task_send_event(): [ACT] should NOT enter this leagcy API!!
11-13 00:13:47.066   239   522 E MAL-Daemon:  (void* rilproxy_task_hdl(,  439) rilproxy_task_hdl(), receive event = 401
11-13 00:13:47.066   239   522 E MAL-Daemon:  (void* rilproxy_task_hdl(,  505) RILD is disconnected
11-13 00:13:47.066   239   498 D MAL-Daemon:  (         mdmngr_task_hdl,   36) mdmngr_task_hdl(), receive event = 102 (vendor/mediatek/proprietary/frameworks/opt/mal/entity/mdmngr/mdmngr.c:36)
11-13 00:13:47.066   239   498 D MAL-Daemon:  (         mdmngr_task_hdl,  115) EVENT_MDMNGR_ATCMD_RESP@MDMNGR (vendor/mediatek/proprietary/frameworks/opt/mal/entity/mdmngr/mdmngr.c:115)
11-13 00:13:47.066   239   498 D MAL-Daemon:  (         mdmngr_task_hdl,  122) event_req = f726ee80, ID = 101 (vendor/mediatek/proprietary/frameworks/opt/mal/entity/mdmngr/mdmngr.c:122)
11-13 00:13:47.066   239   498 D MAL-Daemon:  (         mdmngr_task_hdl,  125) atcmd_resp->priv_data = f726ee00 (vendor/mediatek/proprietary/frameworks/opt/mal/entity/mdmngr/mdmngr.c:125)
11-13 00:13:47.066   239   523 E MAL-Daemon:  (     simmngr_cache_reply,  297) [SIM_MNGR]  297 EN_SIM:Non cache data request()!!
11-13 00:13:47.066   239   523 I MAL-Daemon:  (        simmngr_task_hdl, 1434) [SIM_MNGR] 1434 EN_SIM:EVENT_MDMNGR_ATCMD_RESP,event_id = 222, event_req = 0xf726ee00, result = 5, str = ()
11-13 00:13:47.066   239   527 W MAL-Daemon:  (             simmngr_srv, 3503) [SIM_MNGR] 3503 EN_SIM:simmngr_srv() SIM SET CMEE FAIL,result=3,error code=100,continue to retry!!
11-13 00:13:47.075 31121 31121 V ActivityThread: Performing resume of ActivityRecord{ecf81d5 token=android.os.BinderProxy@7a75dea {com.computedsynergy.iot.home.remote/com.computedsynergy.iot.home.remote.MainActivity}}
11-13 00:13:47.075 31121 31121 D WebView : resumeTimers
11-13 00:13:47.076 31121 31121 D ActivityThread: ACT-AM_ON_RESUME_CALLED ActivityRecord{ecf81d5 token=android.os.BinderProxy@7a75dea {com.computedsynergy.iot.home.remote/com.computedsynergy.iot.home.remote.MainActivity}}
11-13 00:13:47.076 31121 31121 V ActivityThread: Resume ActivityRecord{ecf81d5 token=android.os.BinderProxy@7a75dea {com.computedsynergy.iot.home.remote/com.computedsynergy.iot.home.remote.MainActivity}} started activity: false, hideForNow: false, finished: false
11-13 00:13:47.076 31121 31121 V PhoneWindow: DecorView setVisiblity: visibility = 4 ,Parent =null, this =com.android.internal.policy.PhoneWindow$DecorView{a63a823 I.E...... R.....ID 0,0-0,0}
11-13 00:13:47.077 31121 31121 D WindowClient: Add to mViews: com.android.internal.policy.PhoneWindow$DecorView{a63a823 I.E...... R.....ID 0,0-0,0}, this = android.view.WindowManagerGlobal@f7e537c
11-13 00:13:47.078 31121 31163 D OpenGLRenderer: CanvasContext() 0x7f94002000
11-13 00:13:47.079  1017  1505 D NetworkController.MobileSignalController(1): onSignalStrengthsChanged signalStrength=SignalStrength: 14 26 -120 -160 -6 0 -1 99 2147483647 -2147483647 2147483647 2147483647 2147483647 gsm|lte 1 -324 -45 level=4
11-13 00:13:47.079  1017  1505 D NetworkController.MobileSignalController(1): updateTelephonySignalStrength: hasService=true ss=SignalStrength: 14 26 -120 -160 -6 0 -1 99 2147483647 -2147483647 2147483647 2147483647 2147483647 gsm|lte 1 -324 -45
11-13 00:13:47.080   911  5689 V ActivityManager: Broadcast sticky: Intent { act=android.intent.action.SIG_STR flg=0x20000010 (has extras) } ordered=false userid=-1 callerApp=ProcessRecord{a1ba9eb 911:system/1000}
11-13 00:13:47.080  1017  1505 D NetworkTypeUtils: getNetworkType: type=10
11-13 00:13:47.080  1017  1505 D NetworkTypeUtils: getNetworkTypeIcon iconId = 2130837883
11-13 00:13:47.080  1017  1505 D MobileSignalController: updateTelephony: connected = true, level = 4, subId = 1, slotId = 0, simCount = 2
11-13 00:13:47.081 31121 31121 D ViewRootImpl: hardware acceleration is enabled, this = ViewRoot{e22607d com.computedsynergy.iot.home.remote/com.computedsynergy.iot.home.remote.MainActivity,ident = 2}
11-13 00:13:47.082   911  1485 D WindowManager: addWindowToListInOrderLocked: win=Window{83f65d6 u0 com.computedsynergy.iot.home.remote/com.computedsynergy.iot.home.remote.MainActivity} Callers=com.android.server.wm.WindowManagerService.addWindow:2772 com.android.server.wm.Session.addToDisplay:171 android.view.IWindowSession$Stub.onTransact:124 com.android.server.wm.Session.onTransact:133 
11-13 00:13:47.083 31121 31121 V ActivityThread: Resuming ActivityRecord{ecf81d5 token=android.os.BinderProxy@7a75dea {com.computedsynergy.iot.home.remote/com.computedsynergy.iot.home.remote.MainActivity}} with isForward=true
11-13 00:13:47.084 31121 31121 V PhoneWindow: DecorView setVisiblity: visibility = 0 ,Parent =ViewRoot{e22607d com.computedsynergy.iot.home.remote/com.computedsynergy.iot.home.remote.MainActivity,ident = 2}, this =com.android.internal.policy.PhoneWindow$DecorView{a63a823 V.E...... R.....ID 0,0-0,0}
11-13 00:13:47.084 31121 31121 V ActivityThread: Scheduling idle handler for ActivityRecord{ecf81d5 token=android.os.BinderProxy@7a75dea {com.computedsynergy.iot.home.remote/com.computedsynergy.iot.home.remote.MainActivity}}
11-13 00:13:47.084 31121 31121 D ActivityThread: ACT-LAUNCH_ACTIVITY handled : 0 / ActivityRecord{ecf81d5 token=android.os.BinderProxy@7a75dea {com.computedsynergy.iot.home.remote/com.computedsynergy.iot.home.remote.MainActivity}}
11-13 00:13:47.092   911   932 I WindowManager:   FREEZE Surface(name=ScreenshotSurface): DESTROY
11-13 00:13:47.107 31121 31172 E libEGL  : validate_display:255 error 3008 (EGL_BAD_DISPLAY)
11-13 00:13:47.108   235   235 I BufferQueueConsumer: [ScreenshotSurface](this:0x7f7e119c00,id:2243,api:1,p:-1,c:-1) disconnect(C)
11-13 00:13:47.108   235   235 I BufferQueueConsumer: [BlackSurface](this:0x7f7e122800,id:2244,api:0,p:-1,c:-1) disconnect(C)
11-13 00:13:47.108   235   235 I BufferQueueConsumer: [BlackSurface](this:0x7f7e11b000,id:2245,api:0,p:-1,c:-1) disconnect(C)
11-13 00:13:47.109   235   235 I BufferQueueConsumer: [BlackSurface](this:0x7f7e128c00,id:2246,api:0,p:-1,c:-1) disconnect(C)
11-13 00:13:47.109   235   235 I BufferQueueConsumer: [BlackSurface](this:0x7f7e136800,id:2247,api:0,p:-1,c:-1) disconnect(C)
11-13 00:13:47.110   235   235 I BufferQueue: [ScreenshotSurface](this:0x7f7e119c00,id:2243,api:1,p:-1,c:-1) ~BufferQueueCore
11-13 00:13:47.110   235   235 I BufferQueue: [BlackSurface](this:0x7f7e122800,id:2244,api:0,p:-1,c:-1) ~BufferQueueCore
11-13 00:13:47.110   235   235 I BufferQueue: [BlackSurface](this:0x7f7e11b000,id:2245,api:0,p:-1,c:-1) ~BufferQueueCore
11-13 00:13:47.110   235   235 I BufferQueue: [BlackSurface](this:0x7f7e128c00,id:2246,api:0,p:-1,c:-1) ~BufferQueueCore
11-13 00:13:47.110   235   235 I BufferQueue: [BlackSurface](this:0x7f7e136800,id:2247,api:0,p:-1,c:-1) ~BufferQueueCore
11-13 00:13:47.110   235   235 D GraphicBuffer: free, handle(0x7f83ec9dc0) (w:720 h:1280 s:720 f:0x1 u:0x000b33)
11-13 00:13:47.111   235   235 I [MALI][Gralloc]: [-]hnd(0x7f83ec9dc0), client(27), share_fd(52)
11-13 00:13:47.115 31121 31172 W AudioCapabilities: Unsupported mime audio/mpeg-L2
11-13 00:13:47.118 31121 31172 W AudioCapabilities: Unsupported mime audio/x-adpcm-ms
11-13 00:13:47.119 31121 31172 W AudioCapabilities: Unsupported mime audio/x-adpcm-dvi-ima
11-13 00:13:47.126 31121 31172 W AudioCapabilities: Unsupported mime audio/ape
11-13 00:13:47.127 31121 31172 W AudioCapabilities: Unsupported mime audio/alac
11-13 00:13:47.130 31121 31172 W AudioCapabilities: Unsupported mime audio/x-adpcm-ms
11-13 00:13:47.131 31121 31172 W AudioCapabilities: Unsupported mime audio/x-adpcm-dvi-ima
11-13 00:13:47.137 31121 31172 W VideoCapabilities: Unrecognized profile/level 32768/2 for video/mp4v-es
11-13 00:13:47.147 31121 31121 D ActivityThread: ACT-ACTIVITY_CONFIGURATION_CHANGED handled : 0 / android.app.ActivityThread$ActivityConfigChangeData@71adbc3
11-13 00:13:47.148 31121 31172 W VideoCapabilities: Unsupported mime video/x-ms-wmv
11-13 00:13:47.151 31121 31172 W VideoCapabilities: Unsupported mime video/divx
11-13 00:13:47.153 31121 31172 W VideoCapabilities: Unsupported mime video/divx3
11-13 00:13:47.155 31121 31121 D SettingsInterface:  from settings cache , name = accessibility_captioning_enabled , value = null
11-13 00:13:47.155 31121 31121 D SettingsInterface:  from settings cache , name = accessibility_captioning_font_scale , value = null
11-13 00:13:47.156 31121 31121 D SettingsInterface:  from settings cache , name = accessibility_captioning_locale , value = null
11-13 00:13:47.156 31121 31121 D SettingsInterface:  from settings cache , name = accessibility_captioning_preset , value = null
11-13 00:13:47.156 31121 31172 W VideoCapabilities: Unsupported mime video/xvid
11-13 00:13:47.158 31121 31172 W VideoCapabilities: Unsupported mime video/flv1
11-13 00:13:47.159   235   235 I BufferQueue: [unnamed-235-2248](this:0x7f7e136800,id:2248,api:0,p:-1,c:-1) BufferQueue core=(235:/system/bin/surfaceflinger)
11-13 00:13:47.159   235   235 D BufferQueueDump: [unnamed-235-2248] this:0x7f843e9a40, value:0x7fd182747c, iLen:6
11-13 00:13:47.159   235   235 I BufferQueueConsumer: [unnamed-235-2248](this:0x7f7e136800,id:2248,api:0,p:-1,c:235) connect(C): consumer=(235:/system/bin/surfaceflinger) controlledByApp=false
11-13 00:13:47.159   235   235 D BufferQueueDump: [unnamed-235-2248] this:0x7f843e9a40, value:0x7fd182749c, iLen:6
11-13 00:13:47.159   235   235 I BufferQueueConsumer: [unnamed-235-2248](this:0x7f7e136800,id:2248,api:0,p:-1,c:235) setConsumerName: unnamed-235-2248
11-13 00:13:47.159   235   235 D BufferQueueDump: [com.computedsynergy.iot.home.remote/com.computedsynergy.iot.home.remote.MainActivity] this:0x7f843e9a40, value:0x7fd182750c, iLen:6
11-13 00:13:47.159   235   235 I BufferQueueConsumer: [com.computedsynergy.iot.home.remote/com.computedsynergy.iot.home.remote.MainActivity](this:0x7f7e136800,id:2248,api:0,p:-1,c:235) setConsumerName: com.computedsynergy.iot.home.remote/com.computedsynergy.iot.home.remote.MainActivity
11-13 00:13:47.159   235   235 I BufferQueueConsumer: [com.computedsynergy.iot.home.remote/com.computedsynergy.iot.home.remote.MainActivity](this:0x7f7e136800,id:2248,api:0,p:-1,c:235) setDefaultBufferSize: width=1 height=1
11-13 00:13:47.160   911  1456 V WindowManager: Looking for focus: 14 = Window{d4591c8 u0 StatusBar}, flags=-2122055608, canReceive=false
11-13 00:13:47.161   911  1456 V WindowManager: findFocusedWindow: Found new focus @ 10 = Window{fbbb4fe u0 com.computedsynergy.iot.home.remote/com.computedsynergy.iot.home.remote.MainActivity}
11-13 00:13:47.167   239   523 E MAL-Daemon:  (     simmngr_cache_reply,  297) [SIM_MNGR]  297 EN_SIM:Non cache data request()!!
11-13 00:13:47.167   239   523 I MAL-Daemon:  (        simmngr_task_hdl, 1412) [SIM_MNGR] 1412 EN_SIM:atcmd = (AT+CMEE=1)
11-13 00:13:47.167   239   523 W MAL-Daemon:  (    mdfx_task_send_event,  636) mdfx_task_send_event(): [ACT] should NOT enter this leagcy API!!
11-13 00:13:47.167   239   498 D MAL-Daemon:  (         mdmngr_task_hdl,   36) mdmngr_task_hdl(), receive event = 101 (vendor/mediatek/proprietary/frameworks/opt/mal/entity/mdmngr/mdmngr.c:36)
11-13 00:13:47.167   239   498 D MAL-Daemon:  (         mdmngr_task_hdl,   67) EVENT_MDMNGR_ATCMD_REQ@MDMNGR, priv_data = f726ef00, channel = 3, cmd = (AT+CMEE=1) (vendor/mediatek/proprietary/frameworks/opt/mal/entity/mdmngr/mdmngr.c:67)
11-13 00:13:47.167   239   498 W MAL-Daemon:  (    mdfx_task_send_event,  636) mdfx_task_send_event(): [ACT] should NOT enter this leagcy API!!
11-13 00:13:47.167   239   522 E MAL-Daemon:  (void* rilproxy_task_hdl(,  439) rilproxy_task_hdl(), receive event = 401
11-13 00:13:47.167   239   522 E MAL-Daemon:  (void* rilproxy_task_hdl(,  505) RILD is disconnected
11-13 00:13:47.167   239   498 D MAL-Daemon:  (         mdmngr_task_hdl,   36) mdmngr_task_hdl(), receive event = 102 (vendor/mediatek/proprietary/frameworks/opt/mal/entity/mdmngr/mdmngr.c:36)
11-13 00:13:47.167   239   498 D MAL-Daemon:  (         mdmngr_task_hdl,  115) EVENT_MDMNGR_ATCMD_RESP@MDMNGR (vendor/mediatek/proprietary/frameworks/opt/mal/entity/mdmngr/mdmngr.c:115)
11-13 00:13:47.167   239   498 D MAL-Daemon:  (         mdmngr_task_hdl,  122) event_req = f726ef00, ID = 101 (vendor/mediatek/proprietary/frameworks/opt/mal/entity/mdmngr/mdmngr.c:122)
11-13 00:13:47.167   239   498 D MAL-Daemon:  (         mdmngr_task_hdl,  125) atcmd_resp->priv_data = f726ea00 (vendor/mediatek/proprietary/frameworks/opt/mal/entity/mdmngr/mdmngr.c:125)
