11-13 00:13:44.971   911   960 D PowerGuruService: alarm info: packageName = com.google.android.gms, Action = com.google.android.gms.gcm.HEARTBEAT_ALARM, Component = null, type = 2, when = 372700 (2016-11-10 16:13:05), interval = 48277, setCount = 5, userSetCount = 0, firstSetTime = 1478776084577 (2016-11-10 16:08:04), isRepeat = false, isFromGMS = true, isAvailable = true, lastSetTime = 2016-11-10 16:12:05, setMinsAlignCount = 0
11-13 00:13:44.973  1897  1897 D ActivityThread: BDC-RECEIVER handled : 0 / ReceiverData{intent=Intent { act=com.google.android.gms.actions.HANDLE_PACKAGE_INSTALLED dat=package:com.computedsynergy.iot.home.remote flg=0x10 pkg=com.google.android.gms cmp=com.google.android.gms/.backup.RestoreCompleteReceiver (has extras) } packageName=com.google.android.gms resultCode=-1 resultData=null resultExtras=null}
11-13 00:13:44.973  1897  1897 D ActivityThread: SVC-Creating service: CreateServiceData{token=android.os.BinderProxy@2f83bcc className=com.google.android.gms.phenotype.service.PhenotypeIntentService packageName=com.google.android.gms intent=null}
11-13 00:13:44.975   911   960 D PowerGuruService: alarm info: packageName = com.google.android.gms, Action = com.google.android.gms.icing.proxy.action.SMS_CHANGED, Component = com.google.android.gms.chimera.GmsIntentOperationService, type = 2, when = 835385 (2016-11-10 16:20:48), interval = 55318, setCount = 5, userSetCount = 0, firstSetTime = 1478776567062 (2016-11-10 16:16:07), isRepeat = false, isFromGMS = true, isAvailable = true, lastSetTime = 2016-11-10 16:20:43, setMinsAlignCount = 0
11-13 00:13:44.975   911   960 D PowerGuruService: alarm info: packageName = com.alibaba.aliexpresshd, Action = com.taobao.accs.intent.action.COMMAND, Component = null, type = 0, when = 1478790179146 (2016-11-10 20:02:59), interval = 84476, setCount = 5, userSetCount = 0, firstSetTime = 1478789486766 (2016-11-10 19:51:26), isRepeat = false, isFromGMS = false, isAvailable = true, lastSetTime = 2016-11-10 19:58:29, setMinsAlignCount = 0
11-13 00:13:44.976   911   960 D PowerGuruService: alarm info: packageName = com.google.android.gms, Action = com.google.android.intent.action.SEND_IDLE, Component = null, type = 2, when = 14555194 (2016-11-10 20:09:28), interval = 269288, setCount = 5, userSetCount = 0, firstSetTime = 1478789192024 (2016-11-10 19:46:32), isRepeat = false, isFromGMS = true, isAvailable = true, lastSetTime = 2016-11-10 20:08:58, setMinsAlignCount = 0
11-13 00:13:44.976   911   960 D PowerGuruService: alarm info: packageName = com.android.vending, Action = null, Component = com.google.android.finsky.services.ContentSyncService, type = 0, when = 1478896136873 (2016-11-12 01:28:56), interval = 20540, setCount = 5, userSetCount = 0, firstSetTime = 1478896019179 (2016-11-12 01:26:59), isRepeat = false, isFromGMS = true, isAvailable = true, lastSetTime = 2016-11-12 01:28:41, setMinsAlignCount = 0
11-13 00:13:44.977   911   960 D PowerGuruService: alarm info: packageName = com.google.android.gms, Action = null.CONNECTION_ALARM, Component = null, type = 2, when = 166349897 (2016-11-12 14:19:23), interval = 143760, setCount = 5, userSetCount = 0, firstSetTime = 1478941614365 (2016-11-12 14:06:54), isRepeat = false, isFromGMS = true, isAvailable = true, lastSetTime = 2016-11-12 14:18:53, setMinsAlignCount = 0
11-13 00:13:44.977   911   960 D PowerGuruService: alarm info: packageName = com.google.android.gms, Action = com.google.android.intent.action.GCM_RECONNECT, Component = null, type = 2, when = 191944423 (2016-11-12 21:25:57), interval = 48160, setCount = 5, userSetCount = 0, firstSetTime = 1478967666305 (2016-11-12 21:21:06), isRepeat = false, isFromGMS = true, isAvailable = true, lastSetTime = 2016-11-12 21:25:07, setMinsAlignCount = 0
11-13 00:13:44.977  1897  1897 D ActivityThread: SVC-CREATE_SERVICE handled : 0 / CreateServiceData{token=android.os.BinderProxy@2f83bcc className=com.google.android.gms.phenotype.service.PhenotypeIntentService packageName=com.google.android.gms intent=null}
11-13 00:13:44.977  1897  1897 D ActivityThread: SVC-Calling onStartCommand: com.google.android.gms.phenotype.service.PhenotypeIntentService@1b1ce15, flags=0, startId=1
11-13 00:13:44.978  1897  1897 D ActivityThread: SVC-SERVICE_ARGS handled : 0 / ServiceArgsData{token=android.os.BinderProxy@2f83bcc startId=1 args=Intent { act=com.google.android.gms.phenotype.service.INTENT pkg=com.google.android.gms }}
11-13 00:13:44.978  1897  1897 D ActivityThread: BDC-Calling onReceive: intent=Intent { act=com.google.android.gms.icing.action.CONTACT_CHANGED flg=0x10 pkg=com.google.android.gms cmp=com.google.android.gms/.chimera.GmsIntentOperationService$PersistentInternalReceiver (has extras) }, receiver=com.google.android.gms.chimera.GmsIntentOperationService$PersistentInternalReceiver@f0c3f1b
11-13 00:13:44.980  1897  1897 D ActivityThread: BDC-RECEIVER handled : 0 / ReceiverData{intent=Intent { act=com.google.android.gms.icing.action.CONTACT_CHANGED flg=0x10 pkg=com.google.android.gms cmp=com.google.android.gms/.chimera.GmsIntentOperationService$PersistentInternalReceiver (has extras) } packageName=com.google.android.gms resultCode=-1 resultData=null resultExtras=null}
11-13 00:13:44.982 30383 30383 D ActivityThread: BDC-Calling onReceive: intent=Intent { act=android.search.action.SEARCHABLES_CHANGED flg=0x24000010 cmp=com.android.quicksearchbox/.CorporaUpdateReceiver }, receiver=com.android.quicksearchbox.CorporaUpdateReceiver@11fc7b7
11-13 00:13:44.987  1897  1897 D ActivityThread: SVC-Calling onStartCommand: com.google.android.gms.icing.service.LightweightIndexService$LightweightWorkerService@57a051e, flags=0, startId=2
11-13 00:13:44.987  1897  1897 D ActivityThread: SVC-SERVICE_ARGS handled : 0 / ServiceArgsData{token=android.os.BinderProxy@efc3559 startId=2 args=Intent { cmp=com.google.android.gms/.icing.service.LightweightIndexService$LightweightWorkerService }}
11-13 00:13:45.003   911  1485 D PowerManagerService: releaseWakeLockInternal: lock=15255483 [BackgroundTaskService-RegisterPhenotypeTask], flags=0x0, total_time=122ms
11-13 00:13:45.003   911  1485 D PowerManagerNotifier: onWakeLockReleased: flags=1, tag="BackgroundTaskService-RegisterPhenotypeTask", packageName=com.google.android.apps.photos, ownerUid=10088, ownerPid=30135, workSource=null
11-13 00:13:45.003   911  1485 D PowerManagerService: updateWakeLockSummaryLocked: mWakefulness=Awake, mWakeLockSummary=0x1
11-13 00:13:45.003   911  1485 D PowerManagerService: updateUserActivitySummaryLocked: mWakefulness=Awake, mUserActivitySummary=0x9, nextTimeout=69234259 (in 1674476 ms)
11-13 00:13:45.003   911  1485 D DisplayPowerController: requestPowerState: policy=BRIGHT, useProximitySensor=false, screenBrightness=102, screenAutoBrightnessAdjustment=0.35253906, brightnessSetByUser=true, useAutoBrightness=true, blockScreenOn=false, lowPowerMode=false, boostScreenBrightness=false, dozeScreenBrightness=-1, dozeScreenState=UNKNOWN, waitForNegativeProximity=false
11-13 00:13:45.003   911  1485 I PowerManagerService: setBrightness mButtonLight, screenBrightness=102
11-13 00:13:45.003   911  1485 D PowerManagerService: updateDisplayPowerStateLocked: mDisplayReady=true, policy=3, mWakefulness=1, mWakeLockSummary=0x1, mUserActivitySummary=0x9, mBootCompleted=true, mScreenBrightnessBoostInProgress=false
11-13 00:13:45.009  1897  1897 D ActivityThread: SVC-Calling onStartCommand: com.google.android.gms.icing.service.LightweightIndexService$LightweightWorkerService@57a051e, flags=0, startId=3
11-13 00:13:45.009  1897  1897 D ActivityThread: SVC-SERVICE_ARGS handled : 0 / ServiceArgsData{token=android.os.BinderProxy@efc3559 startId=3 args=Intent { cmp=com.google.android.gms/.icing.service.LightweightIndexService$LightweightWorkerService }}
11-13 00:13:45.015 15460 15460 D ActivityThread: SVC-Destroying service: com.google.android.apps.gsa.search.core.icingsync.UpdateIcingCorporaService@de3be0
11-13 00:13:45.015 15460 15460 D ActivityThread: SVC-STOP_SERVICE handled : 0 / android.os.BinderProxy@9fbe5e3
11-13 00:13:45.026  2647  2647 D ActivityThread: SVC-Destroying service: com.google.android.gms.drive.api.DriveAsyncService@777149f
11-13 00:13:45.026  2647  2647 D ActivityThread: SVC-STOP_SERVICE handled : 0 / android.os.BinderProxy@3e3f1c0
11-13 00:13:45.032 30383 30383 D ActivityThread: BDC-RECEIVER handled : 0 / ReceiverData{intent=Intent { act=android.search.action.SEARCHABLES_CHANGED flg=0x24000010 cmp=com.android.quicksearchbox/.CorporaUpdateReceiver } packageName=com.android.quicksearchbox resultCode=-1 resultData=null resultExtras=null}
11-13 00:13:45.081  1897  1897 D ActivityThread: SVC-Calling onStartCommand: com.google.android.gms.icing.service.LightweightIndexService$LightweightWorkerService@57a051e, flags=0, startId=4
11-13 00:13:45.082  1897  1897 D ActivityThread: SVC-SERVICE_ARGS handled : 0 / ServiceArgsData{token=android.os.BinderProxy@efc3559 startId=4 args=Intent { cmp=com.google.android.gms/.icing.service.LightweightIndexService$LightweightWorkerService }}
11-13 00:13:45.112  1897  1897 D ActivityThread: SVC-Calling onStartCommand: com.google.android.gms.icing.service.LightweightIndexService$LightweightWorkerService@57a051e, flags=0, startId=5
11-13 00:13:45.112  1897  1897 D ActivityThread: SVC-SERVICE_ARGS handled : 0 / ServiceArgsData{token=android.os.BinderProxy@efc3559 startId=5 args=Intent { cmp=com.google.android.gms/.icing.service.LightweightIndexService$LightweightWorkerService }}
11-13 00:13:45.258  2647  2647 D ActivityThread: SVC-Destroying service: com.google.android.gms.games.chimera.GamesAsyncServiceProxy@ec14602
11-13 00:13:45.259  2647  2647 D ActivityThread: SVC-STOP_SERVICE handled : 0 / android.os.BinderProxy@4e68e77
11-13 00:13:45.298  1897  1897 D ActivityThread: SVC-UNBIND_SERVICE handled : 0 / BindServiceData{token=android.os.BinderProxy@4b60070 intent=Intent { act=com.google.android.gms.auth.DATA_PROXY pkg=com.google.android.gms }}
11-13 00:13:45.298  1897  1897 D ActivityThread: SVC-Destroying service: com.google.android.gms.auth.account.be.legacy.GoogleAccountDataService@c407fe9
11-13 00:13:45.298  1897  1897 D ActivityThread: SVC-STOP_SERVICE handled : 0 / android.os.BinderProxy@4b60070
11-13 00:13:45.299  1897  1897 D ActivityThread: SVC-UNBIND_SERVICE handled : 0 / BindServiceData{token=android.os.BinderProxy@9186804 intent=Intent { cmp=com.google.android.gms/.auth.GetToken }}
11-13 00:13:45.299  1897  1897 D ActivityThread: SVC-Destroying service: com.google.android.gms.auth.GetToken@62db1ed
11-13 00:13:45.299  1897  1897 D ActivityThread: SVC-STOP_SERVICE handled : 0 / android.os.BinderProxy@9186804
11-13 00:13:45.299  1897  1897 D ActivityThread: SVC-UNBIND_SERVICE handled : 0 / BindServiceData{token=android.os.BinderProxy@352b39c intent=Intent { cmp=com.google.android.gms/.gcm.http.GoogleHttpService }}
11-13 00:13:45.299  1897  1897 D ActivityThread: SVC-Destroying service: com.google.android.gms.gcm.http.GoogleHttpService@39831a5
11-13 00:13:45.299  1897  1897 D ActivityThread: SVC-STOP_SERVICE handled : 0 / android.os.BinderProxy@352b39c
11-13 00:13:45.351   911  1659 V SettingsProvider: packageValueForCallResult, name = haptic_feedback_enabled, value : 1
11-13 00:13:45.352   911  1659 D PowerManagerService: acquireWakeLockInternal: lock=18033669, flags=0x1, tag="*vibrator*", ws=WorkSource{1000}, uid=1000, pid=911
11-13 00:13:45.352   911  1659 D PowerManagerService: updateWakeLockSummaryLocked: mWakefulness=Awake, mWakeLockSummary=0x1
11-13 00:13:45.352   911  1659 D PowerManagerService: updateUserActivitySummaryLocked: mWakefulness=Awake, mUserActivitySummary=0x9, nextTimeout=69234259 (in 1674127 ms)
11-13 00:13:45.352   911  1659 D DisplayPowerController: requestPowerState: policy=BRIGHT, useProximitySensor=false, screenBrightness=102, screenAutoBrightnessAdjustment=0.35253906, brightnessSetByUser=true, useAutoBrightness=true, blockScreenOn=false, lowPowerMode=false, boostScreenBrightness=false, dozeScreenBrightness=-1, dozeScreenState=UNKNOWN, waitForNegativeProximity=false
11-13 00:13:45.352   911  1659 I PowerManagerService: setBrightness mButtonLight, screenBrightness=102
11-13 00:13:45.352   911  1659 D PowerManagerService: updateDisplayPowerStateLocked: mDisplayReady=true, policy=3, mWakefulness=1, mWakeLockSummary=0x1, mUserActivitySummary=0x9, mBootCompleted=true, mScreenBrightnessBoostInProgress=false
11-13 00:13:45.352   911  1659 D PowerManagerNotifier: onWakeLockAcquired: flags=1, tag="*vibrator*", packageName=android, ownerUid=1000, ownerPid=911, workSource=WorkSource{1000}
11-13 00:13:45.353   911   962 D PowerManagerService: userActivityFromNative
11-13 00:13:45.353   911   962 D PowerManagerService: userActivityNoUpdateLocked: eventTime=67560129, event=1, flags=0x0, uid=1000
11-13 00:13:45.353   911   962 D PowerManagerNotifier: onUserActivity: event=1, uid=1000
11-13 00:13:45.353   911   962 D PowerManagerService: updateUserActivitySummaryLocked: mWakefulness=Awake, mUserActivitySummary=0x9, nextTimeout=67568129 (in 7996 ms)
11-13 00:13:45.353   911   962 D DisplayPowerController: requestPowerState: policy=BRIGHT, useProximitySensor=false, screenBrightness=102, screenAutoBrightnessAdjustment=0.35253906, brightnessSetByUser=true, useAutoBrightness=true, blockScreenOn=false, lowPowerMode=false, boostScreenBrightness=false, dozeScreenBrightness=-1, dozeScreenState=UNKNOWN, waitForNegativeProximity=false
11-13 00:13:45.353   911   962 I PowerManagerService: setBrightness mButtonLight, screenBrightness=102
11-13 00:13:45.353   911   962 D PowerManagerService: updateDisplayPowerStateLocked: mDisplayReady=true, policy=3, mWakefulness=1, mWakeLockSummary=0x1, mUserActivitySummary=0x9, mBootCompleted=true, mScreenBrightnessBoostInProgress=false
11-13 00:13:45.414   911 31111 D PowerManagerService: releaseWakeLockInternal: lock=18033669 [*vibrator*], flags=0x0, total_time=61ms
11-13 00:13:45.414   911 31111 D PowerManagerNotifier: onWakeLockReleased: flags=1, tag="*vibrator*", packageName=android, ownerUid=1000, ownerPid=911, workSource=WorkSource{1000}
11-13 00:13:45.414   911 31111 D PowerManagerService: updateWakeLockSummaryLocked: mWakefulness=Awake, mWakeLockSummary=0x1
11-13 00:13:45.414   911 31111 D PowerManagerService: updateUserActivitySummaryLocked: mWakefulness=Awake, mUserActivitySummary=0x9, nextTimeout=67568129 (in 7935 ms)
11-13 00:13:45.414   911 31111 D DisplayPowerController: requestPowerState: policy=BRIGHT, useProximitySensor=false, screenBrightness=102, screenAutoBrightnessAdjustment=0.35253906, brightnessSetByUser=true, useAutoBrightness=true, blockScreenOn=false, lowPowerMode=false, boostScreenBrightness=false, dozeScreenBrightness=-1, dozeScreenState=UNKNOWN, waitForNegativeProximity=false
11-13 00:13:45.414   911 31111 I PowerManagerService: setBrightness mButtonLight, screenBrightness=102
11-13 00:13:45.414   911 31111 D PowerManagerService: updateDisplayPowerStateLocked: mDisplayReady=true, policy=3, mWakefulness=1, mWakeLockSummary=0x1, mUserActivitySummary=0x9, mBootCompleted=true, mScreenBrightnessBoostInProgress=false
11-13 00:13:45.434  2647  2647 D ActivityThread: SVC-Destroying service: com.google.android.gms.gass.chimera.AsyncTaskService@b4b2452
11-13 00:13:45.435  2647  2647 D ActivityThread: SVC-STOP_SERVICE handled : 0 / android.os.BinderProxy@6b640dd
11-13 00:13:45.502  1897  1897 D ActivityThread: SVC-Destroying service: com.google.android.gms.phenotype.service.PhenotypeIntentService@1b1ce15
11-13 00:13:45.502  1897  1897 D ActivityThread: SVC-STOP_SERVICE handled : 0 / android.os.BinderProxy@2f83bcc
11-13 00:13:45.615  1897  1897 D ActivityThread: SVC-Destroying service: com.google.android.gms.icing.service.LightweightIndexService$LightweightWorkerService@57a051e
11-13 00:13:45.616  1897  1897 D ActivityThread: SVC-STOP_SERVICE handled : 0 / android.os.BinderProxy@efc3559
11-13 00:13:45.883   911   935 D AutomaticBrightnessController: calculateAmbientLux: [-10000, 100]: lux=400.0, weight=5.1005E7
11-13 00:13:45.883   911   935 D AutomaticBrightnessController: calculateAmbientLux: totalWeight=5.1005E7, newAmbientLux=400.0
11-13 00:13:45.883   911   935 D AutomaticBrightnessController: updateAmbientLux: Scheduling ambient lux update for 6756466267564662 (in 3999 ms)
11-13 00:13:46.110   911  1631 D ActivityManager: getContentProviderImpl: from caller=android.app.ApplicationThreadProxy@b5715ab (pid=2647, userId=0) to get content provider com.google.android.googlequicksearchbox.icing cpr=ContentProviderRecord{1e832aa u0 com.google.android.googlequicksearchbox/com.google.android.apps.gsa.search.core.icingsync.InternalIcingCorporaProvider}
11-13 00:13:46.111  2647 27301 D ActivityThread: holder:android.app.IActivityManager$ContentProviderHolder@f158258, holder.provider:android.content.ContentProviderProxy@1ef7fb1
11-13 00:13:46.144   911  1658 D ActivityManager: getContentProviderImpl: from caller=android.app.ApplicationThreadProxy@9f08408 (pid=2647, userId=0) to get content provider com.google.android.googlequicksearchbox.icing cpr=ContentProviderRecord{1e832aa u0 com.google.android.googlequicksearchbox/com.google.android.apps.gsa.search.core.icingsync.InternalIcingCorporaProvider}
11-13 00:13:46.145  2647 27301 D ActivityThread: holder:android.app.IActivityManager$ContentProviderHolder@3cb65ed, holder.provider:android.content.ContentProviderProxy@8f6cc22
11-13 00:13:46.164   911  5689 D PowerManagerService: updateWakeLockWorkSourceInternal: lock=88705094 [Icing], ws=WorkSource{10010 com.google.android.gms}
11-13 00:13:46.164   911  5689 D PowerManagerNotifier: onWakeLockChanging: flags=1, tag="Icing", packageName=com.google.android.gms, ownerUid=10010, ownerPid=2647, workSource=WorkSource{10010 com.google.android.gms}
11-13 00:13:46.168   911  1622 V ActivityManager: Broadcast: Intent { act=com.google.android.gms.icing.IME_NOTIFICATION flg=0x10 pkg=com.google.android.apps.inputmethod.cantonese (has extras) } ordered=false userid=0 callerApp=ProcessRecord{3cbb219 2647:com.google.android.gms/u0a10}
11-13 00:13:46.168   911  5690 V ActivityManager: Broadcast: Intent { act=com.google.android.gms.icing.IME_NOTIFICATION flg=0x10 pkg=com.google.android.apps.inputmethod.hindi (has extras) } ordered=false userid=0 callerApp=ProcessRecord{3cbb219 2647:com.google.android.gms/u0a10}
11-13 00:13:46.169   911  1631 V ActivityManager: Broadcast: Intent { act=com.google.android.gms.icing.IME_NOTIFICATION flg=0x10 pkg=com.google.android.apps.inputmethod.zhuyin (has extras) } ordered=false userid=0 callerApp=ProcessRecord{3cbb219 2647:com.google.android.gms/u0a10}
11-13 00:13:46.169   911   921 V ActivityManager: Broadcast: Intent { act=com.google.android.gms.icing.IME_NOTIFICATION flg=0x10 pkg=com.android.inputmethod.latin (has extras) } ordered=false userid=0 callerApp=ProcessRecord{3cbb219 2647:com.google.android.gms/u0a10}
11-13 00:13:46.170   911  1658 V ActivityManager: Broadcast: Intent { act=com.google.android.gms.icing.IME_NOTIFICATION flg=0x10 pkg=com.google.android.inputmethod.korean (has extras) } ordered=false userid=0 callerApp=ProcessRecord{3cbb219 2647:com.google.android.gms/u0a10}
11-13 00:13:46.170   911  1659 V ActivityManager: Broadcast: Intent { act=com.google.android.gms.icing.IME_NOTIFICATION flg=0x10 pkg=com.google.android.inputmethod.pinyin (has extras) } ordered=false userid=0 callerApp=ProcessRecord{3cbb219 2647:com.google.android.gms/u0a10}
11-13 00:13:46.171   911   925 V ActivityManager: Broadcast: Intent { act=com.google.android.gms.icing.IME_NOTIFICATION flg=0x10 pkg=com.google.android.inputmethod.japanese (has extras) } ordered=false userid=0 callerApp=ProcessRecord{3cbb219 2647:com.google.android.gms/u0a10}
11-13 00:13:46.171   911  1478 V ActivityManager: Broadcast: Intent { act=com.google.android.gms.icing.IME_NOTIFICATION flg=0x10 pkg=com.google.android.inputmethod.latin.dogfood (has extras) } ordered=false userid=0 callerApp=ProcessRecord{3cbb219 2647:com.google.android.gms/u0a10}
11-13 00:13:46.173   911  1462 V ActivityManager: Broadcast: Intent { act=com.google.android.gms.icing.IME_NOTIFICATION flg=0x10 pkg=com.google.android.inputmethod.latin (has extras) } ordered=false userid=0 callerApp=ProcessRecord{3cbb219 2647:com.google.android.gms/u0a10}
11-13 00:13:46.174   911  1485 V ActivityManager: Broadcast: Intent { act=com.google.android.gms.icing.IME_NOTIFICATION flg=0x10 pkg=com.google.android.apps.inputmethod.cantonese (has extras) } ordered=false userid=0 callerApp=ProcessRecord{3cbb219 2647:com.google.android.gms/u0a10}
11-13 00:13:46.174   911  1456 V ActivityManager: Broadcast: Intent { act=com.google.android.gms.icing.IME_NOTIFICATION flg=0x10 pkg=com.google.android.apps.inputmethod.hindi (has extras) } ordered=false userid=0 callerApp=ProcessRecord{3cbb219 2647:com.google.android.gms/u0a10}
11-13 00:13:46.174   911  1653 V ActivityManager: Broadcast: Intent { act=com.google.android.gms.icing.IME_NOTIFICATION flg=0x10 pkg=com.google.android.apps.inputmethod.zhuyin (has extras) } ordered=false userid=0 callerApp=ProcessRecord{3cbb219 2647:com.google.android.gms/u0a10}
11-13 00:13:46.175   911  1486 V ActivityManager: Broadcast: Intent { act=com.google.android.gms.icing.IME_NOTIFICATION flg=0x10 pkg=com.android.inputmethod.latin (has extras) } ordered=false userid=0 callerApp=ProcessRecord{3cbb219 2647:com.google.android.gms/u0a10}
11-13 00:13:46.175   911  1656 V ActivityManager: Broadcast: Intent { act=com.google.android.gms.icing.IME_NOTIFICATION flg=0x10 pkg=com.google.android.inputmethod.korean (has extras) } ordered=false userid=0 callerApp=ProcessRecord{3cbb219 2647:com.google.android.gms/u0a10}
11-13 00:13:46.176   911   922 V ActivityManager: Broadcast: Intent { act=com.google.android.gms.icing.IME_NOTIFICATION flg=0x10 pkg=com.google.android.inputmethod.pinyin (has extras) } ordered=false userid=0 callerApp=ProcessRecord{3cbb219 2647:com.google.android.gms/u0a10}
11-13 00:13:46.176   911  5689 V ActivityManager: Broadcast: Intent { act=com.google.android.gms.icing.IME_NOTIFICATION flg=0x10 pkg=com.google.android.inputmethod.japanese (has extras) } ordered=false userid=0 callerApp=ProcessRecord{3cbb219 2647:com.google.android.gms/u0a10}
11-13 00:13:46.177   911  1622 V ActivityManager: Broadcast: Intent { act=com.google.android.gms.icing.IME_NOTIFICATION flg=0x10 pkg=com.google.android.inputmethod.latin.dogfood (has extras) } ordered=false userid=0 callerApp=ProcessRecord{3cbb219 2647:com.google.android.gms/u0a10}
11-13 00:13:46.177   911  5690 V ActivityManager: Broadcast: Intent { act=com.google.android.gms.icing.IME_NOTIFICATION flg=0x10 pkg=com.google.android.inputmethod.latin (has extras) } ordered=false userid=0 callerApp=ProcessRecord{3cbb219 2647:com.google.android.gms/u0a10}
11-13 00:13:46.182   911  1631 D PowerManagerService: releaseWakeLockInternal: lock=88705094 [Icing], flags=0x0, total_time=1414ms
11-13 00:13:46.182   911  1631 D PowerManagerNotifier: onWakeLockReleased: flags=1, tag="Icing", packageName=com.google.android.gms, ownerUid=10010, ownerPid=2647, workSource=WorkSource{10010 com.google.android.gms}
11-13 00:13:46.182   911  1631 D PowerManagerService: updateWakeLockSummaryLocked: mWakefulness=Awake, mWakeLockSummary=0x1
11-13 00:13:46.182   911  1631 D PowerManagerService: updateUserActivitySummaryLocked: mWakefulness=Awake, mUserActivitySummary=0x9, nextTimeout=67568129 (in 7167 ms)
11-13 00:13:46.182   911  1631 D DisplayPowerController: requestPowerState: policy=BRIGHT, useProximitySensor=false, screenBrightness=102, screenAutoBrightnessAdjustment=0.35253906, brightnessSetByUser=true, useAutoBrightness=true, blockScreenOn=false, lowPowerMode=false, boostScreenBrightness=false, dozeScreenBrightness=-1, dozeScreenState=UNKNOWN, waitForNegativeProximity=false
11-13 00:13:46.182   911  1631 I PowerManagerService: setBrightness mButtonLight, screenBrightness=102
11-13 00:13:46.182   911  1631 D PowerManagerService: updateDisplayPowerStateLocked: mDisplayReady=true, policy=3, mWakefulness=1, mWakeLockSummary=0x1, mUserActivitySummary=0x9, mBootCompleted=true, mScreenBrightnessBoostInProgress=false
11-13 00:13:46.184  2647  2647 D ActivityThread: SVC-Destroying service: com.google.android.gms.icing.service.IndexWorkerService@a9de2ac
11-13 00:13:46.184  2647  2647 D ActivityThread: SVC-STOP_SERVICE handled : 0 / android.os.BinderProxy@bef0514
11-13 00:13:46.456   911  1478 I ActivityManager: START u0 {act=android.intent.action.MAIN flg=0x10000000 cmp=com.computedsynergy.iot.home.remote/.MainActivity} from uid 2000 from pid 31112 on display 0
11-13 00:13:46.459   911  1478 V WindowManager: Looking for focus: 10 = Window{d4591c8 u0 StatusBar}, flags=-2122055608, canReceive=false
11-13 00:13:46.459   911  1478 V WindowManager: findFocusedWindow: Found new focus @ 2 = Window{1e142b7 u0 com.android.launcher3/com.android.launcher3.Launcher}
11-13 00:13:46.462   911  1478 D PowerManagerService: acquireWakeLockInternal: lock=201570631, flags=0x1, tag="*launch*", ws=WorkSource{10143}, uid=1000, pid=911
11-13 00:13:46.462   911  1478 D PowerManagerService: updateWakeLockSummaryLocked: mWakefulness=Awake, mWakeLockSummary=0x1
11-13 00:13:46.462   911  1478 D PowerManagerService: updateUserActivitySummaryLocked: mWakefulness=Awake, mUserActivitySummary=0x9, nextTimeout=67568129 (in 6887 ms)
11-13 00:13:46.462   911  1478 D DisplayPowerController: requestPowerState: policy=BRIGHT, useProximitySensor=false, screenBrightness=102, screenAutoBrightnessAdjustment=0.35253906, brightnessSetByUser=true, useAutoBrightness=true, blockScreenOn=false, lowPowerMode=false, boostScreenBrightness=false, dozeScreenBrightness=-1, dozeScreenState=UNKNOWN, waitForNegativeProximity=false
11-13 00:13:46.462   911  1478 I PowerManagerService: setBrightness mButtonLight, screenBrightness=102
11-13 00:13:46.462   911  1478 D PowerManagerService: updateDisplayPowerStateLocked: mDisplayReady=true, policy=3, mWakefulness=1, mWakeLockSummary=0x1, mUserActivitySummary=0x9, mBootCompleted=true, mScreenBrightnessBoostInProgress=false
11-13 00:13:46.462   911  1478 D PowerManagerNotifier: onWakeLockAcquired: flags=1, tag="*launch*", packageName=android, ownerUid=1000, ownerPid=911, workSource=WorkSource{10143}
11-13 00:13:46.463   911  1485 V SettingsProvider: name : dewav_multi_gesture callingUid : 10015
11-13 00:13:46.463   911  1485 V SettingsProvider: System property sys.settings_system_version=589
11-13 00:13:46.464   911  1478 V WindowManager: Looking for focus: 10 = Window{d4591c8 u0 StatusBar}, flags=-2122055608, canReceive=false
11-13 00:13:46.464  1457  1457 D ActivityThread: ACT-AM_ON_PAUSE_CALLED ActivityRecord{11fc7b7 token=android.os.BinderProxy@7ebfb24 {com.android.launcher3/com.android.launcher3.Launcher}}
11-13 00:13:46.464   911  1478 V WindowManager: findFocusedWindow: Found new focus @ 2 = Window{1e142b7 u0 com.android.launcher3/com.android.launcher3.Launcher}
11-13 00:13:46.467   911  1478 V WindowManager: Set focused app to: AppWindowToken{893a95 token=Token{3ff0dc6 ActivityRecord{9d2d7a1 u0 com.computedsynergy.iot.home.remote/.MainActivity t153}}} old focus=AppWindowToken{9e6fa21 token=Token{c0da088 ActivityRecord{27cd42b u0 com.android.launcher3/.Launcher t1}}} moveFocusNow=true
11-13 00:13:46.468   911  1478 V WindowManager: Looking for focus: 10 = Window{d4591c8 u0 StatusBar}, flags=-2122055608, canReceive=false
11-13 00:13:46.468   911  1478 V WindowManager: findFocusedWindow: Reached focused app=AppWindowToken{893a95 token=Token{3ff0dc6 ActivityRecord{9d2d7a1 u0 com.computedsynergy.iot.home.remote/.MainActivity t153}}}
11-13 00:13:46.469   911  1478 V WindowManager: Changing focus from Window{1e142b7 u0 com.android.launcher3/com.android.launcher3.Launcher} to null Callers=com.android.server.wm.WindowManagerService.setFocusedApp:4470 com.android.server.am.ActivityManagerService.setFocusedActivityLocked:2864 com.android.server.am.ActivityStackSupervisor.startActivityUncheckedLocked:2815 com.android.server.am.ActivityStackSupervisor.startActivityLocked:1821 
11-13 00:13:46.469   911  1478 D WindowManager: Input focus has changed to null
11-13 00:13:46.470   911   932 D WindowManager: addWindowToListInOrderLocked: win=Window{5acbf9b u0 Starting com.computedsynergy.iot.home.remote} Callers=com.android.server.wm.WindowManagerService.addWindow:2772 com.android.server.wm.Session.addToDisplay:171 android.view.ViewRootImpl.setView:643 android.view.WindowManagerGlobal.addView:319 
11-13 00:13:46.473   911   932 V WindowManager: Looking for focus: 11 = Window{d4591c8 u0 StatusBar}, flags=-2122055608, canReceive=false
11-13 00:13:46.474   911   932 V WindowManager: findFocusedWindow: Reached focused app=AppWindowToken{893a95 token=Token{3ff0dc6 ActivityRecord{9d2d7a1 u0 com.computedsynergy.iot.home.remote/.MainActivity t153}}}
11-13 00:13:46.483   911  1456 I ActivityManager: Start proc 31121:com.computedsynergy.iot.home.remote/u0a143 for activity com.computedsynergy.iot.home.remote/.MainActivity
11-13 00:13:46.483   911  1456 D ActivityManager: Delay resumeKeyDispatchingLocked() to avoid deadlock.
11-13 00:13:46.484  1457  1457 D ActivityThread: ACT-PAUSE_ACTIVITY handled : 1 / android.os.BinderProxy@7ebfb24
11-13 00:13:46.484   911   928 V NetworkStats: setKernelCounterSet uid=10143 set=1
11-13 00:13:46.484   911   922 V SettingsProvider: packageValueForCallResult, name = dewav_multi_gesture, value : 4099
11-13 00:13:46.494   911   932 I WindowManager: Focus moving from Window{1e142b7 u0 com.android.launcher3/com.android.launcher3.Launcher} to null
11-13 00:13:46.494   911   932 I WindowManager: Losing focus: Window{1e142b7 u0 com.android.launcher3/com.android.launcher3.Launcher}
11-13 00:13:46.571   911   935 D AutomaticBrightnessController: calculateAmbientLux: [0, 100]: lux=0.0, weight=1005000.0
11-13 00:13:46.571   911   935 D AutomaticBrightnessController: calculateAmbientLux: [-10000, 0]: lux=400.0, weight=5.0E7
11-13 00:13:46.571   911   935 D AutomaticBrightnessController: calculateAmbientLux: totalWeight=5.1005E7, newAmbientLux=392.1184
11-13 00:13:46.571   911   935 D AutomaticBrightnessController: updateAmbientLux: Scheduling ambient lux update for 6756535067565350 (in 3999 ms)
11-13 00:13:46.571   911   935 D AutomaticBrightnessController: onSensorChanged: lux = 0.0
11-13 00:13:46.594   911  1653 W WindowManager:  SLCODE computeScreenConfigurationLocked, the hard device name is: mtk-tpd
11-13 00:13:46.594   911  1653 W WindowManager:  SLCODE computeScreenConfigurationLocked, the hard device name is: stk_ges
11-13 00:13:46.594   911  1653 W WindowManager:  SLCODE computeScreenConfigurationLocked, the hard device name is: ACCDET
11-13 00:13:46.594   911  1653 W WindowManager:  SLCODE computeScreenConfigurationLocked, the hard device name is: mtk-kpd
11-13 00:13:46.598   911  1653 V WindowManager: Looking for focus: 11 = Window{d4591c8 u0 StatusBar}, flags=-2122055608, canReceive=false
11-13 00:13:46.599   911  1653 V WindowManager: findFocusedWindow: No focusable windows.
11-13 00:13:46.601   911  1653 D WindowManager: notifyActivityDrawnForKeyguard: waiting=false Callers=com.android.server.wm.WindowManagerService.handleAppTransitionReadyLocked:10100 com.android.server.wm.WindowManagerService.performLayoutAndPlaceSurfacesLockedInner:10720 com.android.server.wm.WindowManagerService.performLayoutAndPlaceSurfacesLockedLoop:9464 com.android.server.wm.WindowManagerService.performLayoutAndPlaceSurfacesLocked:9411 com.android.server.wm.WindowManagerService.executeAppTransition:4586 
11-13 00:13:46.613 31121 31121 D ActivityThread: BIND_APPLICATION handled : 0 / AppBindData{appInfo=ApplicationInfo{971668c com.computedsynergy.iot.home.remote}}
11-13 00:13:46.613 31121 31121 V ActivityThread: Handling launch of ActivityRecord{ecf81d5 token=android.os.BinderProxy@7a75dea {com.computedsynergy.iot.home.remote/com.computedsynergy.iot.home.remote.MainActivity}} startsNotResumed=false
11-13 00:13:46.618 31121 31121 V ActivityThread: ActivityRecord{ecf81d5 token=android.os.BinderProxy@7a75dea {com.computedsynergy.iot.home.remote/com.computedsynergy.iot.home.remote.MainActivity}}: app=android.app.Application@8145f78, appName=com.computedsynergy.iot.home.remote, pkg=com.computedsynergy.iot.home.remote, comp={com.computedsynergy.iot.home.remote/com.computedsynergy.iot.home.remote.MainActivity}, dir=/data/app/com.computedsynergy.iot.home.remote-2/base.apk
11-13 00:13:46.618   911   925 V WindowManager: Looking for focus: 11 = Window{d4591c8 u0 StatusBar}, flags=-2122055608, canReceive=false
11-13 00:13:46.618   911   925 V WindowManager: findFocusedWindow: No focusable windows.
11-13 00:13:46.658   911   928 V WindowManager: Rotation changed to 3 from 0, forceApp=-1
11-13 00:13:46.659   911   928 D PowerManagerService: acquireWakeLockInternal: lock=129489447, flags=0x1, tag="SCREEN_FROZEN", ws=null, uid=1000, pid=911
11-13 00:13:46.659   911   928 D PowerManagerService: updateWakeLockSummaryLocked: mWakefulness=Awake, mWakeLockSummary=0x1
11-13 00:13:46.659   911   928 D PowerManagerService: updateUserActivitySummaryLocked: mWakefulness=Awake, mUserActivitySummary=0x9, nextTimeout=67568129 (in 6690 ms)
11-13 00:13:46.659   911   928 D DisplayPowerController: requestPowerState: policy=BRIGHT, useProximitySensor=false, screenBrightness=102, screenAutoBrightnessAdjustment=0.35253906, brightnessSetByUser=true, useAutoBrightness=true, blockScreenOn=false, lowPowerMode=false, boostScreenBrightness=false, dozeScreenBrightness=-1, dozeScreenState=UNKNOWN, waitForNegativeProximity=false
11-13 00:13:46.659   911   928 I PowerManagerService: setBrightness mButtonLight, screenBrightness=102
11-13 00:13:46.659   911   928 D PowerManagerService: updateDisplayPowerStateLocked: mDisplayReady=true, policy=3, mWakefulness=1, mWakeLockSummary=0x1, mUserActivitySummary=0x9, mBootCompleted=true, mScreenBrightnessBoostInProgress=false
11-13 00:13:46.659   911   928 D PowerManagerNotifier: onWakeLockAcquired: flags=1, tag="SCREEN_FROZEN", packageName=android, ownerUid=1000, ownerPid=911, workSource=null
11-13 00:13:46.662   911   928 I WindowManager:   FREEZE Surface(name=ScreenshotSurface): CREATE, w = 720, h = 1280, r=0
11-13 00:13:46.670   911   932 D DisplayManagerService: Delivering display event: displayId=0, event=2
11-13 00:13:46.676   911   928 W WindowManager:  SLCODE computeScreenConfigurationLocked, the hard device name is: mtk-tpd
11-13 00:13:46.676   911   928 W WindowManager:  SLCODE computeScreenConfigurationLocked, the hard device name is: stk_ges
11-13 00:13:46.676   911   928 W WindowManager:  SLCODE computeScreenConfigurationLocked, the hard device name is: ACCDET
11-13 00:13:46.676   911   928 W WindowManager:  SLCODE computeScreenConfigurationLocked, the hard device name is: mtk-kpd
11-13 00:13:46.677   911   928 V ActivityManager: initLocale: false, locale: null, userSetLocale: false, simSetLocale: false
11-13 00:13:46.677   911   928 V ActivityManager: java.lang.RuntimeException: here
11-13 00:13:46.677   911   928 V ActivityManager: 	at com.android.server.am.ActivityManagerService.updateConfigurationLocked(ActivityManagerService.java:18838)
11-13 00:13:46.677   911   928 V ActivityManager: 	at com.android.server.am.ActivityManagerService.updateConfiguration(ActivityManagerService.java:18781)
11-13 00:13:46.677   911   928 V ActivityManager: 	at com.android.server.wm.WindowManagerService.sendNewConfiguration(WindowManagerService.java:7558)
11-13 00:13:46.677   911   928 V ActivityManager: 	at com.android.server.wm.WindowManagerService.updateRotationUnchecked(WindowManagerService.java:6912)
11-13 00:13:46.677   911   928 V ActivityManager: 	at com.android.server.wm.WindowManagerService.updateRotation(WindowManagerService.java:6862)
11-13 00:13:46.677   911   928 V ActivityManager: 	at com.android.server.policy.PhoneWindowManager.updateRotation(PhoneWindowManager.java:7201)
11-13 00:13:46.677   911   928 V ActivityManager: 	at com.android.server.policy.PhoneWindowManager$MyOrientationListener.onProposedRotationChanged(PhoneWindowManager.java:865)
11-13 00:13:46.677   911   928 V ActivityManager: 	at com.android.server.policy.WindowOrientationListener$SensorEventListenerImpl.onSensorChanged(WindowOrientationListener.java:698)
11-13 00:13:46.677   911   928 V ActivityManager: 	at android.hardware.SystemSensorManager$SensorEventQueue.dispatchSensorEvent(SystemSensorManager.java:481)
11-13 00:13:46.677   911   928 V ActivityManager: 	at android.os.MessageQueue.nativePollOnce(Native Method)
11-13 00:13:46.677   911   928 V ActivityManager: 	at android.os.MessageQueue.next(MessageQueue.java:328)
11-13 00:13:46.677   911   928 V ActivityManager: 	at android.os.Looper.loop(Looper.java:164)
11-13 00:13:46.677   911   928 V ActivityManager: 	at android.os.HandlerThread.run(HandlerThread.java:61)
11-13 00:13:46.677   911   928 V ActivityManager: 	at com.android.server.ServiceThread.run(ServiceThread.java:46)
11-13 00:13:46.677   911   928 I ActivityManager: Config changes=480 {1.0 410mcc6mnc en_US ldltr sw360dp w640dp h336dp 320dpi nrml long land finger -keyb/v/h -nav/h s.109}
--------- beginning of main
11-13 00:13:46.681   911   932 D InputReader: InputReader:: requestRefreshConfiguration unlock 
11-13 00:13:46.681   911   932 D InputReader: InputReader:: requestRefreshConfiguration lock 
11-13 00:13:46.681   911   932 D InputReader: InputReader:: requestRefreshConfiguration unlock 
11-13 00:13:46.681   911   963 I InputReader: Reconfiguring input devices.  changes=0x00000004
11-13 00:13:46.681   911   963 I InputReader: Device reconfigured: id=1, name='mtk-tpd', size 720x1280, orientation 3, mode 1, display id 0
11-13 00:13:46.685   235   235 I BufferQueueProducer: [FrameBufferSurface_0](this:0x7f83f0e000,id:0,api:1,p:235,c:235) queueBuffer: fps=0.15 dur=123641.75 max=123196.95 min=13.61
11-13 00:13:46.688   911   911 E WifiTrafficPoller: TRAFFIC_STATS_POLL true Token 570 num clients 10
11-13 00:13:46.689   911   911 E WifiTrafficPoller:  packet count Tx=135729 Rx=183684
11-13 00:13:46.695 31121 31121 I art     : Rejecting re-init on previously-failed class java.lang.Class<com.android.webview.chromium.TokenBindingManagerAdapter>
11-13 00:13:46.696 31121 31121 I art     : Rejecting re-init on previously-failed class java.lang.Class<com.android.webview.chromium.TokenBindingManagerAdapter>
11-13 00:13:46.705 31121 31121 I art     : Rejecting re-init on previously-failed class java.lang.Class<com.android.webview.chromium.ServiceWorkerControllerAdapter>
11-13 00:13:46.705 31121 31121 I art     : Rejecting re-init on previously-failed class java.lang.Class<com.android.webview.chromium.ServiceWorkerControllerAdapter>
11-13 00:13:46.705   911  1462 D SettingsInterface:  from settings cache , name = selected_input_method_subtype , value = -921088104
11-13 00:13:46.707   911  1656 D InputReader: K_lock
11-13 00:13:46.707   911  1656 D InputReader: SK_Lock_r
11-13 00:13:46.707   911   925 D InputReader: K_lock
11-13 00:13:46.707   911   925 D InputReader: SK_Lock_r
11-13 00:13:46.707   235   235 I BufferQueueConsumer: [Starting com.computedsynergy.iot.home.remote](this:0x7f7e116000,id:2242,api:2,p:911,c:235) setDefaultBufferSize: width=1280 height=720
11-13 00:13:46.708   235   235 I BufferQueueConsumer: [StatusBar](this:0x7f80b0a800,id:6,api:1,p:1017,c:235) setDefaultBufferSize: width=1280 height=48
11-13 00:13:46.708   911   928 V WindowManager: Looking for focus: 11 = Window{d4591c8 u0 StatusBar}, flags=-2122055608, canReceive=false
11-13 00:13:46.709   911   928 V WindowManager: findFocusedWindow: No focusable windows.
11-13 00:13:46.710 31121 31121 V SettingsInterface: invalidate [global]: current 169 != cached 0
11-13 00:13:46.713   911   925 D ActivityManager: getContentProviderImpl: from caller=android.app.ApplicationThreadProxy@18dba77 (pid=31121, userId=0) to get content provider settings cpr=ContentProviderRecord{856a408 u0 com.android.providers.settings/.SettingsProvider}
11-13 00:13:46.713   911   925 D ActivityManager: getContentProviderImpl: updateLruProcessLocked cpr.proc=ProcessRecord{a1ba9eb 911:system/1000}
11-13 00:13:46.714   911   927 V ActivityManager: Broadcast: Intent { act=android.intent.action.CONFIGURATION_CHANGED flg=0x60000010 } ordered=false userid=-1 callerApp=null
11-13 00:13:46.714 31121 31121 D ActivityThread: holder:android.app.IActivityManager$ContentProviderHolder@f956eb6, holder.provider:android.content.ContentProviderProxy@11fc7b7
11-13 00:13:46.714   911   911 I Tethering: StateReceiver onReceive action:android.intent.action.CONFIGURATION_CHANGED
11-13 00:13:46.716  1017  1233 D vol.VolumeDialogControl: onReceive ACTION_CONFIGURATION_CHANGED
11-13 00:13:46.716  1392  1392 D PhoneApp: phone = Handler (com.android.internal.telephony.PhoneProxy) {6108753}
11-13 00:13:46.717  1017  1847 D vol.VolumeDialogControl.VC: setLayoutDirection
11-13 00:13:46.717  1017  1017 D SettingsInterface:  from settings cache , name = development_settings_enabled , value = 1
11-13 00:13:46.720 31121 31121 I cr_LibraryLoader: Time to load native libraries: 3 ms (timestamps 1497-1500)
11-13 00:13:46.721 31121 31121 I cr_LibraryLoader: Expected native library version number "54.0.2840.85", actual native library version number "54.0.2840.85"
11-13 00:13:46.723  1392  1392 D PhoneApp: phone = Handler (com.android.internal.telephony.PhoneProxy) {b771890}
11-13 00:13:46.724   235   235 I BufferQueueConsumer: [com.android.launcher3/com.android.launcher3.Launcher](this:0x7f7e122800,id:2241,api:1,p:-1,c:-1) disconnect(C)
11-13 00:13:46.724   235   235 I BufferQueue: [com.android.launcher3/com.android.launcher3.Launcher](this:0x7f7e122800,id:2241,api:1,p:-1,c:-1) ~BufferQueueCore
11-13 00:13:46.724   235   235 D GraphicBuffer: free, handle(0x7f83ec9460) (w:720 h:1280 s:720 f:0x1 u:0x000b00)
11-13 00:13:46.725   235   235 I [MALI][Gralloc]: [-]hnd(0x7f83ec9460), client(27), share_fd(50)
11-13 00:13:46.725  1017  1017 V PhoneStatusBar: configuration changed: {1.0 410mcc6mnc en_US ldltr sw360dp w640dp h336dp 320dpi nrml long land finger -keyb/v/h -nav/h s.109}
11-13 00:13:46.727  1017  1017 V PhoneStatusBar: updateResources
11-13 00:13:46.730  1017  1017 D ClockView: updateAmPmText() enters.
11-13 00:13:46.730  1017  1017 D ClockView: mAmString = AM mPmString = PM
11-13 00:13:46.730  1017  1017 D SettingsInterface:  from settings cache , name = time_12_24 , value = null
11-13 00:13:46.733  1017  1505 D NetworkController.MobileSignalController(1): updateTelephonySignalStrength: hasService=true ss=SignalStrength: 14 26 -120 -160 -6 0 -1 99 2147483647 -2147483647 2147483647 2147483647 2147483647 gsm|lte 1 -320 -45
11-13 00:13:46.737   235   437 I BufferQueueProducer: [Starting com.computedsynergy.iot.home.remote](this:0x7f7e116000,id:2242,api:2,p:911,c:235) new GraphicBuffer needed
11-13 00:13:46.738  1017  1505 D NetworkTypeUtils: getNetworkType: type=10
11-13 00:13:46.738  1017  1505 D NetworkTypeUtils: getNetworkTypeIcon iconId = 2130837883
11-13 00:13:46.738  1017  1505 D MobileSignalController: updateTelephony: connected = true, level = 4, subId = 1, slotId = 0, simCount = 2
11-13 00:13:46.741   911  5689 D SettingsInterface:  from settings cache , name = dialer_default_application , value = null
11-13 00:13:46.741   235   437 I [MALI][Gralloc]: [+]hnd(0x7f843de040), client(27), share_fd(45), hnd->flags:4
11-13 00:13:46.741   235   437 D GraphicBuffer: alloc, handle(0x7f843de040) (w:1280 h:720 s:1280 f:0x1 u:0x000933) err(0)
11-13 00:13:46.742   911   932 I [MALI][Gralloc]: [+]r_hnd(0x7f867e1680), client(114), share_fd(231)
11-13 00:13:46.742   911   932 D GraphicBuffer: register, handle(0x7f867e1680) (w:1280 h:720 s:1280 f:0x1 u:0x000933)
11-13 00:13:46.744   911  1622 D SettingsInterface:  from settings cache , name = selected_input_method_subtype , value = -921088104
11-13 00:13:46.745  1017  1017 D KeyguardUtils: getSubIdUsingPhoneId(phoneId = 0) = 1
11-13 00:13:46.745   911  1486 D SettingsInterface:  from settings cache , name = selected_input_method_subtype , value = -921088104
11-13 00:13:46.745  1017  1017 I EmergencyButton: subId = 1 , subIndex = 0
11-13 00:13:46.746  1017  1017 I EmergencyButton: ss.getState() = 0 ss.isEmergencyOnly()=false for simId=0
11-13 00:13:46.748 31121 31121 D WebView : WebView<init>
11-13 00:13:46.748 31121 31121 I cr_LibraryLoader: Expected native library version number "54.0.2840.85", actual native library version number "54.0.2840.85"
11-13 00:13:46.748  1017  1017 D KeyguardUtils: getSubIdUsingPhoneId(phoneId = 1) = -3
11-13 00:13:46.748  1017  1017 I EmergencyButton: subId = -3 , subIndex = 1
11-13 00:13:46.748 31121 31121 I chromium: [INFO:library_loader_hooks.cc(151)] Chromium logging enabled: level = 0, default verbosity = 0
11-13 00:13:46.749  1017  1017 I EmergencyButton: ss.getState() = 3 ss.isEmergencyOnly()=false for simId=1
11-13 00:13:46.749  1017  1017 D KeyguardSecurityModel: getSecurityMode() is called.
11-13 00:13:46.749  1017  1017 D KeyguardSecurityModel: isPinPukOrMeRequiredOfSubId() - phoneId = 0, simState = READY
11-13 00:13:46.749  1017  1017 D KeyguardSecurityModel: isPinPukOrMeRequiredOfSubId() - phoneId = 1, simState = ABSENT
11-13 00:13:46.749  1017  1017 D AntiTheftManager: getCurrentAntiTheftMode() is called.
11-13 00:13:46.750  1017  1017 D KeyguardSecurityModel: getSecurityMode() - security = 65536
11-13 00:13:46.751  1017  1017 D DefaultEmergencyButtonExt: showEccByServiceState i = 0 isServiceSupportEcc[i] = true
11-13 00:13:46.751  1017  1017 I EmergencyButton: mLocateAtNonSecureView = true
11-13 00:13:46.751  1017  1017 D DefaultEmergencyButtonExt: showEccInNonSecureUnlock return false
11-13 00:13:46.751  1017  1017 I EmergencyButton: ECC Button is located on Notification Keygaurd and OP do not ask to show. So this is a normal case ,we never show it.
11-13 00:13:46.751  1017  1017 I EmergencyButton: If the button is on NotificationKeyguard and will not show, we should just set it View.GONE to give more space to IndicationText.
11-13 00:13:46.752  1017  1017 V WallpaperService: Visibility change in com.android.systemui.ImageWallpaper$DrawableEngine@55f430d: 0
11-13 00:13:46.752  1017  1017 V WallpaperService: onVisibilityChanged(false): com.android.systemui.ImageWallpaper$DrawableEngine@55f430d
11-13 00:13:46.752  1017  1017 D ImageWallpaper: onVisibilityChanged: mVisible, visible=true, false
11-13 00:13:46.752  1017  1017 D ImageWallpaper: Visibility changed to visible=false
11-13 00:13:46.753  1017  1017 D ImageWallpaper: Rotation changed : 0 --> 3
11-13 00:13:46.753  1017  1017 D ImageWallpaper: mBackgroundWidth/Height: 1440/1280
11-13 00:13:46.753  1017  1017 D ImageWallpaper: surfaceWidth/Height: 1440/1280
11-13 00:13:46.753  1017  1017 D ImageWallpaper: Redrawing wallpaper
11-13 00:13:46.756  1017  1017 D Surface : Surface::connect(this=0x7faae64400,api=1)
11-13 00:13:46.757   235  7404 I BufferQueueProducer: [com.android.systemui.ImageWallpaper](this:0x7f7e121400,id:2092,api:1,p:1017,c:235) connect(P): api=1 producer=(1017:com.android.systemui) producerControlledByApp=true
11-13 00:13:46.757   239   523 E MAL-Daemon:  (     simmngr_cache_reply,  297) [SIM_MNGR]  297 EN_SIM:Non cache data request()!!
11-13 00:13:46.757   239   523 I MAL-Daemon:  (        simmngr_task_hdl, 1412) [SIM_MNGR] 1412 EN_SIM:atcmd = (AT+CMEE=1)
11-13 00:13:46.757   239   523 W MAL-Daemon:  (    mdfx_task_send_event,  636) mdfx_task_send_event(): [ACT] should NOT enter this leagcy API!!
11-13 00:13:46.757   239   498 D MAL-Daemon:  (         mdmngr_task_hdl,   36) mdmngr_task_hdl(), receive event = 101 (vendor/mediatek/proprietary/frameworks/opt/mal/entity/mdmngr/mdmngr.c:36)
11-13 00:13:46.757   239   498 D MAL-Daemon:  (         mdmngr_task_hdl,   67) EVENT_MDMNGR_ATCMD_REQ@MDMNGR, priv_data = f726ef00, channel = 3, cmd = (AT+CMEE=1) (vendor/mediatek/proprietary/frameworks/opt/mal/entity/mdmngr/mdmngr.c:67)
11-13 00:13:46.757   239   498 W MAL-Daemon:  (    mdfx_task_send_event,  636) mdfx_task_send_event(): [ACT] should NOT enter this leagcy API!!
11-13 00:13:46.757   239   522 E MAL-Daemon:  (void* rilproxy_task_hdl(,  439) rilproxy_task_hdl(), receive event = 401
11-13 00:13:46.757  1017  1017 W libEGL  : [ANDROID_RECORDABLE] format: 2
11-13 00:13:46.757   239   522 E MAL-Daemon:  (void* rilproxy_task_hdl(,  505) RILD is disconnected
11-13 00:13:46.758   239   498 D MAL-Daemon:  (         mdmngr_task_hdl,   36) mdmngr_task_hdl(), receive event = 102 (vendor/mediatek/proprietary/frameworks/opt/mal/entity/mdmngr/mdmngr.c:36)
11-13 00:13:46.758   239   498 D MAL-Daemon:  (         mdmngr_task_hdl,  115) EVENT_MDMNGR_ATCMD_RESP@MDMNGR (vendor/mediatek/proprietary/frameworks/opt/mal/entity/mdmngr/mdmngr.c:115)
11-13 00:13:46.758   239   498 D MAL-Daemon:  (         mdmngr_task_hdl,  122) event_req = f726ef00, ID = 101 (vendor/mediatek/proprietary/frameworks/opt/mal/entity/mdmngr/mdmngr.c:122)
11-13 00:13:46.758   239   498 D MAL-Daemon:  (         mdmngr_task_hdl,  125) atcmd_resp->priv_data = f726ea00 (vendor/mediatek/proprietary/frameworks/opt/mal/entity/mdmngr/mdmngr.c:125)
11-13 00:13:46.758   239   523 E MAL-Daemon:  (     simmngr_cache_reply,  297) [SIM_MNGR]  297 EN_SIM:Non cache data request()!!
11-13 00:13:46.758   239   523 I MAL-Daemon:  (        simmngr_task_hdl, 1434) [SIM_MNGR] 1434 EN_SIM:EVENT_MDMNGR_ATCMD_RESP,event_id = 222, event_req = 0xf726ea00, result = 5, str = ()
11-13 00:13:46.758   239   527 W MAL-Daemon:  (             simmngr_srv, 3503) [SIM_MNGR] 3503 EN_SIM:simmngr_srv() SIM SET CMEE FAIL,result=3,error code=100,continue to retry!!
11-13 00:13:46.759  1017  1017 D mali_winsys: new_window_surface returns 0x3000
